05-02 17:09:20.843  1150  1548 D SGM:GameManager: identifyGamePackage. com.magin.dongo_chat, mCurrentUserId: 0, callerUserId: 0, callingMethodInfo: com.samsung.android.game.SemGameManager.isGamePackage(SemGameManager.java:109)
05-02 17:09:20.843  1150  1548 D SGM:PkgDataHelper: getGamePkgData(). com.magin.dongo_chat
05-02 17:09:20.843  1150  1548 D SGM:SemGameManager: isGamePackage(), pkgName=com.magin.dongo_chat, ret=false
05-02 17:09:20.843  1150  1548 I Pageboost: appinfo : com.magin.dongo_chat 0 0 0 0
05-02 17:09:20.850  1150  1548 D SGM:GameManager: identifyGamePackage. com.magin.dongo_chat, mCurrentUserId: 0, callerUserId: 0, callingMethodInfo: com.samsung.android.game.SemGameManager.isGamePackage(SemGameManager.java:109)
05-02 17:09:20.850  1150  1548 D SGM:PkgDataHelper: getGamePkgData(). com.magin.dongo_chat
05-02 17:09:20.850  1150  1548 D SGM:SemGameManager: isGamePackage(), pkgName=com.magin.dongo_chat, ret=false
05-02 17:09:20.850  1150  1548 I Pageboost: Reset this app info : com.magin.dongo_chat 
05-02 17:09:20.862  1150  1150 W AlarmManager: Package com.magin.dongo_chat, uid 10491 lost permission to set exact alarms!
05-02 17:09:20.876  1150  1548 I Pageboost: add app to global @ runtime: com.magin.dongo_chat
05-02 17:09:20.897  1150  1492 D SGM:GameManager: identifyGamePackage. com.magin.dongo_chat, mCurrentUserId: 0, callerUserId: 0, callingMethodInfo: com.samsung.android.game.SemGameManager.isGamePackage(SemGameManager.java:109)
05-02 17:09:20.897  1150  1492 D SGM:PkgDataHelper: getGamePkgData(). com.magin.dongo_chat
05-02 17:09:20.897  1150  1492 D SGM:SemGameManager: isGamePackage(), pkgName=com.magin.dongo_chat, ret=false
05-02 17:09:21.747  1150  3781 I Pageboost: onAppLaunch : com.magin.dongo_chat
05-02 17:09:21.747  1150  1548 I Pageboost: Record App IO : com.magin.dongo_chat pid 0
05-02 17:09:21.753  1150  3781 V WindowManager: Collecting in transition 4176: ActivityRecord{321094f u0 com.magin.dongo_chat/.MainActivity, caller=com.android.server.wm.Transition.collect:759 com.android.server.wm.TransitionController.collect:928 com.android.server.wm.ActivityStarter.startActivityUnchecked:2376 com.android.server.wm.ActivityStarter.executeRequest:1953 com.android.server.wm.ActivityStarter.execute:1093 
05-02 17:09:21.753  1150  3781 D ActivityTaskManager: TaskLaunchParamsModifier:task=null activity=ActivityRecord{321094f u0 com.magin.dongo_chat/.MainActivity t-1} display-id=0 task-display-area-windowing-mode=1 suggested-display-area=DefaultTaskDisplayArea_d0@123887482
05-02 17:09:21.754  1150  3781 D ActivityTaskManager: TaskLaunchParamsModifier:task=null activity=ActivityRecord{321094f u0 com.magin.dongo_chat/.MainActivity t-1} display-id=0 task-display-area-windowing-mode=1 suggested-display-area=DefaultTaskDisplayArea_d0@123887482 non-freeform-task-display-area display-area=DefaultTaskDisplayArea_d0@123887482 default-portrait freeform-size-mismatch=Rect(81, 609 - 999, 1779)
05-02 17:09:21.756  1150  3781 D ActivityTaskManager: TaskLaunchParamsModifier:task=Task{80138dc #538 type=standard I=com.magin.dongo_chat/.MainActivity} activity=ActivityRecord{321094f u0 com.magin.dongo_chat/.MainActivity t-1} display-from-task=0 display-id=0 task-display-area-windowing-mode=1 suggested-display-area=DefaultTaskDisplayArea_d0@123887482 inherit-from-task=fullscreen non-freeform-task-display-area display-area=DefaultTaskDisplayArea_d0@123887482 default-portrait freeform-size-mismatch=Rect(81, 609 - 999, 1779)
05-02 17:09:21.757  1150  3781 V WindowManager: Collecting in transition 4176: Task{80138dc #538 type=standard I=com.magin.dongo_chat/.MainActivity}, caller=com.android.server.wm.Transition.collect:759 com.android.server.wm.Transition.collectExistenceChange:942 com.android.server.wm.TransitionController.collectExistenceChange:978 com.android.server.wm.ActivityStarter.setNewTask:4727 com.android.server.wm.ActivityStarter.startActivityInner:2944 
05-02 17:09:21.759  1150  3781 D ActivityTaskManager: Add starting ActivityRecord{321094f u0 com.magin.dongo_chat/.MainActivity t538}: typeParam=139 startingData=com.android.server.wm.SplashScreenStartingData@bc8c0ba
05-02 17:09:21.760  1150  3781 V WindowManager: Added starting ActivityRecord{321094f u0 com.magin.dongo_chat/.MainActivity t538}: startingWindow=null startingView=com.android.server.wm.StartingSurfaceController$StartingSurface@90eeb6b
05-02 17:09:21.761  1150  3781 V WindowManager: Collecting in transition 4176: ActivityRecord{321094f u0 com.magin.dongo_chat/.MainActivity t538}, caller=com.android.server.wm.Transition.collect:759 com.android.server.wm.Transition.collectExistenceChange:942 com.android.server.wm.TransitionController.collectExistenceChange:978 com.android.server.wm.ActivityStarter.handleStartResult:2557 com.android.server.wm.ActivityStarter.startActivityUnchecked:2384 
05-02 17:09:21.762  1150  3781 I ActivityTaskManager: START u0 {act=android.intent.action.MAIN cat=[android.intent.category.LAUNCHER] flg=0x30000000 cmp=com.magin.dongo_chat/.MainActivity (has extras)} with LAUNCH_SINGLE_TOP from uid 2000 (BAL_ALLOW_PERMISSION) result code=0
05-02 17:09:21.774  1150  3592 V WindowManager: Collecting in transition 4176: ActivityRecord{321094f u0 com.magin.dongo_chat/.MainActivity t538}, caller=com.android.server.wm.Transition.collect:759 com.android.server.wm.TransitionController.collect:928 com.android.server.wm.ActivityRecord.setVisibility:6338 com.android.server.wm.ActivityRecord.setVisibility:6290 com.android.server.wm.EnsureActivitiesVisibleHelper.makeVisibleAndRestartIfNeeded:335 
05-02 17:09:21.777  1150  1256 D WindowManager: prepareSync <SYNC_STATE_WAITING_FOR_DRAW>, mPrepareSyncSeqId=0, win=Window{65e6e0 u0 Splash Screen com.magin.dongo_chat}
05-02 17:09:21.777  1150  1256 V WindowManager: addWindow: ActivityRecord{321094f u0 com.magin.dongo_chat/.MainActivity t538} startingWindow=Window{65e6e0 u0 Splash Screen com.magin.dongo_chat}
05-02 17:09:21.777  1150  1185 I ActivityManager: Start proc 5986:com.magin.dongo_chat/u0a491 for next-top-activity {com.magin.dongo_chat/com.magin.dongo_chat.MainActivity}
05-02 17:09:21.778  1150  1256 D WindowManager: rotationForOrientation, orientationSource=ActivityRecord{321094f u0 com.magin.dongo_chat/.MainActivity t538}
05-02 17:09:21.778  1150  1256 D WindowManager: rotationForOrientation, orientationSource=ActivityRecord{321094f u0 com.magin.dongo_chat/.MainActivity t538}
05-02 17:09:21.785  1687  1783 V WindowManagerShell: Transition requested: android.os.BinderProxy@945d1ab TransitionRequestInfo { type = OPEN, triggerTask = TaskInfo{userId=0 taskId=538 displayId=0 isRunning=true baseIntent=Intent { act=android.intent.action.MAIN cat=[android.intent.category.LAUNCHER] flg=0x30000000 cmp=com.magin.dongo_chat/.MainActivity } baseActivity=ComponentInfo{com.magin.dongo_chat/com.magin.dongo_chat.MainActivity} topActivity=ComponentInfo{com.magin.dongo_chat/com.magin.dongo_chat.MainActivity} origActivity=null realActivity=ComponentInfo{com.magin.dongo_chat/com.magin.dongo_chat.MainActivity} numActivities=1 lastActiveTime=342310533 supportsMultiWindow=true resizeMode=1 isResizeable=true minWidth=-1 minHeight=-1 maxWidth=-1 maxHeight=-1 defaultMinSize=220 token=WCT{android.window.IWindowContainerToken$Stub$Proxy@dde9008} topActivityType=1 pictureInPictureParams=null shouldDockBigOverlays=false launchIntoPipHostTaskId=-1 lastParentTaskIdBeforePip=-1 displayCutoutSafeInsets=Rect(0, 89 - 0, 0) topActivityInfo=ActivityInfo{5d5f3a1 com.magin.dongo_chat.MainActivity} launchCookies=[] positionInParent=Point(0, 0) parentTaskId=-1 isFocused=false isVisible=false isVisibleRequested=false isSleeping=false topActivityInSizeCompat=false topActivityEligibleForLetterboxEducation= false topActivityLetterboxed= false isFromDoubleTap= false topActivityLetterboxVerticalPosition= -1 topActivityLetterboxHorizontalPosition= -1 topActivityLetterboxWidth=-1 topActivityLetterboxHeight=-1 locusId=null displayAreaFeatureId=1 cameraCompatControlState=hidden originallySupportedMultiWindow=true hasWallpaper=false topActivityInFixedAspectRatio=false rootAffinity=null topActivityInDisplayCompat=false topActivityInBoundsCompat=false topActivityBounds=null singleTapFromLetterbox=false isTopTaskInStage=false topActivityUiMode=33 CoverLauncherWidgetTask=false CoverScreenTask=false isAllowedSeamlessRotation=false isTopTransparentActivity=false hasPopOver=false}, remoteTransition = null, displayChange = null }
05-02 17:09:21.789  1150  3781 D WindowManager: makeSurface duration=1 name=Splash Screen com.magin.dongo_chat$_1687
05-02 17:09:21.791  1150  3781 D WindowManager: rotationForOrientation, orientationSource=ActivityRecord{321094f u0 com.magin.dongo_chat/.MainActivity t538}
05-02 17:09:21.791  1150  1519 D CoreBackPreview: Window{65e6e0 u0 Splash Screen com.magin.dongo_chat}: Setting back callback OnBackInvokedCallbackInfo{mCallback=android.window.IOnBackInvokedCallback$Stub$Proxy@dd7c93, mPriority=0, mIsAnimationCallback=false}
05-02 17:09:21.802  1150  3597 D WindowManager: finishDrawingWindow: Window{65e6e0 u0 Splash Screen com.magin.dongo_chat} mDrawState=DRAW_PENDING seqId=0
05-02 17:09:21.803  1150  3597 V WindowManager: Finishing drawing window Window{65e6e0 u0 Splash Screen com.magin.dongo_chat}: mDrawState=DRAW_PENDING
05-02 17:09:21.803  1150  3597 V WindowManager: Draw state now committed in Window{65e6e0 u0 Splash Screen com.magin.dongo_chat}
05-02 17:09:21.807  1150  1179 V WindowManager: performShowLocked: mDrawState=HAS_DRAWN in Window{65e6e0 u0 Splash Screen com.magin.dongo_chat}
05-02 17:09:21.811  1150  1179 V WindowManager: Start calculating TransitionInfo based on participants: {ActivityRecord{73347f u0 com.sec.android.app.launcher/.activities.LauncherActivity t85}, ActivityRecord{321094f u0 com.magin.dongo_chat/.MainActivity t538}, WallpaperWindowToken{396fb62 token=android.os.Binder@59dca2d}, Task{80138dc #538 type=standard I=com.magin.dongo_chat/.MainActivity}}
05-02 17:09:21.811  1150  1179 V WindowManager:   Final targets: [Task{80138dc #538 type=standard I=com.magin.dongo_chat/.MainActivity}, Task{d020d1b #1 type=home}]
05-02 17:09:21.814  1150  1179 V WindowManager:         {WCT{RemoteToken{8ff5118 Task{80138dc #538 type=standard I=com.magin.dongo_chat/.MainActivity}}} m=OPEN f=NONE leash=Surface(name=Task=538)/@0xcf04e8a sb=Rect(0, 0 - 1080, 2340) eb=Rect(0, 0 - 1080, 2340) d=0 dim=true inset=Rect(0, 91 - 0, 42)},
05-02 17:09:21.816  1150  1175 V WindowManager: Sent Transition #4176 createdAt=05-02 17:09:21.753 via request=TransitionRequestInfo { type = OPEN, triggerTask = TaskInfo{userId=0 taskId=538 displayId=0 isRunning=true baseIntent=Intent { act=android.intent.action.MAIN cat=[android.intent.category.LAUNCHER] flg=0x30000000 cmp=com.magin.dongo_chat/.MainActivity } baseActivity=ComponentInfo{com.magin.dongo_chat/com.magin.dongo_chat.MainActivity} topActivity=ComponentInfo{com.magin.dongo_chat/com.magin.dongo_chat.MainActivity} origActivity=null realActivity=ComponentInfo{com.magin.dongo_chat/com.magin.dongo_chat.MainActivity} numActivities=1 lastActiveTime=342310533 supportsMultiWindow=true resizeMode=1 isResizeable=true minWidth=-1 minHeight=-1 maxWidth=-1 maxHeight=-1 defaultMinSize=220 token=WCT{RemoteToken{8ff5118 Task{80138dc #538 type=standard I=com.magin.dongo_chat/.MainActivity}}} topActivityType=1 pictureInPictureParams=null shouldDockBigOverlays=false launchIntoPipHostTaskId=-1 lastParentTaskIdBeforePip=-1 displayCutoutSafeInsets=Rect(0, 89 - 0, 0) topActivityInfo=ActivityInfo{c8cc956 com.magin.dongo_chat.MainActivity} launchCookies=[] positionInParent=Point(0, 0) parentTaskId=-1 isFocused=false isVisible=false isVisibleRequested=false isSleeping=false topActivityInSizeCompat=false topActivityEligibleForLetterboxEducation= false topActivityLetterboxed= false isFromDoubleTap= false topActivityLetterboxVerticalPosition= -1 topActivityLetterboxHorizontalPosition= -1 topActivityLetterboxWidth=-1 topActivityLetterboxHeight=-1 locusId=null displayAreaFeatureId=1 cameraCompatControlState=hidden originallySupportedMultiWindow=true hasWallpaper=false topActivityInFixedAspectRatio=false rootAffinity=null topActivityInDisplayCompat=false topActivityInBoundsCompat=false topActivityBounds=null singleTapFromLetterbox=false isTopTaskInStage=false topActivityUiMode=33 CoverLauncherWidgetTask=false CoverScreenTask=false isAllowedSeamlessRotation=false isTopTransparentActivity=false hasPopOver=false}, remoteTransition = null, displayChange = null }
05-02 17:09:21.816  1150  1175 V WindowManager:         {WCT{RemoteToken{8ff5118 Task{80138dc #538 type=standard I=com.magin.dongo_chat/.MainActivity}}} m=OPEN f=NONE leash=Surface(name=Task=538)/@0xcf04e8a sb=Rect(0, 0 - 1080, 2340) eb=Rect(0, 0 - 1080, 2340) d=0 dim=true inset=Rect(0, 91 - 0, 42)},
05-02 17:09:21.819  1150  1179 D InsetsSourceProvider: updateControlForTarget: control=InsetsSourceControl: {53e90001 mType=navigationBars initiallyVisible mSurfacePosition=Point(0, 2205) mInsetsHint=Insets{left=0, top=0, right=0, bottom=42}}, target=Window{65e6e0 u0 Splash Screen com.magin.dongo_chat}, from=com.android.server.wm.InsetsStateController.onControlTargetChanged:358 com.android.server.wm.InsetsStateController.onBarControlTargetChanged:327 com.android.server.wm.InsetsPolicy.updateBarControlTarget:172 com.android.server.wm.InsetsPolicy.updateSystemBars:800 com.android.server.wm.DisplayPolicy.updateSystemBarsLw:3415 
05-02 17:09:21.820  1150  1179 D InsetsSourceProvider: updateControlForTarget: control=InsetsSourceControl: {d8280000 mType=statusBars initiallyVisible mSurfacePosition=Point(0, 0) mInsetsHint=Insets{left=0, top=91, right=0, bottom=0}}, target=Window{65e6e0 u0 Splash Screen com.magin.dongo_chat}, from=com.android.server.wm.InsetsStateController.onControlTargetChanged:358 com.android.server.wm.InsetsStateController.onBarControlTargetChanged:324 com.android.server.wm.InsetsPolicy.updateBarControlTarget:172 com.android.server.wm.InsetsPolicy.updateSystemBars:800 com.android.server.wm.DisplayPolicy.updateSystemBarsLw:3415 
05-02 17:09:21.821  1150  1179 D WindowManager: updateSystemBarAttributes: displayId=0, win=Window{65e6e0 u0 Splash Screen com.magin.dongo_chat}, navColorWin=Window{65e6e0 u0 Splash Screen com.magin.dongo_chat}, focusedCanBeNavColorWin=false, behavior=1, appearance=0, statusBarAppearanceRegions=[AppearanceRegion{ bounds=[0,0][1080,2340]}], requestedVisibilities=-9, from=com.android.server.wm.DisplayPolicy.finishPostLayoutPolicyLw:2310 com.android.server.wm.DisplayContent.applySurfaceChangesTransaction:6121 com.android.server.wm.RootWindowContainer.applySurfaceChangesTransaction:1179 
05-02 17:09:21.846  1150  3781 D WindowManager: rotationForOrientation, orientationSource=ActivityRecord{321094f u0 com.magin.dongo_chat/.MainActivity t538}
05-02 17:09:21.847  1150  3781 D SGM:PkgDataHelper: notifyAppCreate(), pkgName: com.magin.dongo_chat, userId: 0, sendRet: true
05-02 17:09:21.847  1150  3781 D SGM:FgCheckThread:   sendRunningComponentFocus(), pkgName: com.magin.dongo_chat, userId: 0
05-02 17:09:21.850  1150  3781 D SGM:FgCheckThread:   sendRunningComponentFocus(), pkgName: com.magin.dongo_chat, userId: 0
05-02 17:09:21.851  1150  3781 D ActivityTaskManager: scheduleTopResumedActivityChanged, onTop=true, r=ActivityRecord{321094f u0 com.magin.dongo_chat/.MainActivity t538}, caller=com.android.server.wm.ActivityTaskSupervisor.scheduleTopResumedActivityStateIfNeeded:2857 com.android.server.wm.ActivityTaskSupervisor.updateTopResumedActivityIfNeeded:2849 com.android.server.wm.TaskFragment.setResumedActivity:578 com.android.server.wm.TaskFragment.onActivityStateChanged:902 com.android.server.wm.ActivityRecord.setState:6801 com.android.server.wm.Task.minimalResumeActivityLocked:6171 
05-02 17:09:21.851  1150  3781 D WindowManagerServiceExt: notifyOccludeChangeNotice: cn=ComponentInfo{com.magin.dongo_chat/com.magin.dongo_chat.MainActivity} occludesParent=true isInSplitScreenMode=false styleFloating=false caller=com.android.server.wm.ActivityRecord.completeResumeLocked:7442 com.android.server.wm.Task.minimalResumeActivityLocked:6172 com.android.server.wm.ActivityTaskSupervisor.realStartActivityLocked:1158 com.android.server.wm.RootWindowContainer$AttachApplicationHelper.test:4325 com.android.server.wm.RootWindowContainer$AttachApplicationHelper.test:4261 
05-02 17:09:21.873  1150  1334 D SGM:FgCheckThread: onLooperPrepared(), msg: MSG_APP_CREATE, pkgName: com.magin.dongo_chat, userId: 0
05-02 17:09:21.873  1150  1334 D SGM:FgCheckThread: onLooperPrepared(), msg: MSG_TASK_FOCUSED, pkgName: com.magin.dongo_chat, userId: 0
05-02 17:09:21.873  1150  1334 D SGM:FgCheckThread:   handleTaskFocused(), pkgName: com.magin.dongo_chat, userID:0
05-02 17:09:21.874  1150  1334 D SGM:FgCheckThread:   handleResume(). pkgName: com.magin.dongo_chat, userId: 0, isTunableApp: null
05-02 17:09:21.874  1150  1334 D SGM:FgCheckThread: notifyFocusInOut(). of pkg: com.magin.dongo_chat, type: 4, isTunableApp: false, userId: 0
05-02 17:09:21.876  1150  1178 D SGM:FgCheckThread: noteResumeComponent(), received pkgName: com.magin.dongo_chat, userId: 0
05-02 17:09:21.879  1150  1334 D SGM:FgCheckThread: onLooperPrepared(), msg: MSG_APP_RESUME, pkgName: com.magin.dongo_chat, userid: 0
05-02 17:09:21.879  1150  1334 D SGM:FgCheckThread:   handleResume(). pkgName: com.magin.dongo_chat, userId: 0, isTunableApp: null
05-02 17:09:21.879  1150  1334 D SGM:FgCheckThread: notifyFocusInOut(). of pkg: com.magin.dongo_chat, type: 4, isTunableApp: false, userId: 0
05-02 17:09:21.888  1150  1178 D SGM:GameManager: identifyGamePackage. com.magin.dongo_chat, mCurrentUserId: 0, callerUserId: 0, callingMethodInfo: com.samsung.android.game.SemGameManager.isGamePackage(SemGameManager.java:109)
05-02 17:09:21.888  1150  1178 D SGM:PkgDataHelper: getGamePkgData(). com.magin.dongo_chat
05-02 17:09:21.888  1150  1178 D SGM:SemGameManager: isGamePackage(), pkgName=com.magin.dongo_chat, ret=false
05-02 17:09:21.895  1150  1178 I GameSDK@LifeCycle: noteResumeComponent(): package name  : com.magin.dongo_chat
05-02 17:09:21.992  1150  1176 D SGM:GameManager: identifyGamePackage. com.magin.dongo_chat, mCurrentUserId: 0, callerUserId: 0, callingMethodInfo: com.samsung.android.game.SemGameManager.isGamePackage(SemGameManager.java:109)
05-02 17:09:21.992  1150  1176 D SGM:PkgDataHelper: getGamePkgData(). com.magin.dongo_chat
05-02 17:09:21.992  1150  1176 D SGM:SemGameManager: isGamePackage(), pkgName=com.magin.dongo_chat, ret=false
05-02 17:09:21.992  1150  1176 D MnxbService: onForegroundActivitiesChanged: uid 10491 pid 5986 AppName com.magin.dongo_chat, is game package false
05-02 17:09:21.993  1150  1176 D SGM:GameManager: identifyGamePackage. com.magin.dongo_chat, mCurrentUserId: 0, callerUserId: 0, callingMethodInfo: com.samsung.android.game.SemGameManager.isGamePackage(SemGameManager.java:109)
05-02 17:09:21.993  1150  1176 D SGM:PkgDataHelper: getGamePkgData(). com.magin.dongo_chat
05-02 17:09:21.993  1150  1176 D SGM:SemGameManager: isGamePackage(), pkgName=com.magin.dongo_chat, ret=false
05-02 17:09:22.119  1150  1407 D MdnieScenarioControlService:  packageName : com.magin.dongo_chat    className : com.magin.dongo_chat.MainActivity
05-02 17:09:23.280  1150  2653 I AppsFilter: interaction: PackageSetting{256fe25 com.magin.dongo_chat/10491} -> PackageSetting{758deeb com.google.android.inputmethod.latin/10465} BLOCKED
05-02 17:09:23.577  1150  3596 D CoreBackPreview: Window{287a30a u0 com.magin.dongo_chat/com.magin.dongo_chat.MainActivity}: Setting back callback OnBackInvokedCallbackInfo{mCallback=android.window.IOnBackInvokedCallback$Stub$Proxy@300e525, mPriority=0, mIsAnimationCallback=false}
05-02 17:09:23.578  1150  3596 D WindowManager: makeSurface duration=1 name=com.magin.dongo_chat/com.magin.dongo_chat.MainActivity$_5986
05-02 17:09:23.580  1150  3596 V WindowManager: Changing focus from null to Window{287a30a u0 com.magin.dongo_chat/com.magin.dongo_chat.MainActivity} displayId=0 Callers=com.android.server.wm.RootWindowContainer.updateFocusedWindowLocked:577 com.android.server.wm.WindowManagerService.updateFocusedWindowLocked:6871 com.android.server.wm.WindowManagerService.relayoutWindow:2753 com.android.server.wm.Session.relayout:282 
05-02 17:09:23.581  1150  3596 D InsetsSourceProvider: updateControlForTarget: control=InsetsSourceControl: {53e90001 mType=navigationBars initiallyVisible mSurfacePosition=Point(0, 2205) mInsetsHint=Insets{left=0, top=0, right=0, bottom=42}}, target=Window{287a30a u0 com.magin.dongo_chat/com.magin.dongo_chat.MainActivity}, from=com.android.server.wm.InsetsStateController.onControlTargetChanged:358 com.android.server.wm.InsetsStateController.onBarControlTargetChanged:327 com.android.server.wm.InsetsPolicy.updateBarControlTarget:172 com.android.server.wm.InsetsPolicy.updateSystemBars:800 com.android.server.wm.DisplayPolicy.updateSystemBarsLw:3415 
05-02 17:09:23.583  1150  3596 D InsetsSourceProvider: updateControlForTarget: control=InsetsSourceControl: {d8280000 mType=statusBars initiallyVisible mSurfacePosition=Point(0, 0) mInsetsHint=Insets{left=0, top=91, right=0, bottom=0}}, target=Window{287a30a u0 com.magin.dongo_chat/com.magin.dongo_chat.MainActivity}, from=com.android.server.wm.InsetsStateController.onControlTargetChanged:358 com.android.server.wm.InsetsStateController.onBarControlTargetChanged:324 com.android.server.wm.InsetsPolicy.updateBarControlTarget:172 com.android.server.wm.InsetsPolicy.updateSystemBars:800 com.android.server.wm.DisplayPolicy.updateSystemBarsLw:3415 
05-02 17:09:24.084  1150  1178 D SGM:GameManager: identifyForegroundApp. com.magin.dongo_chat, mCurrentUserId: 0, callerUserId: 0
05-02 17:09:24.084  1150  1178 D SGM:PkgDataHelper: getGamePkgData(). com.magin.dongo_chat
05-02 17:09:24.441  1150  1183 I SGM:GameManager: PkgUpdateReceiver, onPackageAdded : com.magin.dongo_chat userHandle : UserHandle{0} userId : 0
05-02 17:09:24.441  1150  1335 D SGM:GosNotifyThread: notifyPackageChangedToGos(), before send intent to GOS. type:15, changeType: 0, pkgName:com.magin.dongo_chat, userHandleId:0
05-02 17:09:24.441  1150  1335 I SGM:GosNotifyThread: notifyPackageChangedToGos(), category from pm: com.magin.dongo_chat, [-1/-1]
05-02 17:09:24.464  1150  1183 D MetaDataCollector: onReceive: done pkgName=com.magin.dongo_chat
05-02 17:09:24.791  1150  1183 I SGM:GameManager: PkgUpdateReceiver, onPackageReplaced : com.magin.dongo_chat userID : UserHandle{0}
05-02 17:09:24.791  1150  1183 D MetaDataCollector: onReceive: done pkgName=com.magin.dongo_chat
05-02 17:09:24.791  1150  1335 D SGM:GosNotifyThread: notifyPackageChangedToGos(), before send intent to GOS. type:15, changeType: 8, pkgName:com.magin.dongo_chat, userHandleId:0
05-02 17:09:24.791  1150  1335 I SGM:GosNotifyThread: notifyPackageChangedToGos(), category from pm: com.magin.dongo_chat, [-1/-1]
05-02 17:09:27.042  1150  1548 I Pageboost: db update :com.magin.dongo_chat ret 1
05-02 17:09:27.105  1150  1548 I Pageboost: memUsage collected : 237400 49060 7684 for com.magin.dongo_chat 5986
05-02 17:09:27.275  1150  1572 D WindowManager: finishDrawingWindow: Window{287a30a u0 com.magin.dongo_chat/com.magin.dongo_chat.MainActivity} mDrawState=DRAW_PENDING seqId=0
05-02 17:09:27.277  1150  1179 V WindowManager: Finish starting ActivityRecord{321094f u0 com.magin.dongo_chat/.MainActivity t538}: first real window is shown, no animation
05-02 17:09:27.277  1150  1179 V WindowManager: Schedule remove starting ActivityRecord{321094f u0 com.magin.dongo_chat/.MainActivity t538} startingWindow=Window{65e6e0 u0 Splash Screen com.magin.dongo_chat} animate=true Callers=com.android.server.wm.ActivityRecord.removeStartingWindow:3450 com.android.server.wm.ActivityRecord.onFirstWindowDrawn:7883 com.android.server.wm.WindowState.performShowLocked:5306 com.android.server.wm.WindowStateAnimator.commitFinishDrawingLocked:280 com.android.server.wm.DisplayContent.lambda$new$8:1293 
05-02 17:09:27.278  1150  1179 D TaskOrganizerController: applyStartingWindowAnimation, window=Window{287a30a u0 com.magin.dongo_chat/com.magin.dongo_chat.MainActivity}, caller=com.android.server.wm.TaskOrganizerController.removeStartingWindow:780 com.android.server.wm.StartingSurfaceController$StartingSurface.remove:292 com.android.server.wm.ActivityRecord.removeStartingWindowAnimation:3530 
05-02 17:09:27.278  1150  1179 I WindowManager: Reparenting to leash, surface=Surface(name=287a30a com.magin.dongo_chat/com.magin.dongo_chat.MainActivity)/@0xead483e, leashParent=Surface(name=ActivityRecord{321094f u0 com.magin.dongo_chat/.MainActivity t538})/@0xd1950f5
05-02 17:09:27.279  1150  1179 D WindowManager: makeSurface duration=1 leash=Surface(name=Surface(name=287a30a com.magin.dongo_chat/com.magin.dongo_chat.MainActivity)/@0xead483e - animation-leash of starting_reveal)/@0x9bed69f
05-02 17:09:27.279  1150  1179 V WindowManager: performShowLocked: mDrawState=HAS_DRAWN in Window{287a30a u0 com.magin.dongo_chat/com.magin.dongo_chat.MainActivity}
05-02 17:09:27.329  1150  1175 I Pageboost: Launch time gathered : pid 5986 com.magin.dongo_chat 5532
05-02 17:09:27.347  1150  3781 D CoreBackPreview: Window{65e6e0 u0 Splash Screen com.magin.dongo_chat}: Setting back callback null
05-02 17:09:27.347  1150  1572 D WindowManager: Starting window removed Window{65e6e0 u0 Splash Screen com.magin.dongo_chat}
05-02 17:09:27.347  1150  1572 I WindowManager: Cancelling animation restarting=false, leash=Surface(name=Surface(name=287a30a com.magin.dongo_chat/com.magin.dongo_chat.MainActivity)/@0xead483e - animation-leash of starting_reveal)/@0x9bed69f
05-02 17:09:27.347  1150  1572 I WindowManager: Reparenting to original parent: Surface(name=ActivityRecord{321094f u0 com.magin.dongo_chat/.MainActivity t538})/@0xd1950f5, destroy=false, surface=Surface(name=287a30a com.magin.dongo_chat/com.magin.dongo_chat.MainActivity)/@0xead483e
05-02 17:09:27.348  1150  1572 V WindowManager: Remove Window{65e6e0 u0 Splash Screen com.magin.dongo_chat}: mSurfaceController=Surface(name=Splash Screen com.magin.dongo_chat$_1687)/@0x353f57d mAnimatingExit=false mRemoveOnExit=false mHasSurface=true surfaceShowing=false animating=false app-animation=false mDisplayFrozen=false callers=com.android.server.wm.WindowManagerService.removeWindow:2146 com.android.server.wm.Session.remove:257 android.view.IWindowSession$Stub.onTransact:747 com.android.server.wm.Session.onTransact:204 android.os.Binder.execTransactInternal:1380 android.os.Binder.execTransact:1311 
05-02 17:09:27.348  1150  1572 I WindowManager: Destroying surface Surface(name=Splash Screen com.magin.dongo_chat$_1687)/@0x353f57d called by com.android.server.wm.WindowStateAnimator.destroySurface:799 com.android.server.wm.WindowStateAnimator.destroySurfaceLocked:472 com.android.server.wm.WindowState.removeImmediately:2923 com.android.server.wm.WindowState.removeIfPossible:3191 com.android.server.wm.WindowManagerService.removeWindow:2146 com.android.server.wm.Session.remove:257 android.view.IWindowSession$Stub.onTransact:747 com.android.server.wm.Session.onTransact:204 
05-02 17:09:27.356  1150  1176 D ScreenCurtainController: onForegroundActivitiesChanged: com.magin.dongo_chat
05-02 17:09:27.362  1150  3781 W PackageConfigPersister: App-specific configuration not found for packageName: com.magin.dongo_chat and userId: 0
05-02 17:09:27.363  1150  2618 D InsetsSourceProvider: updateControlForTarget: control=InsetsSourceControl: {3 mType=ime mSurfacePosition=Point(0, 91) mInsetsHint=Insets{left=0, top=0, right=0, bottom=968}}, target=Window{287a30a u0 com.magin.dongo_chat/com.magin.dongo_chat.MainActivity}, from=com.android.server.wm.ImeInsetsSourceProvider.updateControlForTarget:164 com.android.server.wm.InsetsStateController.onControlTargetChanged:358 com.android.server.wm.InsetsStateController.onImeControlTargetChanged:302 com.android.server.wm.DisplayContent.updateImeControlTarget:5718 com.android.server.wm.DisplayContent.updateImeInputAndControlTarget:5678 
05-02 17:09:27.481  1150  1407 D MdnieScenarioControlService:  packageName : com.magin.dongo_chat    className : com.magin.dongo_chat.MainActivity
05-02 17:09:27.863  1150  1178 D SGM:GameManager: identifyForegroundApp. com.magin.dongo_chat, mCurrentUserId: 0, callerUserId: 0
05-02 17:09:27.863  1150  1178 D SGM:PkgDataHelper: getGamePkgData(). com.magin.dongo_chat
05-02 17:09:29.988  1150  2618 D SGM:GameManager: identifyForegroundApp. com.magin.dongo_chat, mCurrentUserId: 0, callerUserId: 0
05-02 17:09:29.989  1150  2618 D SGM:PkgDataHelper: getGamePkgData(). com.magin.dongo_chat
05-02 17:09:32.454  1150  1407 D MdnieScenarioControlService:  packageName : com.magin.dongo_chat    className : com.magin.dongo_chat.MainActivity
05-02 17:09:32.821  1150  1207 D ActivityTaskManager: scheduleTopResumedActivityChanged, onTop=false, r=ActivityRecord{321094f u0 com.magin.dongo_chat/.MainActivity t538}, caller=com.android.server.wm.ActivityTaskSupervisor.updateTopResumedActivityIfNeeded:2826 com.android.server.wm.TaskFragment.setResumedActivity:578 com.android.server.wm.TaskFragment.onActivityStateChanged:887 com.android.server.wm.ActivityRecord.setState:6801 com.android.server.wm.TaskFragment.startPausing:2003 com.android.server.wm.TaskFragment.startPausing:1947 
05-02 17:09:32.829  1150  4139 V WindowManager: Changing focus from Window{287a30a u0 com.magin.dongo_chat/com.magin.dongo_chat.MainActivity} to null displayId=0 Callers=com.android.server.wm.RootWindowContainer.updateFocusedWindowLocked:577 com.android.server.wm.WindowManagerService.updateFocusedWindowLocked:6871 com.android.server.wm.ActivityRecord.commitVisibility:6611 com.android.server.wm.ActivityRecord.commitVisibility:6622 
05-02 17:09:32.830  1150  4139 V WindowManager: Setting visibility of Window{287a30a u0 com.magin.dongo_chat/com.magin.dongo_chat.MainActivity}: false, caller=com.android.server.wm.WindowContainer.sendAppVisibilityToClients:1301 com.android.server.wm.WindowToken.setClientVisible:446 com.android.server.wm.ActivityRecord.setClientVisible:8111 com.android.server.wm.ActivityRecord.postApplyAnimation:6675 com.android.server.wm.ActivityRecord.commitVisibility:6618 
05-02 17:09:32.849  1150  1178 D SGM:FgCheckThread: notePauseComponent(), received pkgName: com.magin.dongo_chat, userId: 0
05-02 17:09:33.233  1150  3638 E WindowManager: win=Window{287a30a u0 com.magin.dongo_chat/com.magin.dongo_chat.MainActivity} destroySurfaces: appStopped=true cleanupOnResume=false win.mWindowRemovalAllowed=false win.mRemoveOnExit=false win.mViewVisibility=8 caller=com.android.server.wm.ActivityRecord.destroySurfaces:6942 com.android.server.wm.ActivityRecord.destroySurfaces:6923 com.android.server.wm.ActivityRecord.activityStopped:7623 com.android.server.wm.ActivityClientController.activityStopped:321 android.app.IActivityClientController$Stub.onTransact:702 com.android.server.wm.ActivityClientController.onTransact:186 android.os.Binder.execTransactInternal:1380 
05-02 17:09:33.233  1150  3638 I WindowManager: Destroying surface Surface(name=com.magin.dongo_chat/com.magin.dongo_chat.MainActivity$_5986)/@0xd7a03ab called by com.android.server.wm.WindowStateAnimator.destroySurface:799 com.android.server.wm.WindowStateAnimator.destroySurfaceLocked:472 com.android.server.wm.WindowState.destroySurfaceUnchecked:4178 com.android.server.wm.WindowState.destroySurface:4152 com.android.server.wm.ActivityRecord.destroySurfaces:6942 com.android.server.wm.ActivityRecord.destroySurfaces:6923 com.android.server.wm.ActivityRecord.activityStopped:7623 com.android.server.wm.ActivityClientController.activityStopped:321 
05-02 17:09:33.387  1150  3596 D SGM:GameManager: identifyForegroundApp. com.magin.dongo_chat, mCurrentUserId: 0, callerUserId: 0
05-02 17:09:33.387  1150  3596 D SGM:PkgDataHelper: getGamePkgData(). com.magin.dongo_chat
05-02 17:09:50.167  1150  3632 V WindowManager: Collecting in transition 4178: ActivityRecord{321094f u0 com.magin.dongo_chat/.MainActivity t538}, caller=com.android.server.wm.Transition.collect:759 com.android.server.wm.TransitionController.collect:928 com.android.server.wm.ActivityRecord.setVisibility:6338 com.android.server.wm.ActivityRecord.setVisibility:6290 com.android.server.wm.TaskFragment.resumeTopActivity:1730 
05-02 17:09:50.167  1150  3632 D WindowManager: prepareSync <SYNC_STATE_WAITING_FOR_DRAW>, mPrepareSyncSeqId=0, win=Window{287a30a u0 com.magin.dongo_chat/com.magin.dongo_chat.MainActivity}
05-02 17:09:50.167  1150  3632 V WindowManager: Setting visibility of Window{287a30a u0 com.magin.dongo_chat/com.magin.dongo_chat.MainActivity}: true, caller=com.android.server.wm.WindowContainer.sendAppVisibilityToClients:1301 com.android.server.wm.WindowToken.setClientVisible:446 com.android.server.wm.ActivityRecord.setClientVisible:8111 com.android.server.wm.ActivityRecord.setVisibility:6441 com.android.server.wm.ActivityRecord.setVisibility:6290 
05-02 17:09:50.167  1150  3632 D ActivityTaskManager: scheduleTopResumedActivityChanged, onTop=true, r=ActivityRecord{321094f u0 com.magin.dongo_chat/.MainActivity t538}, caller=com.android.server.wm.ActivityTaskSupervisor.scheduleTopResumedActivityStateIfNeeded:2857 com.android.server.wm.ActivityTaskSupervisor.updateTopResumedActivityIfNeeded:2849 com.android.server.wm.TaskFragment.setResumedActivity:578 com.android.server.wm.TaskFragment.onActivityStateChanged:902 com.android.server.wm.ActivityRecord.setState:6801 com.android.server.wm.TaskFragment.resumeTopActivity:1745 
05-02 17:09:50.168  1150  3632 D WindowManager: rotationForOrientation, orientationSource=ActivityRecord{321094f u0 com.magin.dongo_chat/.MainActivity t538}
05-02 17:09:50.168  1150  3632 D WindowManager: rotationForOrientation, orientationSource=ActivityRecord{321094f u0 com.magin.dongo_chat/.MainActivity t538}
05-02 17:09:50.168  1150  3632 D WindowManager: rotationForOrientation, orientationSource=ActivityRecord{321094f u0 com.magin.dongo_chat/.MainActivity t538}
05-02 17:09:50.170  1150  3632 V WindowManager: Collecting in transition 4178: ActivityRecord{321094f u0 com.magin.dongo_chat/.MainActivity t538}, caller=com.android.server.wm.Transition.collect:759 com.android.server.wm.TransitionController.collect:928 com.android.server.wm.ActivityRecord.setVisibility:6338 com.android.server.wm.ActivityRecord.setVisibility:6290 com.android.server.wm.ActivityRecord.completeResumeLocked:7385 
05-02 17:09:50.171  1150  3632 D WindowManager: rotationForOrientation, orientationSource=ActivityRecord{321094f u0 com.magin.dongo_chat/.MainActivity t538}
05-02 17:09:50.171  1150  3632 D ActivityTaskManager: Add starting ActivityRecord{321094f u0 com.magin.dongo_chat/.MainActivity t538}: typeParam=62 startingData=com.android.server.wm.SnapshotStartingData@ef98314
05-02 17:09:50.171  1150  3632 V WindowManager: Added starting ActivityRecord{321094f u0 com.magin.dongo_chat/.MainActivity t538}: startingWindow=null startingView=com.android.server.wm.StartingSurfaceController$StartingSurface@ba517bd
05-02 17:09:50.178  1150  1179 D WindowManager: SyncGroup 4178:  Unfinished container: ActivityRecord{321094f u0 com.magin.dongo_chat/.MainActivity t538} mSyncState=2
05-02 17:09:50.187  1150  1519 V WindowManager: addWindow: ActivityRecord{321094f u0 com.magin.dongo_chat/.MainActivity t538} startingWindow=Window{f8b66fe u0 SnapshotStartingWindow for taskId=538}
05-02 17:09:50.189  1150  3632 D WindowManager: SyncGroup 4178:  Unfinished container: ActivityRecord{321094f u0 com.magin.dongo_chat/.MainActivity t538} mSyncState=2
05-02 17:09:50.190  1150  1178 D SGM:FgCheckThread: noteResumeComponent(), received pkgName: com.magin.dongo_chat, userId: 0
05-02 17:09:50.192  1150  1179 D WindowManager: SyncGroup 4178:  Unfinished container: ActivityRecord{321094f u0 com.magin.dongo_chat/.MainActivity t538} mSyncState=2
05-02 17:09:50.196  1150  1334 D SGM:FgCheckThread: onLooperPrepared(), msg: MSG_APP_RESUME, pkgName: com.magin.dongo_chat, userid: 0
05-02 17:09:50.207  1150  4220 D WindowManager: SyncGroup 4178:  Unfinished container: ActivityRecord{321094f u0 com.magin.dongo_chat/.MainActivity t538} mSyncState=2
05-02 17:09:50.211  1150  1170 D WindowManager: makeSurface duration=1 name=com.magin.dongo_chat/com.magin.dongo_chat.MainActivity$_5986
05-02 17:09:50.212  1150  1170 D WindowManager: SyncGroup 4178:  Unfinished container: ActivityRecord{321094f u0 com.magin.dongo_chat/.MainActivity t538} mSyncState=2
05-02 17:09:50.220  1150  3632 D WindowManager: SyncGroup 4178:  Unfinished container: ActivityRecord{321094f u0 com.magin.dongo_chat/.MainActivity t538} mSyncState=2
05-02 17:09:50.222  1150  1572 V WindowManager: Start calculating TransitionInfo based on participants: {ActivityRecord{321094f u0 com.magin.dongo_chat/.MainActivity t538}}
05-02 17:09:50.222  1150  1572 V WindowManager:   Final targets: [Task{80138dc #538 type=standard I=com.magin.dongo_chat/.MainActivity}, DefaultTaskDisplayArea_d0@123887482]
05-02 17:09:50.224  1150  1572 V WindowManager:         {WCT{RemoteToken{8ff5118 Task{80138dc #538 type=standard I=com.magin.dongo_chat/.MainActivity}}} m=TO_FRONT f=NONE p=WCT{RemoteToken{f90f0bd DefaultTaskDisplayArea_d0@123887482}} leash=Surface(name=Task=538)/@0xcf04e8a sb=Rect(0, 0 - 1080, 2340) eb=Rect(0, 0 - 1080, 2340) d=0 inset=Rect(0, 91 - 0, 42)},
05-02 17:09:50.225  1150  1572 D InsetsSourceProvider: updateFakeControlTarget: fakeControl=InsetsSourceControl: {53e90001 mType=navigationBars mSurfacePosition=Point(0, 0) mInsetsHint=Insets{left=0, top=0, right=0, bottom=0}}, fakeTarget=Window{287a30a u0 com.magin.dongo_chat/com.magin.dongo_chat.MainActivity}
05-02 17:09:50.225  1150  1572 D InsetsSourceProvider: updateFakeControlTarget: fakeControl=InsetsSourceControl: {d8280000 mType=statusBars mSurfacePosition=Point(0, 0) mInsetsHint=Insets{left=0, top=0, right=0, bottom=0}}, fakeTarget=Window{287a30a u0 com.magin.dongo_chat/com.magin.dongo_chat.MainActivity}
05-02 17:09:50.226  1150  1175 V WindowManager:         {WCT{RemoteToken{8ff5118 Task{80138dc #538 type=standard I=com.magin.dongo_chat/.MainActivity}}} m=TO_FRONT f=NONE p=WCT{RemoteToken{f90f0bd DefaultTaskDisplayArea_d0@123887482}} leash=Surface(name=Task=538)/@0xcf04e8a sb=Rect(0, 0 - 1080, 2340) eb=Rect(0, 0 - 1080, 2340) d=0 inset=Rect(0, 91 - 0, 42)},
05-02 17:09:50.228  1150  1572 V WindowManager: Changing focus from Window{71b8b41 u0 NotificationShade} to Window{287a30a u0 com.magin.dongo_chat/com.magin.dongo_chat.MainActivity} displayId=0 Callers=com.android.server.wm.RootWindowContainer.updateFocusedWindowLocked:577 com.android.server.wm.WindowManagerService.updateFocusedWindowLocked:6871 com.android.server.wm.WindowManagerService.relayoutWindow:2753 com.android.server.wm.Session.relayout:282 
05-02 17:09:50.229  1150  1572 D InsetsSourceProvider: updateControlForTarget: control=InsetsSourceControl: {53e90001 mType=navigationBars mSurfacePosition=Point(0, 2205) mInsetsHint=Insets{left=0, top=0, right=0, bottom=42}}, target=Window{287a30a u0 com.magin.dongo_chat/com.magin.dongo_chat.MainActivity}, from=com.android.server.wm.InsetsStateController.onControlTargetChanged:358 com.android.server.wm.InsetsStateController.onBarControlTargetChanged:327 com.android.server.wm.InsetsPolicy.updateBarControlTarget:172 com.android.server.wm.InsetsPolicy.updateSystemBars:800 com.android.server.wm.DisplayPolicy.updateSystemBarsLw:3415 
05-02 17:09:50.231  1150  1572 D InsetsSourceProvider: updateControlForTarget: control=InsetsSourceControl: {d8280000 mType=statusBars initiallyVisible mSurfacePosition=Point(0, 0) mInsetsHint=Insets{left=0, top=91, right=0, bottom=0}}, target=Window{287a30a u0 com.magin.dongo_chat/com.magin.dongo_chat.MainActivity}, from=com.android.server.wm.InsetsStateController.onControlTargetChanged:358 com.android.server.wm.InsetsStateController.onBarControlTargetChanged:324 com.android.server.wm.InsetsPolicy.updateBarControlTarget:172 com.android.server.wm.InsetsPolicy.updateSystemBars:800 com.android.server.wm.DisplayPolicy.updateSystemBarsLw:3415 
05-02 17:09:50.232  1150  1572 D WindowManager: updateSystemBarAttributes: displayId=0, win=Window{287a30a u0 com.magin.dongo_chat/com.magin.dongo_chat.MainActivity}, navColorWin=null, focusedCanBeNavColorWin=false, behavior=1, appearance=0, statusBarAppearanceRegions=[AppearanceRegion{ bounds=[0,0][1080,2340]}], requestedVisibilities=-9, from=com.android.server.wm.DisplayPolicy.focusChangedLw:2937 com.android.server.wm.DisplayContent.updateFocusedWindowLocked:4885 com.android.server.wm.RootWindowContainer.updateFocusedWindowLocked:577 
05-02 17:09:50.233  1150  1178 I GameSDK@LifeCycle: noteResumeComponent(): package name  : com.magin.dongo_chat
05-02 17:09:50.236  1150  1179 D InsetsSourceProvider: updateVisibility: serverVisible=true, clientVisible=true, source=InsetsSource: {53e90001 mType=navigationBars mFrame=[0,2298][1080,2340] mVisible=true mFlags=[SUPPRESS_SCRIM]}, controlTarget=Window{287a30a u0 com.magin.dongo_chat/com.magin.dongo_chat.MainActivity}, from=com.android.server.wm.InsetsSourceProvider.setClientVisible:606 com.android.server.wm.InsetsSourceProvider.updateClientVisibility:593 com.android.server.wm.InsetsStateController.onInsetsModified:275 com.android.server.wm.InsetsStateController.lambda$notifyPendingInsetsControlChanged$3:434 com.android.server.wm.InsetsStateController.$r8$lambda$8yykPRG1GyNq_J17QvL9d5xANMc:0 com.android.server.wm.InsetsStateController$$ExternalSyntheticLambda2.run:0 com.android.server.wm.WindowAnimator.executeAfterPrepareSurfacesRunnables:294 com.android.server.wm.WindowAnimator.animate:202 com.android.server.wm.WindowAnimator.lambda$new$1:99 com.android.server.wm.WindowAnimator.$r8$lambda$aHNu1uhcqxihX5NZc4McDDQPAyw:0 
05-02 17:09:50.256  1150  1176 D WindowManager: rotationForOrientation, orientationSource=ActivityRecord{321094f u0 com.magin.dongo_chat/.MainActivity t538}
05-02 17:09:50.338  1150  3632 D WindowManager: finishDrawingWindow: Window{287a30a u0 com.magin.dongo_chat/com.magin.dongo_chat.MainActivity} mDrawState=DRAW_PENDING seqId=0
05-02 17:09:50.340  1150  3779 V WindowManager: Finish starting ActivityRecord{321094f u0 com.magin.dongo_chat/.MainActivity t538}: first real window is shown, no animation
05-02 17:09:50.340  1150  3779 V WindowManager: Schedule remove starting ActivityRecord{321094f u0 com.magin.dongo_chat/.MainActivity t538} startingWindow=Window{f8b66fe u0 SnapshotStartingWindow for taskId=538} animate=false Callers=com.android.server.wm.ActivityRecord.removeStartingWindow:3450 com.android.server.wm.ActivityRecord.onFirstWindowDrawn:7883 com.android.server.wm.WindowState.performShowLocked:5306 com.android.server.wm.WindowStateAnimator.commitFinishDrawingLocked:280 com.android.server.wm.DisplayContent.lambda$new$8:1293 
05-02 17:09:50.340  1150  3779 V WindowManager: performShowLocked: mDrawState=HAS_DRAWN in Window{287a30a u0 com.magin.dongo_chat/com.magin.dongo_chat.MainActivity}
05-02 17:09:50.345  1150  1176 D WindowManager: rotationForOrientation, orientationSource=ActivityRecord{321094f u0 com.magin.dongo_chat/.MainActivity t538}
05-02 17:09:50.375  1150  1176 D WindowManager: rotationForOrientation, orientationSource=ActivityRecord{321094f u0 com.magin.dongo_chat/.MainActivity t538}
05-02 17:09:50.435  1150  3638 D WindowManager: finishDrawingWindow: Window{287a30a u0 com.magin.dongo_chat/com.magin.dongo_chat.MainActivity} mDrawState=HAS_DRAWN seqId=0
05-02 17:09:50.447  1150  2291 I WindowManager: Reparenting to leash, surface=Surface(name=f8b66fe SnapshotStartingWindow for taskId=538)/@0x511a63f, leashParent=Surface(name=ActivityRecord{321094f u0 com.magin.dongo_chat/.MainActivity t538})/@0xd1950f5
05-02 17:09:50.493  1150  2291 W PackageConfigPersister: App-specific configuration not found for packageName: com.magin.dongo_chat and userId: 0
05-02 17:09:50.598  1150  1176 D WindowManager: rotationForOrientation, orientationSource=ActivityRecord{321094f u0 com.magin.dongo_chat/.MainActivity t538}
05-02 17:09:50.606  1150  1179 I WindowManager: Reparenting to original parent: Surface(name=ActivityRecord{321094f u0 com.magin.dongo_chat/.MainActivity t538})/@0xd1950f5, destroy=true, surface=Surface(name=f8b66fe SnapshotStartingWindow for taskId=538)/@0x511a63f
05-02 17:09:50.678  1150  1176 D WindowManager: rotationForOrientation, orientationSource=ActivityRecord{321094f u0 com.magin.dongo_chat/.MainActivity t538}
05-02 17:09:50.758  1150  1176 D WindowManager: rotationForOrientation, orientationSource=ActivityRecord{321094f u0 com.magin.dongo_chat/.MainActivity t538}
05-02 17:09:50.777  1150  1150 D MdnieScenarioControlService:  packageName : com.magin.dongo_chat    className : com.magin.dongo_chat.MainActivity
05-02 17:09:50.801  1150  1334 D SGM:FgCheckThread:   handleUserPresent(). resume signal is needed for com.magin.dongo_chat
05-02 17:09:50.984  1150  1178 D SGM:GameManager: identifyForegroundApp. com.magin.dongo_chat, mCurrentUserId: 0, callerUserId: 0
05-02 17:09:50.984  1150  3779 D SGM:GameManager: identifyGamePackage. com.magin.dongo_chat, mCurrentUserId: 0, callerUserId: 0, callingMethodInfo: com.samsung.android.game.IGameManagerService$Stub.onTransact(IGameManagerService.java:233)
05-02 17:09:50.984  1150  1178 D SGM:PkgDataHelper: getGamePkgData(). com.magin.dongo_chat
05-02 17:09:50.984  1150  3779 D SGM:PkgDataHelper: getGamePkgData(). com.magin.dongo_chat
05-02 17:09:51.240  1150  1176 D WindowManager: rotationForOrientation, orientationSource=ActivityRecord{321094f u0 com.magin.dongo_chat/.MainActivity t538}
05-02 17:09:51.384  1150  3779 V WindowManager: Transition 4179: Set Task{80138dc #538 type=standard I=com.magin.dongo_chat/.MainActivity} as transient-hidden-task, caller=com.android.server.wm.Transition.$r8$lambda$CjoHzkGzNeU_fFxE5qPacUPUYJY:0 com.android.server.wm.Transition$$ExternalSyntheticLambda1.test:0 com.android.server.wm.Task.forAllTasks:4026 
05-02 17:09:51.384  1150  3779 V WindowManager: Collecting in transition 4179: Task{80138dc #538 type=standard I=com.magin.dongo_chat/.MainActivity}, caller=com.android.server.wm.Transition.collect:759 com.android.server.wm.Transition.lambda$setTransientLaunch$0:462 com.android.server.wm.Transition.$r8$lambda$CjoHzkGzNeU_fFxE5qPacUPUYJY:0 com.android.server.wm.Transition$$ExternalSyntheticLambda1.test:0 com.android.server.wm.Task.forAllTasks:4026 
05-02 17:09:51.388  1150  3779 D ActivityTaskManager: scheduleTopResumedActivityChanged, onTop=false, r=ActivityRecord{321094f u0 com.magin.dongo_chat/.MainActivity t538}, caller=com.android.server.wm.ActivityTaskSupervisor.updateTopResumedActivityIfNeeded:2826 com.android.server.wm.TaskDisplayArea.positionChildTaskAt:567 com.android.server.wm.TaskDisplayArea.positionChildAt:483 com.android.server.wm.WindowContainer.positionChildAt:989 com.android.server.wm.Task.positionChildAt:3297 com.android.server.wm.Task.moveToFront:6056 
05-02 17:09:51.406  1150  1572 V WindowManager: Start calculating TransitionInfo based on participants: {ActivityRecord{73347f u0 com.sec.android.app.launcher/.activities.LauncherActivity t85}, WallpaperWindowToken{396fb62 token=android.os.Binder@59dca2d}, Task{70f0495 #85 type=home I=com.sec.android.app.launcher/.activities.LauncherActivity}, Task{80138dc #538 type=standard I=com.magin.dongo_chat/.MainActivity}, TransientLaunchOverlayToken{94e13ab token=android.os.BinderProxy@4e661fa}, Task{d020d1b #1 type=home}}
05-02 17:09:51.406  1150  1572 V WindowManager:   Final targets: [TransientLaunchOverlayToken{94e13ab token=android.os.BinderProxy@4e661fa}, Task{d020d1b #1 type=home}, Task{80138dc #538 type=standard I=com.magin.dongo_chat/.MainActivity}]
05-02 17:09:51.409  1150  1572 V WindowManager:         {WCT{RemoteToken{8ff5118 Task{80138dc #538 type=standard I=com.magin.dongo_chat/.MainActivity}}} m=TO_BACK f=EDGE_EXTENSION_RESTRICTION leash=Surface(name=Task=538)/@0xcf04e8a sb=Rect(0, 0 - 1080, 2340) eb=Rect(0, 0 - 1080, 2340) d=0 dim=true inset=Rect(0, 91 - 0, 42)}
05-02 17:09:51.416  1150  1175 V WindowManager:         {WCT{RemoteToken{8ff5118 Task{80138dc #538 type=standard I=com.magin.dongo_chat/.MainActivity}}} m=TO_BACK f=EDGE_EXTENSION_RESTRICTION leash=Surface(name=Task=538)/@0xcf04e8a sb=Rect(0, 0 - 1080, 2340) eb=Rect(0, 0 - 1080, 2340) d=0 dim=true inset=Rect(0, 91 - 0, 42)}
05-02 17:09:51.419  1150  1176 D WindowManager: requestTransientBars: swipeTarget=Window{242b631 u0 NavigationBar0}, controlTarget=Window{287a30a u0 com.magin.dongo_chat/com.magin.dongo_chat.MainActivity}, canShowTransient=false, restorePositionTypes=0x3, from=com.android.server.wm.DisplayPolicy$1.onSwipeFromBottom:596 com.android.server.wm.SystemGesturesPointerEventListener.onPointerEvent:269 
05-02 17:09:51.477  1150  3779 V WindowManager: Changing focus from Window{287a30a u0 com.magin.dongo_chat/com.magin.dongo_chat.MainActivity} to Window{acf6a0f u0 com.sec.android.app.launcher/com.sec.android.app.launcher.activities.LauncherActivity} displayId=0 Callers=com.android.server.wm.RootWindowContainer.updateFocusedWindowLocked:577 com.android.server.wm.WindowManagerService.updateFocusedWindowLocked:6871 com.android.server.wm.ActivityTaskManagerService.setLastResumedActivityUncheckLocked:6123 com.android.server.wm.ActivityTaskManagerService.setFocusedTask:2769 
05-02 17:09:52.244  1150  2291 V WindowManager: Setting visibility of Window{287a30a u0 com.magin.dongo_chat/com.magin.dongo_chat.MainActivity}: false, caller=com.android.server.wm.WindowContainer.sendAppVisibilityToClients:1301 com.android.server.wm.WindowToken.setClientVisible:446 com.android.server.wm.ActivityRecord.setClientVisible:8111 com.android.server.wm.ActivityRecord.postApplyAnimation:6675 com.android.server.wm.ActivityRecord.commitVisibility:6618 
05-02 17:09:52.261  1150  1178 D SGM:FgCheckThread: notePauseComponent(), received pkgName: com.magin.dongo_chat, userId: 0
