05-02 17:16:25.405  1150  1175 V WindowManager: Sent Transition #4197 createdAt=05-02 17:16:25.326 via request=TransitionRequestInfo { type = CLOSE, triggerTask = TaskInfo{userId=0 taskId=540 displayId=0 isRunning=false baseIntent=Intent { act=android.intent.action.MAIN cat=[android.intent.category.LAUNCHER] flg=0x10200000 cmp=com.magin.dongo_chat/.MainActivity } baseActivity=null topActivity=null origActivity=null realActivity=ComponentInfo{com.magin.dongo_chat/com.magin.dongo_chat.MainActivity} numActivities=0 lastActiveTime=342714648 supportsMultiWindow=true resizeMode=1 isResizeable=true minWidth=-1 minHeight=-1 maxWidth=-1 maxHeight=-1 defaultMinSize=220 token=WCT{RemoteToken{5378e99 Task{79749ee #540 type=standard I=com.magin.dongo_chat/.MainActivity}}} topActivityType=1 pictureInPictureParams=null shouldDockBigOverlays=false launchIntoPipHostTaskId=-1 lastParentTaskIdBeforePip=-1 displayCutoutSafeInsets=Rect(0, 89 - 0, 0) topActivityInfo=null launchCookies=[android.os.BinderProxy@cd46b8b] positionInParent=Point(0, 0) parentTaskId=-1 isFocused=true isVisible=true isVisibleRequested=true isSleeping=false topActivityInSizeCompat=false topActivityEligibleForLetterboxEducation= false topActivityLetterboxed= false isFromDoubleTap= false topActivityLetterboxVerticalPosition= -1 topActivityLetterboxHorizontalPosition= -1 topActivityLetterboxWidth=-1 topActivityLetterboxHeight=-1 locusId=null displayAreaFeatureId=1 cameraCompatControlState=hidden originallySupportedMultiWindow=true hasWallpaper=false topActivityInFixedAspectRatio=false rootAffinity=null topActivityInDisplayCompat=false topActivityInBoundsCompat=false topActivityBounds=null singleTapFromLetterbox=false isTopTaskInStage=false CoverLauncherWidgetTask=false CoverScreenTask=false isAllowedSeamlessRotation=false isTopTransparentActivity=true hasPopOver=false}, remoteTransition = null, displayChange = null }
05-02 17:16:25.405  1150  1175 V WindowManager:         {WCT{RemoteToken{5378e99 Task{79749ee #540 type=standard I=com.magin.dongo_chat/.MainActivity}}} m=CLOSE f=EDGE_EXTENSION_RESTRICTION leash=Surface(name=Task=540)/@0x2d485e3 sb=Rect(0, 0 - 1080, 2340) eb=Rect(0, 0 - 1080, 2340) d=0 inset=Rect(0, 0 - 0, 0)},
05-02 17:16:25.440  1150  1179 W WindowManager: Failed to deliver inset control state change to w=Window{c046cce u0 com.magin.dongo_chat/com.magin.dongo_chat.MainActivity}
05-02 17:16:25.455  1150  1572 I WindowManager: WIN DEATH: Window{c046cce u0 com.magin.dongo_chat/com.magin.dongo_chat.MainActivity}
05-02 17:16:25.455  1150  2291 V ActivityManager: Got obituary of 7020:com.magin.dongo_chat
05-02 17:16:25.455  1150  1572 V WindowManager: Remove Window{c046cce u0 com.magin.dongo_chat/com.magin.dongo_chat.MainActivity}: mSurfaceController=Surface(name=com.magin.dongo_chat/com.magin.dongo_chat.MainActivity$_7020)/@0xc5ef7f7 mAnimatingExit=false mRemoveOnExit=false mHasSurface=true surfaceShowing=true animating=false app-animation=false mDisplayFrozen=false callers=com.android.server.wm.WindowState$DeathRecipient.binderDied:3663 android.os.IBinder$DeathRecipient.binderDied:325 android.os.BinderProxy.sendDeathNotice:781 <bottom of call stack> <bottom of call stack> <bottom of call stack> 
05-02 17:16:25.934  1150  1910 V WindowManager: Setting visibility of Window{c046cce u0 com.magin.dongo_chat/com.magin.dongo_chat.MainActivity EXITING}: false, caller=com.android.server.wm.WindowContainer.sendAppVisibilityToClients:1301 com.android.server.wm.WindowToken.setClientVisible:446 com.android.server.wm.ActivityRecord.setClientVisible:8111 com.android.server.wm.ActivityRecord.postApplyAnimation:6675 com.android.server.wm.ActivityRecord.commitVisibility:6618 
05-02 17:16:25.934  1150  1910 W WindowManager: Exception thrown during dispatchAppVisibility Window{c046cce u0 com.magin.dongo_chat/com.magin.dongo_chat.MainActivity EXITING}
05-02 17:16:25.935  1150  1910 V WindowManager: Remove Window{c046cce u0 com.magin.dongo_chat/com.magin.dongo_chat.MainActivity EXITING}: mSurfaceController=Surface(name=com.magin.dongo_chat/com.magin.dongo_chat.MainActivity$_7020)/@0xc5ef7f7 mAnimatingExit=true mRemoveOnExit=true mHasSurface=true surfaceShowing=true animating=false app-animation=false mDisplayFrozen=false callers=com.android.server.wm.WindowToken.removeAllWindowsIfPossible:258 com.android.server.wm.ActivityRecord.removeIfPossible:5152 com.android.server.wm.ActivityRecord.handleCompleteDeferredRemoval:5159 com.android.server.wm.WindowContainer.handleCompleteDeferredRemoval:1476 com.android.server.wm.TaskFragment.handleCompleteDeferredRemoval:3407 com.android.server.wm.WindowContainer.handleCompleteDeferredRemoval:1476 
05-02 17:16:25.937  1150  1910 V WindowManager: Remove Window{c046cce u0 com.magin.dongo_chat/com.magin.dongo_chat.MainActivity EXITING}: mSurfaceController=Surface(name=com.magin.dongo_chat/com.magin.dongo_chat.MainActivity$_7020)/@0xc5ef7f7 mAnimatingExit=true mRemoveOnExit=true mHasSurface=true surfaceShowing=false animating=false app-animation=false mDisplayFrozen=false callers=com.android.server.wm.WindowToken.removeAllWindowsIfPossible:258 com.android.server.wm.ActivityRecord.removeIfPossible:5152 com.android.server.wm.ActivityRecord.onRemovedFromDisplay:5234 com.android.server.wm.ActivityRecord.removeImmediately:5142 com.android.server.wm.ActivityRecord.removeIfPossible:5153 com.android.server.wm.ActivityRecord.handleCompleteDeferredRemoval:5159 
05-02 17:16:25.937  1150  1910 I WindowManager: Destroying surface Surface(name=com.magin.dongo_chat/com.magin.dongo_chat.MainActivity$_7020)/@0xc5ef7f7 called by com.android.server.wm.WindowStateAnimator.destroySurface:799 com.android.server.wm.WindowStateAnimator.destroySurfaceLocked:472 com.android.server.wm.WindowState.removeImmediately:2923 com.android.server.wm.WindowState.removeIfPossible:3191 com.android.server.wm.WindowToken.removeAllWindowsIfPossible:258 com.android.server.wm.ActivityRecord.removeIfPossible:5152 com.android.server.wm.ActivityRecord.onRemovedFromDisplay:5234 com.android.server.wm.ActivityRecord.removeImmediately:5142 
05-02 17:16:33.340  1150  2291 D SGM:GameManager: identifyForegroundApp. com.magin.dongo_chat, mCurrentUserId: 0, callerUserId: 0
05-02 17:16:33.341  1150  2291 D SGM:PkgDataHelper: getGamePkgData(). com.magin.dongo_chat
05-02 17:16:53.565  1150  1224 I PackageManager:           pkg{com.magin.dongo_chat}
05-02 17:16:53.689  1150  1184 I ActivityManager: Force stopping com.magin.dongo_chat appid=10491 user=-1: installPackageLI
05-02 17:16:53.691  1150  1223 I PackageManager: Update package com.magin.dongo_chat code path from /data/app/~~XKPpnZywPlNdLjjGeN9lKg==/com.magin.dongo_chat-hACCAmVcpFNB4zSwb2qLBw== to /data/app/~~jV1R3LahjiIQ08bsOjAhmA==/com.magin.dongo_chat-l985iRkuC8zIepGcjjY_ug==; Retain data and using new
05-02 17:16:53.693  1150  1223 I AppsFilter: interaction: PackageSetting{ee996e5 com.example.pokerogueoffline/10447} -> PackageSetting{55f0a83 com.magin.dongo_chat/10491} BLOCKED
05-02 17:16:53.693  1150  1223 I AppsFilter: interaction: PackageSetting{5ec7c62 top.onara.ui/10398} -> PackageSetting{55f0a83 com.magin.dongo_chat/10491} BLOCKED
05-02 17:16:53.694  1150  1223 I AppsFilter: interaction: PackageSetting{ee996e5 com.example.pokerogueoffline/10447} -> PackageSetting{be1cf1d com.magin.dongo_chat/10491} BLOCKED
05-02 17:16:53.694  1150  1223 I AppsFilter: interaction: PackageSetting{5ec7c62 top.onara.ui/10398} -> PackageSetting{be1cf1d com.magin.dongo_chat/10491} BLOCKED
05-02 17:16:54.348  1150  1223 D PackageManager: isLocaleOptimizedPackage() -  Non optimized app: com.magin.dongo_chat. Proceed with normal install
05-02 17:16:54.349  1150  1223 I AppsFilter: interaction: PackageSetting{ee996e5 com.example.pokerogueoffline/10447} -> PackageSetting{be1cf1d com.magin.dongo_chat/10491} BLOCKED
05-02 17:16:54.349  1150  1223 I AppsFilter: interaction: PackageSetting{5ec7c62 top.onara.ui/10398} -> PackageSetting{be1cf1d com.magin.dongo_chat/10491} BLOCKED
05-02 17:16:54.403  1150  1223 I ActivityManager: Force stopping com.magin.dongo_chat appid=10491 user=0: pkg removed
05-02 17:16:54.455  1150  1258 D OverlayManager: reconcileSettingsForPackage pkgName=com.magin.dongo_chat userId=0
05-02 17:16:54.455  1150  1258 I OverlayManager: updateOverlaysForTarget() called with: targetPackage = [com.magin.dongo_chat], userId = [0], flags = [2]
05-02 17:16:54.478  1150  1183 I SGM:GameManager: PkgUpdateReceiver, onPackageRemoved : com.magin.dongo_chat userHandle : UserHandle{0} userID : 0
05-02 17:16:54.480  1150  1335 D SGM:GosNotifyThread: notifyPackageChangedToGos(), before send intent to GOS. type:15, changeType: 1, pkgName:com.magin.dongo_chat, userHandleId:0
05-02 17:16:54.502  1150  1258 D OverlayManager: reconcileSettingsForPackage pkgName=com.magin.dongo_chat userId=0
05-02 17:16:54.502  1150  1258 I OverlayManager: updateOverlaysForTarget() called with: targetPackage = [com.magin.dongo_chat], userId = [0], flags = [0]
05-02 17:16:54.511  1150  1344 W PackageConfigPersister: App-specific configuration not found for packageName: com.magin.dongo_chat and userId: 0
05-02 17:16:54.526  1150  1183 D MetaDataCollector: onReceive: done pkgName=com.magin.dongo_chat
05-02 17:16:54.527  1150  1183 D LauncherAppsService: Calling onPackageRemoved: com.magin.dongo_chat, EXTRA_REPLACING: true
05-02 17:16:54.671  1150  1150 I Telecom : CarModeTracker: Package com.magin.dongo_chat is not tracked.: SSH.oR@t7Q
05-02 17:16:54.693  1150  1548 I Pageboost: remove app @ runtime : com.magin.dongo_chat
05-02 17:16:54.701  1150  1150 D SGM:GameManager: identifyGamePackage. com.magin.dongo_chat, mCurrentUserId: 0, callerUserId: 0, callingMethodInfo: com.samsung.android.game.SemGameManager.isGamePackage(SemGameManager.java:109)
05-02 17:16:54.701  1150  1150 D SGM:PkgDataHelper: getGamePkgData(). com.magin.dongo_chat
05-02 17:16:54.701  1150  1150 D SGM:SemGameManager: isGamePackage(), pkgName=com.magin.dongo_chat, ret=false
05-02 17:16:54.703  1150  1492 D SGM:GameManager: identifyGamePackage. com.magin.dongo_chat, mCurrentUserId: 0, callerUserId: 0, callingMethodInfo: com.samsung.android.game.SemGameManager.isGamePackage(SemGameManager.java:109)
05-02 17:16:54.703  1150  1492 D SGM:PkgDataHelper: getGamePkgData(). com.magin.dongo_chat
05-02 17:16:54.703  1150  1492 D SGM:SemGameManager: isGamePackage(), pkgName=com.magin.dongo_chat, ret=false
05-02 17:16:54.722  1150  1150 I Telecom:SamsungOpenCommunicationPlatformPolicyPackageBroadcastReceiver: action : android.intent.action.PACKAGE_ADDED / packageName : com.magin.dongo_chat
05-02 17:16:54.730  1150  1548 D SGM:GameManager: identifyGamePackage. com.magin.dongo_chat, mCurrentUserId: 0, callerUserId: 0, callingMethodInfo: com.samsung.android.game.SemGameManager.isGamePackage(SemGameManager.java:109)
05-02 17:16:54.730  1150  1548 D SGM:PkgDataHelper: getGamePkgData(). com.magin.dongo_chat
05-02 17:16:54.730  1150  1548 D SGM:SemGameManager: isGamePackage(), pkgName=com.magin.dongo_chat, ret=false
05-02 17:16:54.730  1150  1548 I Pageboost: appinfo : com.magin.dongo_chat 0 0 0 0
05-02 17:16:54.730  1150  1548 D SGM:GameManager: identifyGamePackage. com.magin.dongo_chat, mCurrentUserId: 0, callerUserId: 0, callingMethodInfo: com.samsung.android.game.SemGameManager.isGamePackage(SemGameManager.java:109)
05-02 17:16:54.730  1150  1548 D SGM:PkgDataHelper: getGamePkgData(). com.magin.dongo_chat
05-02 17:16:54.730  1150  1548 D SGM:SemGameManager: isGamePackage(), pkgName=com.magin.dongo_chat, ret=false
05-02 17:16:54.731  1150  1548 I Pageboost: Reset this app info : com.magin.dongo_chat 
05-02 17:16:54.748  1150  1492 D SGM:GameManager: identifyGamePackage. com.magin.dongo_chat, mCurrentUserId: 0, callerUserId: 0, callingMethodInfo: com.samsung.android.game.SemGameManager.isGamePackage(SemGameManager.java:109)
05-02 17:16:54.748  1150  1492 D SGM:PkgDataHelper: getGamePkgData(). com.magin.dongo_chat
05-02 17:16:54.748  1150  1492 D SGM:SemGameManager: isGamePackage(), pkgName=com.magin.dongo_chat, ret=false
05-02 17:16:54.760  1150  1150 W AlarmManager: Package com.magin.dongo_chat, uid 10491 lost permission to set exact alarms!
05-02 17:16:54.803  1150  1548 I Pageboost: add app to global @ runtime: com.magin.dongo_chat
05-02 17:16:55.929  1150  4220 I Pageboost: onAppLaunch : com.magin.dongo_chat
05-02 17:16:55.929  1150  1548 I Pageboost: Record App IO : com.magin.dongo_chat pid 0
05-02 17:16:55.935  1150  4220 V WindowManager: Collecting in transition 4198: ActivityRecord{86428ac u0 com.magin.dongo_chat/.MainActivity, caller=com.android.server.wm.Transition.collect:759 com.android.server.wm.TransitionController.collect:928 com.android.server.wm.ActivityStarter.startActivityUnchecked:2376 com.android.server.wm.ActivityStarter.executeRequest:1953 com.android.server.wm.ActivityStarter.execute:1093 
05-02 17:16:55.935  1150  4220 D ActivityTaskManager: TaskLaunchParamsModifier:task=null activity=ActivityRecord{86428ac u0 com.magin.dongo_chat/.MainActivity t-1} display-id=0 task-display-area-windowing-mode=1 suggested-display-area=DefaultTaskDisplayArea_d0@123887482
05-02 17:16:55.935  1150  4220 D ActivityTaskManager: TaskLaunchParamsModifier:task=null activity=ActivityRecord{86428ac u0 com.magin.dongo_chat/.MainActivity t-1} display-id=0 task-display-area-windowing-mode=1 suggested-display-area=DefaultTaskDisplayArea_d0@123887482 non-freeform-task-display-area display-area=DefaultTaskDisplayArea_d0@123887482 default-portrait freeform-size-mismatch=Rect(81, 609 - 999, 1779)
05-02 17:16:55.938  1150  4220 D ActivityTaskManager: TaskLaunchParamsModifier:task=Task{811e975 #541 type=standard I=com.magin.dongo_chat/.MainActivity} activity=ActivityRecord{86428ac u0 com.magin.dongo_chat/.MainActivity t-1} display-from-task=0 display-id=0 task-display-area-windowing-mode=1 suggested-display-area=DefaultTaskDisplayArea_d0@123887482 inherit-from-task=fullscreen non-freeform-task-display-area display-area=DefaultTaskDisplayArea_d0@123887482 default-portrait freeform-size-mismatch=Rect(81, 609 - 999, 1779)
05-02 17:16:55.938  1150  4220 V WindowManager: Collecting in transition 4198: Task{811e975 #541 type=standard I=com.magin.dongo_chat/.MainActivity}, caller=com.android.server.wm.Transition.collect:759 com.android.server.wm.Transition.collectExistenceChange:942 com.android.server.wm.TransitionController.collectExistenceChange:978 com.android.server.wm.ActivityStarter.setNewTask:4727 com.android.server.wm.ActivityStarter.startActivityInner:2944 
05-02 17:16:55.941  1150  4220 D ActivityTaskManager: Add starting ActivityRecord{86428ac u0 com.magin.dongo_chat/.MainActivity t541}: typeParam=139 startingData=com.android.server.wm.SplashScreenStartingData@faf397b
05-02 17:16:55.941  1150  4220 V WindowManager: Added starting ActivityRecord{86428ac u0 com.magin.dongo_chat/.MainActivity t541}: startingWindow=null startingView=com.android.server.wm.StartingSurfaceController$StartingSurface@1412398
05-02 17:16:55.942  1150  4220 V WindowManager: Collecting in transition 4198: ActivityRecord{86428ac u0 com.magin.dongo_chat/.MainActivity t541}, caller=com.android.server.wm.Transition.collect:759 com.android.server.wm.Transition.collectExistenceChange:942 com.android.server.wm.TransitionController.collectExistenceChange:978 com.android.server.wm.ActivityStarter.handleStartResult:2557 com.android.server.wm.ActivityStarter.startActivityUnchecked:2384 
05-02 17:16:55.942  1150  4220 I ActivityTaskManager: START u0 {act=android.intent.action.MAIN cat=[android.intent.category.LAUNCHER] flg=0x30000000 cmp=com.magin.dongo_chat/.MainActivity (has extras)} with LAUNCH_SINGLE_TOP from uid 2000 (BAL_ALLOW_PERMISSION) result code=0
05-02 17:16:55.943  1687  1783 V WindowManagerShell: Transition requested: android.os.BinderProxy@2169dca TransitionRequestInfo { type = OPEN, triggerTask = TaskInfo{userId=0 taskId=541 displayId=0 isRunning=true baseIntent=Intent { act=android.intent.action.MAIN cat=[android.intent.category.LAUNCHER] flg=0x30000000 cmp=com.magin.dongo_chat/.MainActivity } baseActivity=ComponentInfo{com.magin.dongo_chat/com.magin.dongo_chat.MainActivity} topActivity=ComponentInfo{com.magin.dongo_chat/com.magin.dongo_chat.MainActivity} origActivity=null realActivity=ComponentInfo{com.magin.dongo_chat/com.magin.dongo_chat.MainActivity} numActivities=1 lastActiveTime=342764714 supportsMultiWindow=true resizeMode=1 isResizeable=true minWidth=-1 minHeight=-1 maxWidth=-1 maxHeight=-1 defaultMinSize=220 token=WCT{android.window.IWindowContainerToken$Stub$Proxy@bf0eb3b} topActivityType=1 pictureInPictureParams=null shouldDockBigOverlays=false launchIntoPipHostTaskId=-1 lastParentTaskIdBeforePip=-1 displayCutoutSafeInsets=Rect(0, 89 - 0, 0) topActivityInfo=ActivityInfo{7e25258 com.magin.dongo_chat.MainActivity} launchCookies=[] positionInParent=Point(0, 0) parentTaskId=-1 isFocused=false isVisible=false isVisibleRequested=false isSleeping=false topActivityInSizeCompat=false topActivityEligibleForLetterboxEducation= false topActivityLetterboxed= false isFromDoubleTap= false topActivityLetterboxVerticalPosition= -1 topActivityLetterboxHorizontalPosition= -1 topActivityLetterboxWidth=-1 topActivityLetterboxHeight=-1 locusId=null displayAreaFeatureId=1 cameraCompatControlState=hidden originallySupportedMultiWindow=true hasWallpaper=false topActivityInFixedAspectRatio=false rootAffinity=null topActivityInDisplayCompat=false topActivityInBoundsCompat=false topActivityBounds=null singleTapFromLetterbox=false isTopTaskInStage=false topActivityUiMode=33 CoverLauncherWidgetTask=false CoverScreenTask=false isAllowedSeamlessRotation=false isTopTransparentActivity=false hasPopOver=false}, remoteTransition = null, displayChange = null }
05-02 17:16:55.952  1150  1926 D WindowManager: prepareSync <SYNC_STATE_WAITING_FOR_DRAW>, mPrepareSyncSeqId=0, win=Window{1f0e144 u0 Splash Screen com.magin.dongo_chat}
05-02 17:16:55.953  1150  1926 V WindowManager: addWindow: ActivityRecord{86428ac u0 com.magin.dongo_chat/.MainActivity t541} startingWindow=Window{1f0e144 u0 Splash Screen com.magin.dongo_chat}
05-02 17:16:55.959  1150  4220 D WindowManager: makeSurface duration=1 name=Splash Screen com.magin.dongo_chat$_1687
05-02 17:16:55.963  1150  2522 D CoreBackPreview: Window{1f0e144 u0 Splash Screen com.magin.dongo_chat}: Setting back callback OnBackInvokedCallbackInfo{mCallback=android.window.IOnBackInvokedCallback$Stub$Proxy@6bccdb0, mPriority=0, mIsAnimationCallback=false}
05-02 17:16:55.965  1150  3572 V WindowManager: Collecting in transition 4198: ActivityRecord{86428ac u0 com.magin.dongo_chat/.MainActivity t541}, caller=com.android.server.wm.Transition.collect:759 com.android.server.wm.TransitionController.collect:928 com.android.server.wm.ActivityRecord.setVisibility:6338 com.android.server.wm.ActivityRecord.setVisibility:6290 com.android.server.wm.EnsureActivitiesVisibleHelper.makeVisibleAndRestartIfNeeded:335 
05-02 17:16:55.971  1150  1185 I ActivityManager: Start proc 8136:com.magin.dongo_chat/u0a491 for next-top-activity {com.magin.dongo_chat/com.magin.dongo_chat.MainActivity}
05-02 17:16:55.978  1150  4220 D WindowManager: finishDrawingWindow: Window{1f0e144 u0 Splash Screen com.magin.dongo_chat} mDrawState=DRAW_PENDING seqId=0
05-02 17:16:55.978  1150  4220 V WindowManager: Finishing drawing window Window{1f0e144 u0 Splash Screen com.magin.dongo_chat}: mDrawState=DRAW_PENDING
05-02 17:16:55.978  1150  4220 V WindowManager: Draw state now committed in Window{1f0e144 u0 Splash Screen com.magin.dongo_chat}
05-02 17:16:55.981  1150  1179 D WindowManager: rotationForOrientation, orientationSource=ActivityRecord{86428ac u0 com.magin.dongo_chat/.MainActivity t541}
05-02 17:16:55.981  1150  1179 D WindowManager: rotationForOrientation, orientationSource=ActivityRecord{86428ac u0 com.magin.dongo_chat/.MainActivity t541}
05-02 17:16:55.983  1150  1179 V WindowManager: performShowLocked: mDrawState=HAS_DRAWN in Window{1f0e144 u0 Splash Screen com.magin.dongo_chat}
05-02 17:16:55.983  1150  1179 V WindowManager: Start calculating TransitionInfo based on participants: {ActivityRecord{73347f u0 com.sec.android.app.launcher/.activities.LauncherActivity t85}, WallpaperWindowToken{396fb62 token=android.os.Binder@59dca2d}, Task{811e975 #541 type=standard I=com.magin.dongo_chat/.MainActivity}, ActivityRecord{86428ac u0 com.magin.dongo_chat/.MainActivity t541}}
05-02 17:16:55.983  1150  1179 V WindowManager:   Final targets: [Task{811e975 #541 type=standard I=com.magin.dongo_chat/.MainActivity}, Task{d020d1b #1 type=home}]
05-02 17:16:55.986  1150  1179 V WindowManager:         {WCT{RemoteToken{51cd46 Task{811e975 #541 type=standard I=com.magin.dongo_chat/.MainActivity}}} m=OPEN f=NONE leash=Surface(name=Task=541)/@0xf8a5788 sb=Rect(0, 0 - 1080, 2340) eb=Rect(0, 0 - 1080, 2340) d=0 dim=true inset=Rect(0, 91 - 0, 42)},
05-02 17:16:55.987  1150  1175 V WindowManager: Sent Transition #4198 createdAt=05-02 17:16:55.934 via request=TransitionRequestInfo { type = OPEN, triggerTask = TaskInfo{userId=0 taskId=541 displayId=0 isRunning=true baseIntent=Intent { act=android.intent.action.MAIN cat=[android.intent.category.LAUNCHER] flg=0x30000000 cmp=com.magin.dongo_chat/.MainActivity } baseActivity=ComponentInfo{com.magin.dongo_chat/com.magin.dongo_chat.MainActivity} topActivity=ComponentInfo{com.magin.dongo_chat/com.magin.dongo_chat.MainActivity} origActivity=null realActivity=ComponentInfo{com.magin.dongo_chat/com.magin.dongo_chat.MainActivity} numActivities=1 lastActiveTime=342764714 supportsMultiWindow=true resizeMode=1 isResizeable=true minWidth=-1 minHeight=-1 maxWidth=-1 maxHeight=-1 defaultMinSize=220 token=WCT{RemoteToken{51cd46 Task{811e975 #541 type=standard I=com.magin.dongo_chat/.MainActivity}}} topActivityType=1 pictureInPictureParams=null shouldDockBigOverlays=false launchIntoPipHostTaskId=-1 lastParentTaskIdBeforePip=-1 displayCutoutSafeInsets=Rect(0, 89 - 0, 0) topActivityInfo=ActivityInfo{983eb07 com.magin.dongo_chat.MainActivity} launchCookies=[] positionInParent=Point(0, 0) parentTaskId=-1 isFocused=false isVisible=false isVisibleRequested=false isSleeping=false topActivityInSizeCompat=false topActivityEligibleForLetterboxEducation= false topActivityLetterboxed= false isFromDoubleTap= false topActivityLetterboxVerticalPosition= -1 topActivityLetterboxHorizontalPosition= -1 topActivityLetterboxWidth=-1 topActivityLetterboxHeight=-1 locusId=null displayAreaFeatureId=1 cameraCompatControlState=hidden originallySupportedMultiWindow=true hasWallpaper=false topActivityInFixedAspectRatio=false rootAffinity=null topActivityInDisplayCompat=false topActivityInBoundsCompat=false topActivityBounds=null singleTapFromLetterbox=false isTopTaskInStage=false topActivityUiMode=33 CoverLauncherWidgetTask=false CoverScreenTask=false isAllowedSeamlessRotation=false isTopTransparentActivity=false hasPopOver=false}, remoteTransition = null, displayChange = null }
05-02 17:16:55.988  1150  1175 V WindowManager:         {WCT{RemoteToken{51cd46 Task{811e975 #541 type=standard I=com.magin.dongo_chat/.MainActivity}}} m=OPEN f=NONE leash=Surface(name=Task=541)/@0xf8a5788 sb=Rect(0, 0 - 1080, 2340) eb=Rect(0, 0 - 1080, 2340) d=0 dim=true inset=Rect(0, 91 - 0, 42)},
05-02 17:16:56.030  1150  3572 D WindowManager: rotationForOrientation, orientationSource=ActivityRecord{86428ac u0 com.magin.dongo_chat/.MainActivity t541}
05-02 17:16:56.031  1150  3572 D SGM:PkgDataHelper: notifyAppCreate(), pkgName: com.magin.dongo_chat, userId: 0, sendRet: true
05-02 17:16:56.031  1150  1334 D SGM:FgCheckThread: onLooperPrepared(), msg: MSG_APP_CREATE, pkgName: com.magin.dongo_chat, userId: 0
05-02 17:16:56.032  1150  3572 D SGM:FgCheckThread:   sendRunningComponentFocus(), pkgName: com.magin.dongo_chat, userId: 0
05-02 17:16:56.032  1150  1334 D SGM:FgCheckThread: onLooperPrepared(), msg: MSG_TASK_FOCUSED, pkgName: com.magin.dongo_chat, userId: 0
05-02 17:16:56.032  1150  1334 D SGM:FgCheckThread:   handleTaskFocused(), pkgName: com.magin.dongo_chat, userID:0
05-02 17:16:56.033  1150  1334 D SGM:FgCheckThread:   handleResume(). pkgName: com.magin.dongo_chat, userId: 0, isTunableApp: null
05-02 17:16:56.033  1150  1334 D SGM:FgCheckThread: notifyFocusInOut(). of pkg: com.magin.dongo_chat, type: 4, isTunableApp: false, userId: 0
05-02 17:16:56.034  1150  3572 D InsetsSourceProvider: updateControlForTarget: control=InsetsSourceControl: {53e90001 mType=navigationBars initiallyVisible mSurfacePosition=Point(0, 2205) mInsetsHint=Insets{left=0, top=0, right=0, bottom=42}}, target=Window{1f0e144 u0 Splash Screen com.magin.dongo_chat}, from=com.android.server.wm.InsetsStateController.onControlTargetChanged:358 com.android.server.wm.InsetsStateController.onBarControlTargetChanged:327 com.android.server.wm.InsetsPolicy.updateBarControlTarget:172 com.android.server.wm.InsetsPolicy.updateSystemBars:800 com.android.server.wm.DisplayPolicy.updateSystemBarsLw:3415 
05-02 17:16:56.035  1150  3572 D InsetsSourceProvider: updateControlForTarget: control=InsetsSourceControl: {d8280000 mType=statusBars initiallyVisible mSurfacePosition=Point(0, 0) mInsetsHint=Insets{left=0, top=91, right=0, bottom=0}}, target=Window{1f0e144 u0 Splash Screen com.magin.dongo_chat}, from=com.android.server.wm.InsetsStateController.onControlTargetChanged:358 com.android.server.wm.InsetsStateController.onBarControlTargetChanged:324 com.android.server.wm.InsetsPolicy.updateBarControlTarget:172 com.android.server.wm.InsetsPolicy.updateSystemBars:800 com.android.server.wm.DisplayPolicy.updateSystemBarsLw:3415 
05-02 17:16:56.036  1150  3572 D WindowManager: updateSystemBarAttributes: displayId=0, win=Window{1f0e144 u0 Splash Screen com.magin.dongo_chat}, navColorWin=Window{1f0e144 u0 Splash Screen com.magin.dongo_chat}, focusedCanBeNavColorWin=false, behavior=1, appearance=0, statusBarAppearanceRegions=[AppearanceRegion{ bounds=[0,0][1080,2340]}], requestedVisibilities=-9, from=com.android.server.wm.DisplayPolicy.focusChangedLw:2937 com.android.server.wm.DisplayContent.updateFocusedWindowLocked:4885 com.android.server.wm.RootWindowContainer.updateFocusedWindowLocked:577 
05-02 17:16:56.036  1150  3572 D SGM:FgCheckThread:   sendRunningComponentFocus(), pkgName: com.magin.dongo_chat, userId: 0
05-02 17:16:56.037  1150  3572 D ActivityTaskManager: scheduleTopResumedActivityChanged, onTop=true, r=ActivityRecord{86428ac u0 com.magin.dongo_chat/.MainActivity t541}, caller=com.android.server.wm.ActivityTaskSupervisor.scheduleTopResumedActivityStateIfNeeded:2857 com.android.server.wm.ActivityTaskSupervisor.updateTopResumedActivityIfNeeded:2849 com.android.server.wm.TaskFragment.setResumedActivity:578 com.android.server.wm.TaskFragment.onActivityStateChanged:902 com.android.server.wm.ActivityRecord.setState:6801 com.android.server.wm.Task.minimalResumeActivityLocked:6171 
05-02 17:16:56.037  1150  3572 D WindowManagerServiceExt: notifyOccludeChangeNotice: cn=ComponentInfo{com.magin.dongo_chat/com.magin.dongo_chat.MainActivity} occludesParent=true isInSplitScreenMode=false styleFloating=false caller=com.android.server.wm.ActivityRecord.completeResumeLocked:7442 com.android.server.wm.Task.minimalResumeActivityLocked:6172 com.android.server.wm.ActivityTaskSupervisor.realStartActivityLocked:1158 com.android.server.wm.RootWindowContainer$AttachApplicationHelper.test:4325 com.android.server.wm.RootWindowContainer$AttachApplicationHelper.test:4261 
05-02 17:16:56.042  1150  1334 D SGM:FgCheckThread: onLooperPrepared(), msg: MSG_TASK_FOCUSED, pkgName: com.magin.dongo_chat, userId: 0
05-02 17:16:56.042  1150  1334 D SGM:FgCheckThread:   handleTaskFocused(), pkgName: com.magin.dongo_chat, userID:0
05-02 17:16:56.042  1150  1334 D SGM:FgCheckThread:   handleResume(). pkgName: com.magin.dongo_chat, userId: 0, isTunableApp: null
05-02 17:16:56.042  1150  1334 D SGM:FgCheckThread: notifyFocusInOut(). of pkg: com.magin.dongo_chat, type: 4, isTunableApp: false, userId: 0
05-02 17:16:56.043  1150  1178 D SGM:FgCheckThread: noteResumeComponent(), received pkgName: com.magin.dongo_chat, userId: 0
05-02 17:16:56.044  1150  1334 D SGM:FgCheckThread: onLooperPrepared(), msg: MSG_APP_RESUME, pkgName: com.magin.dongo_chat, userid: 0
05-02 17:16:56.044  1150  1334 D SGM:FgCheckThread:   handleResume(). pkgName: com.magin.dongo_chat, userId: 0, isTunableApp: null
05-02 17:16:56.044  1150  1334 D SGM:FgCheckThread: notifyFocusInOut(). of pkg: com.magin.dongo_chat, type: 4, isTunableApp: false, userId: 0
05-02 17:16:56.044  1150  1178 D SGM:GameManager: identifyGamePackage. com.magin.dongo_chat, mCurrentUserId: 0, callerUserId: 0, callingMethodInfo: com.samsung.android.game.SemGameManager.isGamePackage(SemGameManager.java:109)
05-02 17:16:56.044  1150  1178 D SGM:PkgDataHelper: getGamePkgData(). com.magin.dongo_chat
05-02 17:16:56.044  1150  1178 D SGM:SemGameManager: isGamePackage(), pkgName=com.magin.dongo_chat, ret=false
05-02 17:16:56.046  1150  1178 I GameSDK@LifeCycle: noteResumeComponent(): package name  : com.magin.dongo_chat
05-02 17:16:56.058  1150  1176 D SGM:GameManager: identifyGamePackage. com.magin.dongo_chat, mCurrentUserId: 0, callerUserId: 0, callingMethodInfo: com.samsung.android.game.SemGameManager.isGamePackage(SemGameManager.java:109)
05-02 17:16:56.058  1150  1176 D SGM:PkgDataHelper: getGamePkgData(). com.magin.dongo_chat
05-02 17:16:56.058  1150  1176 D SGM:SemGameManager: isGamePackage(), pkgName=com.magin.dongo_chat, ret=false
05-02 17:16:56.058  1150  1176 D MnxbService: onForegroundActivitiesChanged: uid 10491 pid 8136 AppName com.magin.dongo_chat, is game package false
05-02 17:16:56.059  1150  1176 D SGM:GameManager: identifyGamePackage. com.magin.dongo_chat, mCurrentUserId: 0, callerUserId: 0, callingMethodInfo: com.samsung.android.game.SemGameManager.isGamePackage(SemGameManager.java:109)
05-02 17:16:56.059  1150  1176 D SGM:PkgDataHelper: getGamePkgData(). com.magin.dongo_chat
05-02 17:16:56.059  1150  1176 D SGM:SemGameManager: isGamePackage(), pkgName=com.magin.dongo_chat, ret=false
05-02 17:16:56.063  1150  4220 D SGM:GameManager: identifyForegroundApp. com.magin.dongo_chat, mCurrentUserId: 0, callerUserId: 0
05-02 17:16:56.063  1150  4220 D SGM:PkgDataHelper: getGamePkgData(). com.magin.dongo_chat
05-02 17:16:56.065  1150  2522 D SGM:GameManager: identifyGamePackage. com.magin.dongo_chat, mCurrentUserId: 0, callerUserId: 0, callingMethodInfo: com.samsung.android.game.IGameManagerService$Stub.onTransact(IGameManagerService.java:233)
05-02 17:16:56.065  1150  2522 D SGM:PkgDataHelper: getGamePkgData(). com.magin.dongo_chat
05-02 17:16:56.183  1150  1407 D MdnieScenarioControlService:  packageName : com.magin.dongo_chat    className : com.magin.dongo_chat.MainActivity
05-02 17:16:57.376  1150  1910 I AppsFilter: interaction: PackageSetting{2c3e8df com.magin.dongo_chat/10491} -> PackageSetting{758deeb com.google.android.inputmethod.latin/10465} BLOCKED
05-02 17:16:57.662  1150  1910 D CoreBackPreview: Window{8b891c4 u0 com.magin.dongo_chat/com.magin.dongo_chat.MainActivity}: Setting back callback OnBackInvokedCallbackInfo{mCallback=android.window.IOnBackInvokedCallback$Stub$Proxy@d3ee1cb, mPriority=0, mIsAnimationCallback=false}
05-02 17:16:57.663  1150  1910 D WindowManager: makeSurface duration=0 name=com.magin.dongo_chat/com.magin.dongo_chat.MainActivity$_8136
05-02 17:16:57.665  1150  1910 V WindowManager: Changing focus from null to Window{8b891c4 u0 com.magin.dongo_chat/com.magin.dongo_chat.MainActivity} displayId=0 Callers=com.android.server.wm.RootWindowContainer.updateFocusedWindowLocked:577 com.android.server.wm.WindowManagerService.updateFocusedWindowLocked:6871 com.android.server.wm.WindowManagerService.relayoutWindow:2753 com.android.server.wm.Session.relayout:282 
05-02 17:16:57.666  1150  1910 D InsetsSourceProvider: updateControlForTarget: control=InsetsSourceControl: {53e90001 mType=navigationBars initiallyVisible mSurfacePosition=Point(0, 2205) mInsetsHint=Insets{left=0, top=0, right=0, bottom=42}}, target=Window{8b891c4 u0 com.magin.dongo_chat/com.magin.dongo_chat.MainActivity}, from=com.android.server.wm.InsetsStateController.onControlTargetChanged:358 com.android.server.wm.InsetsStateController.onBarControlTargetChanged:327 com.android.server.wm.InsetsPolicy.updateBarControlTarget:172 com.android.server.wm.InsetsPolicy.updateSystemBars:800 com.android.server.wm.DisplayPolicy.updateSystemBarsLw:3415 
05-02 17:16:57.667  1150  1910 D InsetsSourceProvider: updateControlForTarget: control=InsetsSourceControl: {d8280000 mType=statusBars initiallyVisible mSurfacePosition=Point(0, 0) mInsetsHint=Insets{left=0, top=91, right=0, bottom=0}}, target=Window{8b891c4 u0 com.magin.dongo_chat/com.magin.dongo_chat.MainActivity}, from=com.android.server.wm.InsetsStateController.onControlTargetChanged:358 com.android.server.wm.InsetsStateController.onBarControlTargetChanged:324 com.android.server.wm.InsetsPolicy.updateBarControlTarget:172 com.android.server.wm.InsetsPolicy.updateSystemBars:800 com.android.server.wm.DisplayPolicy.updateSystemBarsLw:3415 
05-02 17:16:58.017  1150  1183 I SGM:GameManager: PkgUpdateReceiver, onPackageAdded : com.magin.dongo_chat userHandle : UserHandle{0} userId : 0
05-02 17:16:58.017  1150  1335 D SGM:GosNotifyThread: notifyPackageChangedToGos(), before send intent to GOS. type:15, changeType: 0, pkgName:com.magin.dongo_chat, userHandleId:0
05-02 17:16:58.017  1150  1335 I SGM:GosNotifyThread: notifyPackageChangedToGos(), category from pm: com.magin.dongo_chat, [-1/-1]
05-02 17:16:58.038  1150  1183 D MetaDataCollector: onReceive: done pkgName=com.magin.dongo_chat
05-02 17:16:58.168  1150  1178 D SGM:GameManager: identifyForegroundApp. com.magin.dongo_chat, mCurrentUserId: 0, callerUserId: 0
05-02 17:16:58.168  1150  1178 D SGM:PkgDataHelper: getGamePkgData(). com.magin.dongo_chat
05-02 17:16:58.285  1150  1183 I SGM:GameManager: PkgUpdateReceiver, onPackageReplaced : com.magin.dongo_chat userID : UserHandle{0}
05-02 17:16:58.285  1150  1183 D MetaDataCollector: onReceive: done pkgName=com.magin.dongo_chat
05-02 17:16:58.285  1150  1335 D SGM:GosNotifyThread: notifyPackageChangedToGos(), before send intent to GOS. type:15, changeType: 8, pkgName:com.magin.dongo_chat, userHandleId:0
05-02 17:16:58.285  1150  1335 I SGM:GosNotifyThread: notifyPackageChangedToGos(), category from pm: com.magin.dongo_chat, [-1/-1]
05-02 17:17:00.567  1150  3572 D WindowManager: finishDrawingWindow: Window{8b891c4 u0 com.magin.dongo_chat/com.magin.dongo_chat.MainActivity} mDrawState=DRAW_PENDING seqId=0
05-02 17:17:00.569  1150  1179 V WindowManager: Finish starting ActivityRecord{86428ac u0 com.magin.dongo_chat/.MainActivity t541}: first real window is shown, no animation
05-02 17:17:00.569  1150  1179 V WindowManager: Schedule remove starting ActivityRecord{86428ac u0 com.magin.dongo_chat/.MainActivity t541} startingWindow=Window{1f0e144 u0 Splash Screen com.magin.dongo_chat} animate=true Callers=com.android.server.wm.ActivityRecord.removeStartingWindow:3450 com.android.server.wm.ActivityRecord.onFirstWindowDrawn:7883 com.android.server.wm.WindowState.performShowLocked:5306 com.android.server.wm.WindowStateAnimator.commitFinishDrawingLocked:280 com.android.server.wm.DisplayContent.lambda$new$8:1293 
05-02 17:17:00.570  1150  1179 D TaskOrganizerController: applyStartingWindowAnimation, window=Window{8b891c4 u0 com.magin.dongo_chat/com.magin.dongo_chat.MainActivity}, caller=com.android.server.wm.TaskOrganizerController.removeStartingWindow:780 com.android.server.wm.StartingSurfaceController$StartingSurface.remove:292 com.android.server.wm.ActivityRecord.removeStartingWindowAnimation:3530 
05-02 17:17:00.570  1150  1179 I WindowManager: Reparenting to leash, surface=Surface(name=8b891c4 com.magin.dongo_chat/com.magin.dongo_chat.MainActivity)/@0xacc60df, leashParent=Surface(name=ActivityRecord{86428ac u0 com.magin.dongo_chat/.MainActivity t541})/@0xdae072b
05-02 17:17:00.571  1150  1179 D WindowManager: makeSurface duration=1 leash=Surface(name=Surface(name=8b891c4 com.magin.dongo_chat/com.magin.dongo_chat.MainActivity)/@0xacc60df - animation-leash of starting_reveal)/@0xa03612c
05-02 17:17:00.574  1150  1179 V WindowManager: performShowLocked: mDrawState=HAS_DRAWN in Window{8b891c4 u0 com.magin.dongo_chat/com.magin.dongo_chat.MainActivity}
05-02 17:17:00.586  1150  1175 I Pageboost: Launch time gathered : pid 8136 com.magin.dongo_chat 4643
05-02 17:17:00.645  1150  3659 D CoreBackPreview: Window{1f0e144 u0 Splash Screen com.magin.dongo_chat}: Setting back callback null
05-02 17:17:00.646  1150  3572 D WindowManager: Starting window removed Window{1f0e144 u0 Splash Screen com.magin.dongo_chat}
05-02 17:17:00.646  1150  3572 I WindowManager: Cancelling animation restarting=false, leash=Surface(name=Surface(name=8b891c4 com.magin.dongo_chat/com.magin.dongo_chat.MainActivity)/@0xacc60df - animation-leash of starting_reveal)/@0xa03612c
05-02 17:17:00.646  1150  3572 I WindowManager: Reparenting to original parent: Surface(name=ActivityRecord{86428ac u0 com.magin.dongo_chat/.MainActivity t541})/@0xdae072b, destroy=false, surface=Surface(name=8b891c4 com.magin.dongo_chat/com.magin.dongo_chat.MainActivity)/@0xacc60df
05-02 17:17:00.648  1150  3572 V WindowManager: Remove Window{1f0e144 u0 Splash Screen com.magin.dongo_chat}: mSurfaceController=Surface(name=Splash Screen com.magin.dongo_chat$_1687)/@0x2ea9c4 mAnimatingExit=false mRemoveOnExit=false mHasSurface=true surfaceShowing=false animating=false app-animation=false mDisplayFrozen=false callers=com.android.server.wm.WindowManagerService.removeWindow:2146 com.android.server.wm.Session.remove:257 android.view.IWindowSession$Stub.onTransact:747 com.android.server.wm.Session.onTransact:204 android.os.Binder.execTransactInternal:1380 android.os.Binder.execTransact:1311 
05-02 17:17:00.648  1150  3572 I WindowManager: Destroying surface Surface(name=Splash Screen com.magin.dongo_chat$_1687)/@0x2ea9c4 called by com.android.server.wm.WindowStateAnimator.destroySurface:799 com.android.server.wm.WindowStateAnimator.destroySurfaceLocked:472 com.android.server.wm.WindowState.removeImmediately:2923 com.android.server.wm.WindowState.removeIfPossible:3191 com.android.server.wm.WindowManagerService.removeWindow:2146 com.android.server.wm.Session.remove:257 android.view.IWindowSession$Stub.onTransact:747 com.android.server.wm.Session.onTransact:204 
05-02 17:17:00.697  1150  1176 D ScreenCurtainController: onForegroundActivitiesChanged: com.magin.dongo_chat
05-02 17:17:00.827  1150  1407 D MdnieScenarioControlService:  packageName : com.magin.dongo_chat    className : com.magin.dongo_chat.MainActivity
05-02 17:17:01.167  1150  1548 I Pageboost: db update :com.magin.dongo_chat ret 1
05-02 17:17:01.223  1150  1548 I Pageboost: memUsage collected : 231357 36045 12812 for com.magin.dongo_chat 8136
05-02 17:17:01.523  1150  3572 D InsetsSourceProvider: updateControlForTarget: control=InsetsSourceControl: {3 mType=ime mSurfacePosition=Point(0, 91) mInsetsHint=Insets{left=0, top=0, right=0, bottom=135}}, target=Window{8b891c4 u0 com.magin.dongo_chat/com.magin.dongo_chat.MainActivity}, from=com.android.server.wm.ImeInsetsSourceProvider.updateControlForTarget:164 com.android.server.wm.InsetsStateController.onControlTargetChanged:358 com.android.server.wm.InsetsStateController.onImeControlTargetChanged:302 com.android.server.wm.DisplayContent.updateImeControlTarget:5718 com.android.server.wm.DisplayContent.updateImeInputAndControlTarget:5678 
05-02 17:17:01.524  1150  3572 W PackageConfigPersister: App-specific configuration not found for packageName: com.magin.dongo_chat and userId: 0
05-02 17:17:01.577  1150  1176 D WindowManager: rotationForOrientation, orientationSource=ActivityRecord{86428ac u0 com.magin.dongo_chat/.MainActivity t541}
05-02 17:17:02.024  1150  1178 D SGM:GameManager: identifyForegroundApp. com.magin.dongo_chat, mCurrentUserId: 0, callerUserId: 0
05-02 17:17:02.025  1150  1178 D SGM:PkgDataHelper: getGamePkgData(). com.magin.dongo_chat
05-02 17:17:02.433  1150  3659 W PackageConfigPersister: App-specific configuration not found for packageName: com.magin.dongo_chat and userId: 0
05-02 17:17:02.517  1150  1171 D CoreBackPreview: Window{8b891c4 u0 com.magin.dongo_chat/com.magin.dongo_chat.MainActivity}: Setting back callback OnBackInvokedCallbackInfo{mCallback=android.window.IOnBackInvokedCallback$Stub$Proxy@aaa18ca, mPriority=0, mIsAnimationCallback=false}
05-02 17:17:02.533  1150  1926 D InsetsSourceProvider: updateVisibility: serverVisible=true, clientVisible=true, source=InsetsSource: {3 mType=ime mFrame=[0,1372][1080,2340] mVisible=true mFlags=[]}, controlTarget=Window{8b891c4 u0 com.magin.dongo_chat/com.magin.dongo_chat.MainActivity}, from=com.android.server.wm.ImeInsetsSourceProvider.updateVisibility:153 com.android.server.wm.InsetsSourceProvider.setClientVisible:606 com.android.server.wm.ImeInsetsSourceProvider.setClientVisible:101 com.android.server.wm.InsetsSourceProvider.updateClientVisibility:593 com.android.server.wm.ImeInsetsSourceProvider.updateClientVisibility:172 com.android.server.wm.InsetsStateController.onInsetsModified:275 com.android.server.wm.InsetsPolicy.onInsetsModified:515 com.android.server.wm.Session.updateRequestedVisibleTypes:797 android.view.IWindowSession$Stub.onTransact:1145 com.android.server.wm.Session.onTransact:204 
05-02 17:17:02.536  1150  1926 D WindowManager: updateSystemBarAttributes: displayId=0, win=Window{8b891c4 u0 com.magin.dongo_chat/com.magin.dongo_chat.MainActivity}, navColorWin=Window{4c247c7 u0 InputMethod}, focusedCanBeNavColorWin=false, behavior=1, appearance=0, statusBarAppearanceRegions=[AppearanceRegion{ bounds=[0,0][1080,2340]}], requestedVisibilities=-1, from=com.android.server.wm.InsetsStateController.onInsetsModified:281 com.android.server.wm.InsetsPolicy.onInsetsModified:515 com.android.server.wm.Session.updateRequestedVisibleTypes:797 
05-02 17:17:03.718  1150  1926 V WindowManager: Transition 4199: Set Task{811e975 #541 type=standard I=com.magin.dongo_chat/.MainActivity} as transient-hidden-task, caller=com.android.server.wm.Transition.$r8$lambda$CjoHzkGzNeU_fFxE5qPacUPUYJY:0 com.android.server.wm.Transition$$ExternalSyntheticLambda1.test:0 com.android.server.wm.Task.forAllTasks:4026 
05-02 17:17:03.718  1150  1926 V WindowManager: Collecting in transition 4199: Task{811e975 #541 type=standard I=com.magin.dongo_chat/.MainActivity}, caller=com.android.server.wm.Transition.collect:759 com.android.server.wm.Transition.lambda$setTransientLaunch$0:462 com.android.server.wm.Transition.$r8$lambda$CjoHzkGzNeU_fFxE5qPacUPUYJY:0 com.android.server.wm.Transition$$ExternalSyntheticLambda1.test:0 com.android.server.wm.Task.forAllTasks:4026 
05-02 17:17:03.721  1150  1926 D ActivityTaskManager: scheduleTopResumedActivityChanged, onTop=false, r=ActivityRecord{86428ac u0 com.magin.dongo_chat/.MainActivity t541}, caller=com.android.server.wm.ActivityTaskSupervisor.updateTopResumedActivityIfNeeded:2826 com.android.server.wm.TaskDisplayArea.positionChildTaskAt:567 com.android.server.wm.TaskDisplayArea.positionChildAt:483 com.android.server.wm.WindowContainer.positionChildAt:989 com.android.server.wm.Task.positionChildAt:3297 com.android.server.wm.Task.moveToFront:6056 
05-02 17:17:03.736  1150  1179 V WindowManager: Start calculating TransitionInfo based on participants: {ActivityRecord{73347f u0 com.sec.android.app.launcher/.activities.LauncherActivity t85}, WallpaperWindowToken{396fb62 token=android.os.Binder@59dca2d}, Task{70f0495 #85 type=home I=com.sec.android.app.launcher/.activities.LauncherActivity}, Task{811e975 #541 type=standard I=com.magin.dongo_chat/.MainActivity}, TransientLaunchOverlayToken{94e13ab token=android.os.BinderProxy@4e661fa}, Task{d020d1b #1 type=home}}
05-02 17:17:03.736  1150  1179 V WindowManager:   Final targets: [TransientLaunchOverlayToken{94e13ab token=android.os.BinderProxy@4e661fa}, Task{d020d1b #1 type=home}, Task{811e975 #541 type=standard I=com.magin.dongo_chat/.MainActivity}]
05-02 17:17:03.739  1150  1179 V WindowManager:         {WCT{RemoteToken{51cd46 Task{811e975 #541 type=standard I=com.magin.dongo_chat/.MainActivity}}} m=TO_BACK f=EDGE_EXTENSION_RESTRICTION leash=Surface(name=Task=541)/@0xf8a5788 sb=Rect(0, 0 - 1080, 2340) eb=Rect(0, 0 - 1080, 2340) d=0 dim=true inset=Rect(0, 91 - 0, 42)}
05-02 17:17:03.741  1150  1175 V WindowManager:         {WCT{RemoteToken{51cd46 Task{811e975 #541 type=standard I=com.magin.dongo_chat/.MainActivity}}} m=TO_BACK f=EDGE_EXTENSION_RESTRICTION leash=Surface(name=Task=541)/@0xf8a5788 sb=Rect(0, 0 - 1080, 2340) eb=Rect(0, 0 - 1080, 2340) d=0 dim=true inset=Rect(0, 91 - 0, 42)}
05-02 17:17:03.804  1150  1257 V WindowManager: Changing focus from Window{8b891c4 u0 com.magin.dongo_chat/com.magin.dongo_chat.MainActivity} to Window{acf6a0f u0 com.sec.android.app.launcher/com.sec.android.app.launcher.activities.LauncherActivity} displayId=0 Callers=com.android.server.wm.RootWindowContainer.updateFocusedWindowLocked:577 com.android.server.wm.WindowManagerService.updateFocusedWindowLocked:6871 com.android.server.wm.ActivityTaskManagerService.setLastResumedActivityUncheckLocked:6123 com.android.server.wm.ActivityTaskManagerService.setFocusedTask:2769 
05-02 17:17:04.567  1150  3779 V WindowManager: Setting visibility of Window{8b891c4 u0 com.magin.dongo_chat/com.magin.dongo_chat.MainActivity}: false, caller=com.android.server.wm.WindowContainer.sendAppVisibilityToClients:1301 com.android.server.wm.WindowToken.setClientVisible:446 com.android.server.wm.ActivityRecord.setClientVisible:8111 com.android.server.wm.ActivityRecord.postApplyAnimation:6675 com.android.server.wm.ActivityRecord.commitVisibility:6618 
05-02 17:17:04.587  1150  1178 D SGM:FgCheckThread: notePauseComponent(), received pkgName: com.magin.dongo_chat, userId: 0
05-02 17:17:04.633  1150  1257 D InsetsSourceProvider: updateVisibility: serverVisible=true, clientVisible=false, source=InsetsSource: {3 mType=ime mFrame=[0,1372][1080,2340] mVisible=false mFlags=[]}, controlTarget=Window{8b891c4 u0 com.magin.dongo_chat/com.magin.dongo_chat.MainActivity}, from=com.android.server.wm.ImeInsetsSourceProvider.updateVisibility:153 com.android.server.wm.InsetsSourceProvider.setClientVisible:606 com.android.server.wm.ImeInsetsSourceProvider.setClientVisible:101 com.android.server.wm.InsetsSourceProvider.updateControlForTarget:545 com.android.server.wm.ImeInsetsSourceProvider.updateControlForTarget:164 com.android.server.wm.InsetsStateController.onControlTargetChanged:358 com.android.server.wm.InsetsStateController.onImeControlTargetChanged:302 com.android.server.wm.DisplayContent.updateImeControlTarget:5718 com.android.server.wm.DisplayContent.updateImeInputAndControlTarget:5678 com.android.server.wm.WindowManagerService$LocalService.updateInputMethodTargetWindow:8763 
05-02 17:17:04.932  1150  1257 D CoreBackPreview: Window{8b891c4 u0 com.magin.dongo_chat/com.magin.dongo_chat.MainActivity}: Setting back callback OnBackInvokedCallbackInfo{mCallback=android.window.IOnBackInvokedCallback$Stub$Proxy@f82b96e, mPriority=0, mIsAnimationCallback=false}
05-02 17:17:04.949  1150  1926 E WindowManager: win=Window{8b891c4 u0 com.magin.dongo_chat/com.magin.dongo_chat.MainActivity} destroySurfaces: appStopped=true cleanupOnResume=false win.mWindowRemovalAllowed=false win.mRemoveOnExit=false win.mViewVisibility=8 caller=com.android.server.wm.ActivityRecord.destroySurfaces:6942 com.android.server.wm.ActivityRecord.destroySurfaces:6923 com.android.server.wm.ActivityRecord.activityStopped:7623 com.android.server.wm.ActivityClientController.activityStopped:321 android.app.IActivityClientController$Stub.onTransact:702 com.android.server.wm.ActivityClientController.onTransact:186 android.os.Binder.execTransactInternal:1380 
05-02 17:17:04.949  1150  1926 I WindowManager: Destroying surface Surface(name=com.magin.dongo_chat/com.magin.dongo_chat.MainActivity$_8136)/@0x7ee1734 called by com.android.server.wm.WindowStateAnimator.destroySurface:799 com.android.server.wm.WindowStateAnimator.destroySurfaceLocked:472 com.android.server.wm.WindowState.destroySurfaceUnchecked:4178 com.android.server.wm.WindowState.destroySurface:4152 com.android.server.wm.ActivityRecord.destroySurfaces:6942 com.android.server.wm.ActivityRecord.destroySurfaces:6923 com.android.server.wm.ActivityRecord.activityStopped:7623 com.android.server.wm.ActivityClientController.activityStopped:321 
05-02 17:17:09.977  1150  2785 D FreecessController: com.magin.dongo_chat(10491) is important[2]
05-02 17:17:14.984  1150  2785 D FreecessController: com.magin.dongo_chat(10491) is important[2]
05-02 17:17:19.997  1150  2785 D FreecessController: com.magin.dongo_chat(10491) is important[2]
05-02 17:17:25.002  1150  2785 D FreecessController: com.magin.dongo_chat(10491) is important[2]
05-02 17:17:30.015  1150  2785 D FreecessController: com.magin.dongo_chat(10491) is important[2]
05-02 17:17:34.923  8136  8429 I NotificationManager: com.magin.dongo_chat: notify(0, FCM-Notification:192261466, Notification(channel=fcm_fallback_notification_channel shortcut=null contentView=null vibrate=null sound=null defaults=0x0 flags=0x10 color=0x00000000 vis=PRIVATE semFlags=0x0 semPriority=0 semMissedCount=0)) as user
05-02 17:17:35.155  1150  1150 D NotificationReminder: addNotificationRecord record com.magin.dongo_chat
05-02 17:17:35.213  1150  2653 D PowerManagerService: [api] acquire WakeLock DRAW_WAKE_LOCK                 '@Inflate:0|com.magin.dongo_chat|0|FCM-Notification:192261466|10491' (uid=10050 pid=1687 displayId=-1 lock=fd579fe)
05-02 17:17:35.302  1150  1519 D PowerManagerService: [api] release WakeLock DRAW_WAKE_LOCK                 '@Inflate:0|com.magin.dongo_chat|0|FCM-Notification:192261466|10491' ACQ=-88ms (uid=10050 pid=1687 displayId=-1 lock=fd579fe)
