05-02 17:11:32.174  1150  2291 D SGM:PkgDataHelper: getGamePkgData(). com.magin.dongo_chat
05-02 17:11:32.266  1150  3572 D InsetsSourceProvider: updateVisibility: serverVisible=true, clientVisible=false, source=InsetsSource: {3 mType=ime mFrame=[0,1372][1080,2340] mVisible=false mFlags=[]}, controlTarget=Window{c046cce u0 com.magin.dongo_chat/com.magin.dongo_chat.MainActivity}, from=com.android.server.wm.ImeInsetsSourceProvider.updateVisibility:153 com.android.server.wm.InsetsSourceProvider.setClientVisible:606 com.android.server.wm.ImeInsetsSourceProvider.setClientVisible:101 com.android.server.wm.InsetsSourceProvider.updateClientVisibility:593 com.android.server.wm.ImeInsetsSourceProvider.updateClientVisibility:172 com.android.server.wm.InsetsStateController.onInsetsModified:275 com.android.server.wm.InsetsPolicy.onInsetsModified:515 com.android.server.wm.Session.updateRequestedVisibleTypes:797 android.view.IWindowSession$Stub.onTransact:1145 com.android.server.wm.Session.onTransact:204 
05-02 17:11:32.271  1150  1256 E WindowManager: win=Window{c046cce u0 com.magin.dongo_chat/com.magin.dongo_chat.MainActivity} destroySurfaces: appStopped=true cleanupOnResume=false win.mWindowRemovalAllowed=false win.mRemoveOnExit=false win.mViewVisibility=8 caller=com.android.server.wm.ActivityRecord.destroySurfaces:6942 com.android.server.wm.ActivityRecord.destroySurfaces:6923 com.android.server.wm.ActivityRecord.activityStopped:7623 com.android.server.wm.ActivityClientController.activityStopped:321 android.app.IActivityClientController$Stub.onTransact:702 com.android.server.wm.ActivityClientController.onTransact:186 android.os.Binder.execTransactInternal:1380 
05-02 17:11:32.271  1150  1256 I WindowManager: Destroying surface Surface(name=com.magin.dongo_chat/com.magin.dongo_chat.MainActivity$_7020)/@0xfe22989 called by com.android.server.wm.WindowStateAnimator.destroySurface:799 com.android.server.wm.WindowStateAnimator.destroySurfaceLocked:472 com.android.server.wm.WindowState.destroySurfaceUnchecked:4178 com.android.server.wm.WindowState.destroySurface:4152 com.android.server.wm.ActivityRecord.destroySurfaces:6942 com.android.server.wm.ActivityRecord.destroySurfaces:6923 com.android.server.wm.ActivityRecord.activityStopped:7623 com.android.server.wm.ActivityClientController.activityStopped:321 
05-02 17:13:40.340  1150  1197 D FreecessController: FZ : com.magin.dongo_chat(7020)
05-02 17:13:40.342  1150  1197 D FreecessController: FZ : com.magin.dongo_chat(0), reason: LEV
05-02 17:16:02.222  1150  4127 D FreecessController: UFZ : com.magin.dongo_chat(7020)
05-02 17:16:02.224  1150  4127 D FreecessController: UFZ : com.magin.dongo_chat(0), reason: CancelPolicy
05-02 17:16:02.225  1150  4127 V WindowManager: Collecting in transition 4193: ActivityRecord{d034b69 u0 com.magin.dongo_chat/.MainActivity t540}, caller=com.android.server.wm.Transition.collect:759 com.android.server.wm.TransitionController.collect:928 com.android.server.wm.ActivityRecord.setVisibility:6338 com.android.server.wm.ActivityRecord.setVisibility:6290 com.android.server.wm.TaskFragment.resumeTopActivity:1730 
05-02 17:16:02.225  1150  4127 D WindowManager: prepareSync <SYNC_STATE_WAITING_FOR_DRAW>, mPrepareSyncSeqId=0, win=Window{c046cce u0 com.magin.dongo_chat/com.magin.dongo_chat.MainActivity}
05-02 17:16:02.226  1150  4127 V WindowManager: Setting visibility of Window{c046cce u0 com.magin.dongo_chat/com.magin.dongo_chat.MainActivity}: true, caller=com.android.server.wm.WindowContainer.sendAppVisibilityToClients:1301 com.android.server.wm.WindowToken.setClientVisible:446 com.android.server.wm.ActivityRecord.setClientVisible:8111 com.android.server.wm.ActivityRecord.setVisibility:6441 com.android.server.wm.ActivityRecord.setVisibility:6290 
05-02 17:16:02.226  1150  4127 D ActivityTaskManager: scheduleTopResumedActivityChanged, onTop=true, r=ActivityRecord{d034b69 u0 com.magin.dongo_chat/.MainActivity t540}, caller=com.android.server.wm.ActivityTaskSupervisor.scheduleTopResumedActivityStateIfNeeded:2857 com.android.server.wm.ActivityTaskSupervisor.updateTopResumedActivityIfNeeded:2849 com.android.server.wm.TaskFragment.setResumedActivity:578 com.android.server.wm.TaskFragment.onActivityStateChanged:902 com.android.server.wm.ActivityRecord.setState:6801 com.android.server.wm.TaskFragment.resumeTopActivity:1745 
05-02 17:16:02.227  1150  4127 D WindowManager: rotationForOrientation, orientationSource=ActivityRecord{d034b69 u0 com.magin.dongo_chat/.MainActivity t540}
05-02 17:16:02.227  1150  4127 D WindowManager: rotationForOrientation, orientationSource=ActivityRecord{d034b69 u0 com.magin.dongo_chat/.MainActivity t540}
05-02 17:16:02.227  1150  4127 D WindowManager: rotationForOrientation, orientationSource=ActivityRecord{d034b69 u0 com.magin.dongo_chat/.MainActivity t540}
05-02 17:16:02.229  1150  4127 V WindowManager: Collecting in transition 4193: ActivityRecord{d034b69 u0 com.magin.dongo_chat/.MainActivity t540}, caller=com.android.server.wm.Transition.collect:759 com.android.server.wm.TransitionController.collect:928 com.android.server.wm.ActivityRecord.setVisibility:6338 com.android.server.wm.ActivityRecord.setVisibility:6290 com.android.server.wm.ActivityRecord.completeResumeLocked:7385 
05-02 17:16:02.229  1150  4127 D WindowManager: rotationForOrientation, orientationSource=ActivityRecord{d034b69 u0 com.magin.dongo_chat/.MainActivity t540}
05-02 17:16:02.229  1150  4127 D ActivityTaskManager: Add starting ActivityRecord{d034b69 u0 com.magin.dongo_chat/.MainActivity t540}: typeParam=62 startingData=com.android.server.wm.SnapshotStartingData@df01982
05-02 17:16:02.230  1150  4127 V WindowManager: Added starting ActivityRecord{d034b69 u0 com.magin.dongo_chat/.MainActivity t540}: startingWindow=null startingView=com.android.server.wm.StartingSurfaceController$StartingSurface@2f2c0d0
05-02 17:16:02.237  1150  1176 D WindowManager: rotationForOrientation, orientationSource=ActivityRecord{d034b69 u0 com.magin.dongo_chat/.MainActivity t540}
05-02 17:16:02.269  1150  1178 D SGM:FgCheckThread: noteResumeComponent(), received pkgName: com.magin.dongo_chat, userId: 0
05-02 17:16:02.269  1150  1334 D SGM:FgCheckThread: onLooperPrepared(), msg: MSG_APP_RESUME, pkgName: com.magin.dongo_chat, userid: 0
05-02 17:16:02.276  1150  1179 D WindowManager: SyncGroup 4193:  Unfinished container: ActivityRecord{d034b69 u0 com.magin.dongo_chat/.MainActivity t540} mSyncState=2
05-02 17:16:02.277  1150  1178 I GameSDK@LifeCycle: noteResumeComponent(): package name  : com.magin.dongo_chat
05-02 17:16:02.292  1150  3775 D WindowManager: SyncGroup 4193:  Unfinished container: ActivityRecord{d034b69 u0 com.magin.dongo_chat/.MainActivity t540} mSyncState=2
05-02 17:16:02.303  1150  4127 V WindowManager: addWindow: ActivityRecord{d034b69 u0 com.magin.dongo_chat/.MainActivity t540} startingWindow=Window{ea84443 u0 SnapshotStartingWindow for taskId=540}
05-02 17:16:02.305  1150  3659 D WindowManager: SyncGroup 4193:  Unfinished container: ActivityRecord{d034b69 u0 com.magin.dongo_chat/.MainActivity t540} mSyncState=2
05-02 17:16:02.311  1150  1256 D WindowManager: makeSurface duration=1 name=com.magin.dongo_chat/com.magin.dongo_chat.MainActivity$_7020
05-02 17:16:02.312  1150  1256 D WindowManager: SyncGroup 4193:  Unfinished container: ActivityRecord{d034b69 u0 com.magin.dongo_chat/.MainActivity t540} mSyncState=2
05-02 17:16:02.313  1150  1256 V WindowManager: Changing focus from null to Window{c046cce u0 com.magin.dongo_chat/com.magin.dongo_chat.MainActivity} displayId=0 Callers=com.android.server.wm.RootWindowContainer.updateFocusedWindowLocked:577 com.android.server.wm.WindowManagerService.updateFocusedWindowLocked:6871 com.android.server.wm.WindowManagerService.relayoutWindow:2753 com.android.server.wm.Session.relayout:282 
05-02 17:16:02.315  1150  1256 D InsetsSourceProvider: updateControlForTarget: control=InsetsSourceControl: {53e90001 mType=navigationBars mSurfacePosition=Point(0, 2205) mInsetsHint=Insets{left=0, top=0, right=0, bottom=42}}, target=Window{c046cce u0 com.magin.dongo_chat/com.magin.dongo_chat.MainActivity}, from=com.android.server.wm.InsetsStateController.onControlTargetChanged:358 com.android.server.wm.InsetsStateController.onBarControlTargetChanged:327 com.android.server.wm.InsetsPolicy.updateBarControlTarget:172 com.android.server.wm.InsetsPolicy.updateSystemBars:800 com.android.server.wm.DisplayPolicy.updateSystemBarsLw:3415 
05-02 17:16:02.316  1150  1256 D InsetsSourceProvider: updateControlForTarget: control=InsetsSourceControl: {d8280000 mType=statusBars initiallyVisible mSurfacePosition=Point(0, 0) mInsetsHint=Insets{left=0, top=91, right=0, bottom=0}}, target=Window{c046cce u0 com.magin.dongo_chat/com.magin.dongo_chat.MainActivity}, from=com.android.server.wm.InsetsStateController.onControlTargetChanged:358 com.android.server.wm.InsetsStateController.onBarControlTargetChanged:324 com.android.server.wm.InsetsPolicy.updateBarControlTarget:172 com.android.server.wm.InsetsPolicy.updateSystemBars:800 com.android.server.wm.DisplayPolicy.updateSystemBarsLw:3415 
05-02 17:16:02.316  1150  1256 D WindowManager: updateSystemBarAttributes: displayId=0, win=Window{c046cce u0 com.magin.dongo_chat/com.magin.dongo_chat.MainActivity}, navColorWin=null, focusedCanBeNavColorWin=false, behavior=1, appearance=0, statusBarAppearanceRegions=[], requestedVisibilities=-9, from=com.android.server.wm.DisplayPolicy.focusChangedLw:2937 com.android.server.wm.DisplayContent.updateFocusedWindowLocked:4885 com.android.server.wm.RootWindowContainer.updateFocusedWindowLocked:577 
05-02 17:16:02.322  1150  4127 D WindowManager: SyncGroup 4193:  Unfinished container: ActivityRecord{d034b69 u0 com.magin.dongo_chat/.MainActivity t540} mSyncState=2
05-02 17:16:02.322  1150  4127 D InsetsSourceProvider: updateVisibility: serverVisible=true, clientVisible=true, source=InsetsSource: {53e90001 mType=navigationBars mFrame=[0,2298][1080,2340] mVisible=true mFlags=[SUPPRESS_SCRIM]}, controlTarget=Window{c046cce u0 com.magin.dongo_chat/com.magin.dongo_chat.MainActivity}, from=com.android.server.wm.InsetsSourceProvider.setClientVisible:606 com.android.server.wm.InsetsSourceProvider.updateClientVisibility:593 com.android.server.wm.InsetsStateController.onInsetsModified:275 com.android.server.wm.InsetsStateController.lambda$notifyPendingInsetsControlChanged$3:434 com.android.server.wm.InsetsStateController.$r8$lambda$8yykPRG1GyNq_J17QvL9d5xANMc:0 com.android.server.wm.InsetsStateController$$ExternalSyntheticLambda2.run:0 com.android.server.wm.WindowAnimator.executeAfterPrepareSurfacesRunnables:294 com.android.server.wm.RootWindowContainer.performSurfacePlacementNoTrace:990 com.android.server.wm.RootWindowContainer.performSurfacePlacement:925 com.android.server.wm.WindowSurfacePlacer.performSurfacePlacementLoop:185 
05-02 17:16:02.326  1150  4127 D WindowManager: SyncGroup 4193:  Unfinished container: ActivityRecord{d034b69 u0 com.magin.dongo_chat/.MainActivity t540} mSyncState=2
05-02 17:16:02.335  1150  1910 D WindowManager: SyncGroup 4193:  Unfinished container: ActivityRecord{d034b69 u0 com.magin.dongo_chat/.MainActivity t540} mSyncState=2
05-02 17:16:02.370  1150  1179 V WindowManager: Start calculating TransitionInfo based on participants: {ActivityRecord{d034b69 u0 com.magin.dongo_chat/.MainActivity t540}}
05-02 17:16:02.370  1150  1179 V WindowManager:   Final targets: [Task{79749ee #540 type=standard I=com.magin.dongo_chat/.MainActivity}, DefaultTaskDisplayArea_d0@123887482]
05-02 17:16:02.384  1150  1179 V WindowManager:         {WCT{RemoteToken{5378e99 Task{79749ee #540 type=standard I=com.magin.dongo_chat/.MainActivity}}} m=TO_FRONT f= p=WCT{RemoteToken{f90f0bd DefaultTaskDisplayArea_d0@123887482}} leash=Surface(name=Task=540)/@0x2d485e3 sb=Rect(0, 0 - 1080, 2340) eb=Rect(0, 0 - 1080, 2340) d=0 inset=Rect(0, 91 - 0, 42)},
05-02 17:16:02.388  1150  1179 D WindowManager: updateSystemBarAttributes: displayId=0, win=Window{c046cce u0 com.magin.dongo_chat/com.magin.dongo_chat.MainActivity}, navColorWin=Window{c046cce u0 com.magin.dongo_chat/com.magin.dongo_chat.MainActivity}, focusedCanBeNavColorWin=false, behavior=1, appearance=0, statusBarAppearanceRegions=[AppearanceRegion{ bounds=[0,0][1080,2340]}], requestedVisibilities=-9, from=com.android.server.wm.DisplayPolicy.finishPostLayoutPolicyLw:2310 com.android.server.wm.DisplayContent.applySurfaceChangesTransaction:6121 com.android.server.wm.RootWindowContainer.applySurfaceChangesTransaction:1179 
05-02 17:16:02.403  1150  1910 D WindowManager: finishDrawingWindow: Window{c046cce u0 com.magin.dongo_chat/com.magin.dongo_chat.MainActivity} mDrawState=DRAW_PENDING seqId=0
05-02 17:16:02.403  1150  1910 D WindowManager: finishDrawingWindow: Window{c046cce u0 com.magin.dongo_chat/com.magin.dongo_chat.MainActivity} mDrawState=COMMIT_DRAW_PENDING seqId=0
05-02 17:16:02.404  1150  1176 D WindowManager: rotationForOrientation, orientationSource=ActivityRecord{d034b69 u0 com.magin.dongo_chat/.MainActivity t540}
05-02 17:16:02.407  1150  4127 V WindowManager: Finish starting ActivityRecord{d034b69 u0 com.magin.dongo_chat/.MainActivity t540}: first real window is shown, no animation
05-02 17:16:02.407  1150  4127 V WindowManager: performShowLocked: mDrawState=HAS_DRAWN in Window{c046cce u0 com.magin.dongo_chat/com.magin.dongo_chat.MainActivity}
05-02 17:16:02.431  1150  1179 V WindowManager: Finish starting ActivityRecord{d034b69 u0 com.magin.dongo_chat/.MainActivity t540}: first real window is shown, no animation
05-02 17:16:02.434  1150  1175 V WindowManager:         {WCT{RemoteToken{5378e99 Task{79749ee #540 type=standard I=com.magin.dongo_chat/.MainActivity}}} m=TO_FRONT f= p=WCT{RemoteToken{f90f0bd DefaultTaskDisplayArea_d0@123887482}} leash=Surface(name=Task=540)/@0x2d485e3 sb=Rect(0, 0 - 1080, 2340) eb=Rect(0, 0 - 1080, 2340) d=0 inset=Rect(0, 91 - 0, 42)},
05-02 17:16:02.471  1150  3781 V WindowManager: Schedule remove starting ActivityRecord{d034b69 u0 com.magin.dongo_chat/.MainActivity t540} startingWindow=Window{ea84443 u0 SnapshotStartingWindow for taskId=540} animate=false Callers=com.android.server.wm.ActivityRecord.onSyncTransactionCommitted:3477 com.android.server.wm.BLASTSyncEngine$SyncGroup$1CommitCallback.onCommitted:281 com.android.server.wm.BLASTSyncEngine$SyncGroup.lambda$finishNow$1:311 com.android.server.wm.BLASTSyncEngine$SyncGroup.$r8$lambda$8cESpvbvKLrMuuR5UoSdRfNsZpY:0 com.android.server.wm.BLASTSyncEngine$SyncGroup$$ExternalSyntheticLambda1.onTransactionCommitted:0 
05-02 17:16:02.498  1150  3775 W PackageConfigPersister: App-specific configuration not found for packageName: com.magin.dongo_chat and userId: 0
05-02 17:16:02.655  1150  1334 D SGM:FgCheckThread:   handleUserPresent(). resume signal is needed for com.magin.dongo_chat
05-02 17:16:02.657  1150  1150 D MdnieScenarioControlService:  packageName : com.magin.dongo_chat    className : com.magin.dongo_chat.MainActivity
05-02 17:16:02.995  1150  1178 D SGM:GameManager: identifyForegroundApp. com.magin.dongo_chat, mCurrentUserId: 0, callerUserId: 0
05-02 17:16:02.995  1150  1178 D SGM:PkgDataHelper: getGamePkgData(). com.magin.dongo_chat
05-02 17:16:03.074  1150  2522 I WindowManager: Reparenting to leash, surface=Surface(name=ea84443 SnapshotStartingWindow for taskId=540)/@0xc48c2cb, leashParent=Surface(name=ActivityRecord{d034b69 u0 com.magin.dongo_chat/.MainActivity t540})/@0xc42da12
05-02 17:16:03.190  1150  2291 D SGM:GameManager: identifyGamePackage. com.magin.dongo_chat, mCurrentUserId: 0, callerUserId: 0, callingMethodInfo: com.samsung.android.game.IGameManagerService$Stub.onTransact(IGameManagerService.java:233)
05-02 17:16:03.190  1150  2291 D SGM:PkgDataHelper: getGamePkgData(). com.magin.dongo_chat
05-02 17:16:03.235  1150  1179 I WindowManager: Reparenting to original parent: Surface(name=ActivityRecord{d034b69 u0 com.magin.dongo_chat/.MainActivity t540})/@0xc42da12, destroy=true, surface=Surface(name=ea84443 SnapshotStartingWindow for taskId=540)/@0xc48c2cb
05-02 17:16:03.862  1150  3592 V WindowManager: Transition 4194: Set Task{79749ee #540 type=standard I=com.magin.dongo_chat/.MainActivity} as transient-hidden-task, caller=com.android.server.wm.Transition.$r8$lambda$CjoHzkGzNeU_fFxE5qPacUPUYJY:0 com.android.server.wm.Transition$$ExternalSyntheticLambda1.test:0 com.android.server.wm.Task.forAllTasks:4026 
05-02 17:16:03.862  1150  3592 V WindowManager: Collecting in transition 4194: Task{79749ee #540 type=standard I=com.magin.dongo_chat/.MainActivity}, caller=com.android.server.wm.Transition.collect:759 com.android.server.wm.Transition.lambda$setTransientLaunch$0:462 com.android.server.wm.Transition.$r8$lambda$CjoHzkGzNeU_fFxE5qPacUPUYJY:0 com.android.server.wm.Transition$$ExternalSyntheticLambda1.test:0 com.android.server.wm.Task.forAllTasks:4026 
05-02 17:16:03.864  1150  3592 D ActivityTaskManager: scheduleTopResumedActivityChanged, onTop=false, r=ActivityRecord{d034b69 u0 com.magin.dongo_chat/.MainActivity t540}, caller=com.android.server.wm.ActivityTaskSupervisor.updateTopResumedActivityIfNeeded:2826 com.android.server.wm.TaskDisplayArea.positionChildTaskAt:567 com.android.server.wm.TaskDisplayArea.positionChildAt:483 com.android.server.wm.WindowContainer.positionChildAt:989 com.android.server.wm.Task.positionChildAt:3297 com.android.server.wm.Task.moveToFront:6056 
05-02 17:16:03.878  1150  2291 V WindowManager: Start calculating TransitionInfo based on participants: {ActivityRecord{73347f u0 com.sec.android.app.launcher/.activities.LauncherActivity t85}, WallpaperWindowToken{396fb62 token=android.os.Binder@59dca2d}, Task{70f0495 #85 type=home I=com.sec.android.app.launcher/.activities.LauncherActivity}, Task{79749ee #540 type=standard I=com.magin.dongo_chat/.MainActivity}, TransientLaunchOverlayToken{94e13ab token=android.os.BinderProxy@4e661fa}, Task{d020d1b #1 type=home}}
05-02 17:16:03.878  1150  2291 V WindowManager:   Final targets: [TransientLaunchOverlayToken{94e13ab token=android.os.BinderProxy@4e661fa}, Task{d020d1b #1 type=home}, Task{79749ee #540 type=standard I=com.magin.dongo_chat/.MainActivity}]
05-02 17:16:03.880  1150  2291 V WindowManager:         {WCT{RemoteToken{5378e99 Task{79749ee #540 type=standard I=com.magin.dongo_chat/.MainActivity}}} m=TO_BACK f=EDGE_EXTENSION_RESTRICTION leash=Surface(name=Task=540)/@0x2d485e3 sb=Rect(0, 0 - 1080, 2340) eb=Rect(0, 0 - 1080, 2340) d=0 dim=true inset=Rect(0, 91 - 0, 42)}
05-02 17:16:03.884  1150  1175 V WindowManager:         {WCT{RemoteToken{5378e99 Task{79749ee #540 type=standard I=com.magin.dongo_chat/.MainActivity}}} m=TO_BACK f=EDGE_EXTENSION_RESTRICTION leash=Surface(name=Task=540)/@0x2d485e3 sb=Rect(0, 0 - 1080, 2340) eb=Rect(0, 0 - 1080, 2340) d=0 dim=true inset=Rect(0, 91 - 0, 42)}
05-02 17:16:03.904  1150  1176 D WindowManager: requestTransientBars: swipeTarget=Window{242b631 u0 NavigationBar0}, controlTarget=Window{c046cce u0 com.magin.dongo_chat/com.magin.dongo_chat.MainActivity}, canShowTransient=false, restorePositionTypes=0x3, from=com.android.server.wm.DisplayPolicy$1.onSwipeFromBottom:596 com.android.server.wm.SystemGesturesPointerEventListener.onPointerEvent:269 
05-02 17:16:03.953  1150  3592 V WindowManager: Changing focus from Window{c046cce u0 com.magin.dongo_chat/com.magin.dongo_chat.MainActivity} to Window{acf6a0f u0 com.sec.android.app.launcher/com.sec.android.app.launcher.activities.LauncherActivity} displayId=0 Callers=com.android.server.wm.RootWindowContainer.updateFocusedWindowLocked:577 com.android.server.wm.WindowManagerService.updateFocusedWindowLocked:6871 com.android.server.wm.ActivityTaskManagerService.setLastResumedActivityUncheckLocked:6123 com.android.server.wm.ActivityTaskManagerService.setFocusedTask:2769 
05-02 17:16:03.957  1150  3592 D WindowManager: updateSystemBarAttributes: displayId=0, win=Window{acf6a0f u0 com.sec.android.app.launcher/com.sec.android.app.launcher.activities.LauncherActivity}, navColorWin=Window{c046cce u0 com.magin.dongo_chat/com.magin.dongo_chat.MainActivity}, focusedCanBeNavColorWin=false, behavior=2, appearance=0, statusBarAppearanceRegions=[AppearanceRegion{ bounds=[0,0][1080,2340]}], requestedVisibilities=-9, from=com.android.server.wm.DisplayPolicy.focusChangedLw:2937 com.android.server.wm.DisplayContent.updateFocusedWindowLocked:4885 com.android.server.wm.RootWindowContainer.updateFocusedWindowLocked:577 
05-02 17:16:04.776  1150  3592 V WindowManager: Setting visibility of Window{c046cce u0 com.magin.dongo_chat/com.magin.dongo_chat.MainActivity}: false, caller=com.android.server.wm.WindowContainer.sendAppVisibilityToClients:1301 com.android.server.wm.WindowToken.setClientVisible:446 com.android.server.wm.ActivityRecord.setClientVisible:8111 com.android.server.wm.ActivityRecord.postApplyAnimation:6675 com.android.server.wm.ActivityRecord.commitVisibility:6618 
05-02 17:16:04.962  1150  1178 D SGM:FgCheckThread: notePauseComponent(), received pkgName: com.magin.dongo_chat, userId: 0
05-02 17:16:04.990  1150  1256 E WindowManager: win=Window{c046cce u0 com.magin.dongo_chat/com.magin.dongo_chat.MainActivity} destroySurfaces: appStopped=true cleanupOnResume=false win.mWindowRemovalAllowed=false win.mRemoveOnExit=false win.mViewVisibility=8 caller=com.android.server.wm.ActivityRecord.destroySurfaces:6942 com.android.server.wm.ActivityRecord.destroySurfaces:6923 com.android.server.wm.ActivityRecord.activityStopped:7623 com.android.server.wm.ActivityClientController.activityStopped:321 android.app.IActivityClientController$Stub.onTransact:702 com.android.server.wm.ActivityClientController.onTransact:186 android.os.Binder.execTransactInternal:1380 
05-02 17:16:04.990  1150  1256 I WindowManager: Destroying surface Surface(name=com.magin.dongo_chat/com.magin.dongo_chat.MainActivity$_7020)/@0xfe8483f called by com.android.server.wm.WindowStateAnimator.destroySurface:799 com.android.server.wm.WindowStateAnimator.destroySurfaceLocked:472 com.android.server.wm.WindowState.destroySurfaceUnchecked:4178 com.android.server.wm.WindowState.destroySurface:4152 com.android.server.wm.ActivityRecord.destroySurfaces:6942 com.android.server.wm.ActivityRecord.destroySurfaces:6923 com.android.server.wm.ActivityRecord.activityStopped:7623 com.android.server.wm.ActivityClientController.activityStopped:321 
05-02 17:16:05.850  1150  3659 V WindowManager: Collecting in transition 4196: Task{79749ee #540 type=standard I=com.magin.dongo_chat/.MainActivity}, caller=com.android.server.wm.Transition.collect:759 com.android.server.wm.TransitionController.collect:928 com.android.server.wm.ActivityTaskSupervisor.findTaskToMoveToFront:1793 com.android.server.wm.ActivityTaskManagerService.moveTaskToFrontLocked:3072 com.android.server.wm.ActivityTaskSupervisor.startActivityFromRecents:3616 
05-02 17:16:05.851  1150  3659 D WindowManager: prepareSync <SYNC_STATE_WAITING_FOR_DRAW>, mPrepareSyncSeqId=0, win=Window{c046cce u0 com.magin.dongo_chat/com.magin.dongo_chat.MainActivity}
05-02 17:16:05.854  1150  3659 D SGM:FgCheckThread:   sendRunningComponentFocus(), pkgName: com.magin.dongo_chat, userId: 0
05-02 17:16:05.855  1150  1334 D SGM:FgCheckThread: onLooperPrepared(), msg: MSG_TASK_FOCUSED, pkgName: com.magin.dongo_chat, userId: 0
05-02 17:16:05.855  1150  1334 D SGM:FgCheckThread:   handleTaskFocused(), pkgName: com.magin.dongo_chat, userID:0 mResumedPkgMap does not containsKey.
05-02 17:16:05.860  1150  3659 D SGM:FgCheckThread:   sendRunningComponentFocus(), pkgName: com.magin.dongo_chat, userId: 0
05-02 17:16:05.860  1150  1334 D SGM:FgCheckThread: onLooperPrepared(), msg: MSG_TASK_FOCUSED, pkgName: com.magin.dongo_chat, userId: 0
05-02 17:16:05.860  1150  1334 D SGM:FgCheckThread:   handleTaskFocused(), pkgName: com.magin.dongo_chat, userID:0 mResumedPkgMap does not containsKey.
05-02 17:16:05.865  1150  3659 D ActivityTaskManager: Add starting ActivityRecord{d034b69 u0 com.magin.dongo_chat/.MainActivity t540}: typeParam=94 startingData=com.android.server.wm.SnapshotStartingData@771212e
05-02 17:16:05.867  1150  3659 V WindowManager: Added starting ActivityRecord{d034b69 u0 com.magin.dongo_chat/.MainActivity t540}: startingWindow=null startingView=com.android.server.wm.StartingSurfaceController$StartingSurface@adb54cf
05-02 17:16:05.872  1687  1783 V WindowManagerShell: Transition requested: android.os.BinderProxy@1fe4587 TransitionRequestInfo { type = TO_FRONT, triggerTask = TaskInfo{userId=0 taskId=540 displayId=0 isRunning=true baseIntent=Intent { act=android.intent.action.MAIN cat=[android.intent.category.LAUNCHER] flg=0x10200000 cmp=com.magin.dongo_chat/.MainActivity } baseActivity=ComponentInfo{com.magin.dongo_chat/com.magin.dongo_chat.MainActivity} topActivity=ComponentInfo{com.magin.dongo_chat/com.magin.dongo_chat.MainActivity} origActivity=null realActivity=ComponentInfo{com.magin.dongo_chat/com.magin.dongo_chat.MainActivity} numActivities=1 lastActiveTime=342713550 supportsMultiWindow=true resizeMode=1 isResizeable=true minWidth=-1 minHeight=-1 maxWidth=-1 maxHeight=-1 defaultMinSize=220 token=WCT{android.window.IWindowContainerToken$Stub$Proxy@fdcecb4} topActivityType=1 pictureInPictureParams=null shouldDockBigOverlays=false launchIntoPipHostTaskId=-1 lastParentTaskIdBeforePip=-1 displayCutoutSafeInsets=Rect(0, 89 - 0, 0) topActivityInfo=ActivityInfo{867d0dd com.magin.dongo_chat.MainActivity} launchCookies=[android.os.BinderProxy@ae6acfa] positionInParent=Point(0, 0) parentTaskId=-1 isFocused=true isVisible=false isVisibleRequested=false isSleeping=false topActivityInSizeCompat=false topActivityEligibleForLetterboxEducation= false topActivityLetterboxed= false isFromDoubleTap= false topActivityLetterboxVerticalPosition= -1 topActivityLetterboxHorizontalPosition= -1 topActivityLetterboxWidth=-1 topActivityLetterboxHeight=-1 locusId=null displayAreaFeatureId=1 cameraCompatControlState=hidden originallySupportedMultiWindow=true hasWallpaper=false topActivityInFixedAspectRatio=false rootAffinity=null topActivityInDisplayCompat=false topActivityInBoundsCompat=false topActivityBounds=null singleTapFromLetterbox=false isTopTaskInStage=false topActivityUiMode=33 CoverLauncherWidgetTask=false CoverScreenTask=false isAllowedSeamlessRotation=false isTopTransparentActivity=false hasPopOver=false}, remoteTransition = RemoteTransition { remoteTransition = android.window.IRemoteTransition$Stub$Proxy@dc57452, appThread = android.app.IApplicationThread$Stub$Proxy@fefb323, debugName = QuickstepLaunch }, displayChange = null }
05-02 17:16:05.875  1150  3597 V WindowManager: Collecting in transition 4196: ActivityRecord{d034b69 u0 com.magin.dongo_chat/.MainActivity t540}, caller=com.android.server.wm.Transition.collect:759 com.android.server.wm.TransitionController.collect:928 com.android.server.wm.ActivityRecord.setVisibility:6338 com.android.server.wm.ActivityRecord.setVisibility:6290 com.android.server.wm.TaskFragment.resumeTopActivity:1730 
05-02 17:16:05.875  1150  3597 V WindowManager: Setting visibility of Window{c046cce u0 com.magin.dongo_chat/com.magin.dongo_chat.MainActivity}: true, caller=com.android.server.wm.WindowContainer.sendAppVisibilityToClients:1301 com.android.server.wm.WindowToken.setClientVisible:446 com.android.server.wm.ActivityRecord.setClientVisible:8111 com.android.server.wm.ActivityRecord.setVisibility:6441 com.android.server.wm.ActivityRecord.setVisibility:6290 
05-02 17:16:05.875  1150  3597 D ActivityTaskManager: scheduleTopResumedActivityChanged, onTop=true, r=ActivityRecord{d034b69 u0 com.magin.dongo_chat/.MainActivity t540}, caller=com.android.server.wm.ActivityTaskSupervisor.scheduleTopResumedActivityStateIfNeeded:2857 com.android.server.wm.ActivityTaskSupervisor.updateTopResumedActivityIfNeeded:2849 com.android.server.wm.TaskFragment.setResumedActivity:578 com.android.server.wm.TaskFragment.onActivityStateChanged:902 com.android.server.wm.ActivityRecord.setState:6801 com.android.server.wm.TaskFragment.resumeTopActivity:1745 
05-02 17:16:05.876  1150  3597 D WindowManager: rotationForOrientation, orientationSource=ActivityRecord{d034b69 u0 com.magin.dongo_chat/.MainActivity t540}
05-02 17:16:05.876  1150  3597 D WindowManager: rotationForOrientation, orientationSource=ActivityRecord{d034b69 u0 com.magin.dongo_chat/.MainActivity t540}
05-02 17:16:05.876  1150  3597 D WindowManager: rotationForOrientation, orientationSource=ActivityRecord{d034b69 u0 com.magin.dongo_chat/.MainActivity t540}
05-02 17:16:05.877  1150  3597 V WindowManager: Collecting in transition 4196: ActivityRecord{d034b69 u0 com.magin.dongo_chat/.MainActivity t540}, caller=com.android.server.wm.Transition.collect:759 com.android.server.wm.TransitionController.collect:928 com.android.server.wm.ActivityRecord.setVisibility:6338 com.android.server.wm.ActivityRecord.setVisibility:6290 com.android.server.wm.ActivityRecord.completeResumeLocked:7385 
05-02 17:16:05.877  1150  3597 D WindowManagerServiceExt: notifyOccludeChangeNotice: cn=ComponentInfo{com.magin.dongo_chat/com.magin.dongo_chat.MainActivity} occludesParent=true isInSplitScreenMode=false styleFloating=false caller=com.android.server.wm.ActivityRecord.completeResumeLocked:7442 com.android.server.wm.TaskFragment.resumeTopActivity:1865 com.android.server.wm.TaskFragment.resumeTopActivity:1385 com.android.server.wm.Task.resumeTopActivityInnerLocked:6476 com.android.server.wm.Task.resumeTopActivityUncheckedLocked:6363 
05-02 17:16:05.879  1687  1783 D WindowManagerShell: onActivityRestartAttempt: ComponentInfo{com.magin.dongo_chat/com.magin.dongo_chat.MainActivity}
05-02 17:16:05.879  1150  1178 D SGM:FgCheckThread: noteResumeComponent(), received pkgName: com.magin.dongo_chat, userId: 0
05-02 17:16:05.879  1150  1334 D SGM:FgCheckThread: onLooperPrepared(), msg: MSG_APP_RESUME, pkgName: com.magin.dongo_chat, userid: 0
05-02 17:16:05.880  1150  1334 D SGM:FgCheckThread:   handleResume(). pkgName: com.magin.dongo_chat, userId: 0, isTunableApp: null
05-02 17:16:05.880  1150  1334 D SGM:FgCheckThread: notifyFocusInOut(). of pkg: com.magin.dongo_chat, type: 4, isTunableApp: false, userId: 0
05-02 17:16:05.880  1150  1178 D SGM:GameManager: identifyGamePackage. com.magin.dongo_chat, mCurrentUserId: 0, callerUserId: 0, callingMethodInfo: com.samsung.android.game.SemGameManager.isGamePackage(SemGameManager.java:109)
05-02 17:16:05.880  1150  1178 D SGM:PkgDataHelper: getGamePkgData(). com.magin.dongo_chat
05-02 17:16:05.880  1150  1178 D SGM:SemGameManager: isGamePackage(), pkgName=com.magin.dongo_chat, ret=false
05-02 17:16:05.881  1150  1179 D WindowManager: SyncGroup 4196:  Unfinished container: ActivityRecord{d034b69 u0 com.magin.dongo_chat/.MainActivity t540} mSyncState=2
05-02 17:16:05.882  1150  3592 V WindowManager: addWindow: ActivityRecord{d034b69 u0 com.magin.dongo_chat/.MainActivity t540} startingWindow=Window{f72223a u0 SnapshotStartingWindow for taskId=540}
05-02 17:16:05.883  1150  1178 I GameSDK@LifeCycle: noteResumeComponent(): package name  : com.magin.dongo_chat
05-02 17:16:05.885  1150  3592 D WindowManager: SyncGroup 4196:  Unfinished container: ActivityRecord{d034b69 u0 com.magin.dongo_chat/.MainActivity t540} mSyncState=2
05-02 17:16:05.890  1150  3659 D WindowManager: makeSurface duration=1 name=com.magin.dongo_chat/com.magin.dongo_chat.MainActivity$_7020
05-02 17:16:05.892  1150  3659 D WindowManager: SyncGroup 4196:  Unfinished container: ActivityRecord{d034b69 u0 com.magin.dongo_chat/.MainActivity t540} mSyncState=2
05-02 17:16:05.892  1150  3659 V WindowManager: Changing focus from null to Window{c046cce u0 com.magin.dongo_chat/com.magin.dongo_chat.MainActivity} displayId=0 Callers=com.android.server.wm.RootWindowContainer.updateFocusedWindowLocked:577 com.android.server.wm.WindowManagerService.updateFocusedWindowLocked:6871 com.android.server.wm.WindowManagerService.relayoutWindow:2753 com.android.server.wm.Session.relayout:282 
05-02 17:16:05.893  1150  3659 D InsetsSourceProvider: updateControlForTarget: control=InsetsSourceControl: {53e90001 mType=navigationBars initiallyVisible mSurfacePosition=Point(0, 2205) mInsetsHint=Insets{left=0, top=0, right=0, bottom=42}}, target=Window{c046cce u0 com.magin.dongo_chat/com.magin.dongo_chat.MainActivity}, from=com.android.server.wm.InsetsStateController.onControlTargetChanged:358 com.android.server.wm.InsetsStateController.onBarControlTargetChanged:327 com.android.server.wm.InsetsPolicy.updateBarControlTarget:172 com.android.server.wm.InsetsPolicy.updateSystemBars:800 com.android.server.wm.DisplayPolicy.updateSystemBarsLw:3415 
05-02 17:16:05.894  1150  3659 D InsetsSourceProvider: updateControlForTarget: control=InsetsSourceControl: {d8280000 mType=statusBars initiallyVisible mSurfacePosition=Point(0, 0) mInsetsHint=Insets{left=0, top=91, right=0, bottom=0}}, target=Window{c046cce u0 com.magin.dongo_chat/com.magin.dongo_chat.MainActivity}, from=com.android.server.wm.InsetsStateController.onControlTargetChanged:358 com.android.server.wm.InsetsStateController.onBarControlTargetChanged:324 com.android.server.wm.InsetsPolicy.updateBarControlTarget:172 com.android.server.wm.InsetsPolicy.updateSystemBars:800 com.android.server.wm.DisplayPolicy.updateSystemBarsLw:3415 
05-02 17:16:05.895  1150  3659 D WindowManager: updateSystemBarAttributes: displayId=0, win=Window{c046cce u0 com.magin.dongo_chat/com.magin.dongo_chat.MainActivity}, navColorWin=Window{7c61bec u0 com.sec.android.app.launcher/com.android.quickstep.RecentsActivity}, focusedCanBeNavColorWin=false, behavior=1, appearance=0, statusBarAppearanceRegions=[AppearanceRegion{ bounds=[0,0][1080,2340]}], requestedVisibilities=-9, from=com.android.server.wm.DisplayPolicy.focusChangedLw:2937 com.android.server.wm.DisplayContent.updateFocusedWindowLocked:4885 com.android.server.wm.RootWindowContainer.updateFocusedWindowLocked:577 
05-02 17:16:05.898  1150  1179 V WindowManager: Start calculating TransitionInfo based on participants: {WallpaperWindowToken{396fb62 token=android.os.Binder@59dca2d}, ActivityRecord{518e1a7 u0 com.sec.android.app.launcher/com.android.quickstep.RecentsActivity t33}, Task{79749ee #540 type=standard I=com.magin.dongo_chat/.MainActivity}, ActivityRecord{d034b69 u0 com.magin.dongo_chat/.MainActivity t540}}
05-02 17:16:05.898  1150  1179 V WindowManager:   Final targets: [Task{79749ee #540 type=standard I=com.magin.dongo_chat/.MainActivity}, Task{80e5e9f #33 type=recents I=com.sec.android.app.launcher/com.android.quickstep.RecentsActivity}]
05-02 17:16:05.900  1150  1179 V WindowManager:         {WCT{RemoteToken{5378e99 Task{79749ee #540 type=standard I=com.magin.dongo_chat/.MainActivity}}} m=TO_FRONT f=MOVE_TO_TOP leash=Surface(name=Task=540)/@0x2d485e3 sb=Rect(0, 0 - 1080, 2340) eb=Rect(0, 0 - 1080, 2340) d=0 dim=true inset=Rect(0, 91 - 0, 42)},
05-02 17:16:05.902  1150  1175 V WindowManager: Sent Transition #4196 createdAt=05-02 17:16:05.848 via request=TransitionRequestInfo { type = TO_FRONT, triggerTask = TaskInfo{userId=0 taskId=540 displayId=0 isRunning=true baseIntent=Intent { act=android.intent.action.MAIN cat=[android.intent.category.LAUNCHER] flg=0x10200000 cmp=com.magin.dongo_chat/.MainActivity } baseActivity=ComponentInfo{com.magin.dongo_chat/com.magin.dongo_chat.MainActivity} topActivity=ComponentInfo{com.magin.dongo_chat/com.magin.dongo_chat.MainActivity} origActivity=null realActivity=ComponentInfo{com.magin.dongo_chat/com.magin.dongo_chat.MainActivity} numActivities=1 lastActiveTime=342713550 supportsMultiWindow=true resizeMode=1 isResizeable=true minWidth=-1 minHeight=-1 maxWidth=-1 maxHeight=-1 defaultMinSize=220 token=WCT{RemoteToken{5378e99 Task{79749ee #540 type=standard I=com.magin.dongo_chat/.MainActivity}}} topActivityType=1 pictureInPictureParams=null shouldDockBigOverlays=false launchIntoPipHostTaskId=-1 lastParentTaskIdBeforePip=-1 displayCutoutSafeInsets=Rect(0, 89 - 0, 0) topActivityInfo=ActivityInfo{970855e com.magin.dongo_chat.MainActivity} launchCookies=[android.os.BinderProxy@2b1ddb4] positionInParent=Point(0, 0) parentTaskId=-1 isFocused=true isVisible=false isVisibleRequested=false isSleeping=false topActivityInSizeCompat=false topActivityEligibleForLetterboxEducation= false topActivityLetterboxed= false isFromDoubleTap= false topActivityLetterboxVerticalPosition= -1 topActivityLetterboxHorizontalPosition= -1 topActivityLetterboxWidth=-1 topActivityLetterboxHeight=-1 locusId=null displayAreaFeatureId=1 cameraCompatControlState=hidden originallySupportedMultiWindow=true hasWallpaper=false topActivityInFixedAspectRatio=false rootAffinity=null topActivityInDisplayCompat=false topActivityInBoundsCompat=false topActivityBounds=null singleTapFromLetterbox=false isTopTaskInStage=false topActivityUiMode=33 CoverLauncherWidgetTask=false CoverScreenTask=false isAllowedSeamlessRotation=false isTopTransparentActivity=false hasPopOver=false}, remoteTransition = RemoteTransition { remoteTransition = android.window.IRemoteTransition$Stub$Proxy@4806ddd, appThread = android.app.IApplicationThread$Stub$Proxy@2164d52, debugName = QuickstepLaunch }, displayChange = null }
05-02 17:16:05.902  1150  1175 V WindowManager:         {WCT{RemoteToken{5378e99 Task{79749ee #540 type=standard I=com.magin.dongo_chat/.MainActivity}}} m=TO_FRONT f=MOVE_TO_TOP leash=Surface(name=Task=540)/@0x2d485e3 sb=Rect(0, 0 - 1080, 2340) eb=Rect(0, 0 - 1080, 2340) d=0 dim=true inset=Rect(0, 91 - 0, 42)},
05-02 17:16:05.905  1150  1176 D SGM:GameManager: identifyGamePackage. com.magin.dongo_chat, mCurrentUserId: 0, callerUserId: 0, callingMethodInfo: com.samsung.android.game.SemGameManager.isGamePackage(SemGameManager.java:109)
05-02 17:16:05.905  1150  1176 D SGM:PkgDataHelper: getGamePkgData(). com.magin.dongo_chat
05-02 17:16:05.905  1150  1176 D SGM:SemGameManager: isGamePackage(), pkgName=com.magin.dongo_chat, ret=false
05-02 17:16:05.905  1150  1176 D MnxbService: onForegroundActivitiesChanged: uid 10491 pid 7020 AppName com.magin.dongo_chat, is game package false
05-02 17:16:05.906  1150  1176 D SGM:GameManager: identifyGamePackage. com.magin.dongo_chat, mCurrentUserId: 0, callerUserId: 0, callingMethodInfo: com.samsung.android.game.SemGameManager.isGamePackage(SemGameManager.java:109)
05-02 17:16:05.906  1150  1176 D SGM:PkgDataHelper: getGamePkgData(). com.magin.dongo_chat
05-02 17:16:05.906  1150  1176 D SGM:SemGameManager: isGamePackage(), pkgName=com.magin.dongo_chat, ret=false
05-02 17:16:05.923  1150  3659 D WindowManager: finishDrawingWindow: Window{c046cce u0 com.magin.dongo_chat/com.magin.dongo_chat.MainActivity} mDrawState=DRAW_PENDING seqId=0
05-02 17:16:05.924  1150  1179 V WindowManager: Finish starting ActivityRecord{d034b69 u0 com.magin.dongo_chat/.MainActivity t540}: first real window is shown, no animation
05-02 17:16:05.924  1150  1179 V WindowManager: Schedule remove starting ActivityRecord{d034b69 u0 com.magin.dongo_chat/.MainActivity t540} startingWindow=Window{f72223a u0 SnapshotStartingWindow for taskId=540} animate=false Callers=com.android.server.wm.ActivityRecord.removeStartingWindow:3450 com.android.server.wm.ActivityRecord.onFirstWindowDrawn:7883 com.android.server.wm.WindowState.performShowLocked:5306 com.android.server.wm.WindowStateAnimator.commitFinishDrawingLocked:280 com.android.server.wm.DisplayContent.lambda$new$8:1293 
05-02 17:16:05.925  1150  1179 V WindowManager: performShowLocked: mDrawState=HAS_DRAWN in Window{c046cce u0 com.magin.dongo_chat/com.magin.dongo_chat.MainActivity}
05-02 17:16:05.985  1150  3597 W PackageConfigPersister: App-specific configuration not found for packageName: com.magin.dongo_chat and userId: 0
05-02 17:16:05.987  1150  3775 D InsetsSourceProvider: updateControlForTarget: control=InsetsSourceControl: {3 mType=ime mSurfacePosition=Point(0, 91) mInsetsHint=Insets{left=0, top=0, right=0, bottom=135}}, target=Window{c046cce u0 com.magin.dongo_chat/com.magin.dongo_chat.MainActivity}, from=com.android.server.wm.ImeInsetsSourceProvider.updateControlForTarget:164 com.android.server.wm.InsetsStateController.onControlTargetChanged:358 com.android.server.wm.InsetsStateController.onImeControlTargetChanged:302 com.android.server.wm.DisplayContent.updateImeControlTarget:5718 com.android.server.wm.DisplayContent.updateImeInputAndControlTarget:5678 
05-02 17:16:06.027  1150  3597 I WindowManager: Reparenting to leash, surface=Surface(name=f72223a SnapshotStartingWindow for taskId=540)/@0xb6703b, leashParent=Surface(name=ActivityRecord{d034b69 u0 com.magin.dongo_chat/.MainActivity t540})/@0xc42da12
05-02 17:16:06.039  1150  1407 D MdnieScenarioControlService:  packageName : com.magin.dongo_chat    className : com.magin.dongo_chat.MainActivity
05-02 17:16:06.185  1150  1179 I WindowManager: Reparenting to original parent: Surface(name=ActivityRecord{d034b69 u0 com.magin.dongo_chat/.MainActivity t540})/@0xc42da12, destroy=true, surface=Surface(name=f72223a SnapshotStartingWindow for taskId=540)/@0xb6703b
05-02 17:16:06.281  1150  1176 D ScreenCurtainController: onForegroundActivitiesChanged: com.magin.dongo_chat
05-02 17:16:06.300  1150  1176 D WindowManager: rotationForOrientation, orientationSource=ActivityRecord{d034b69 u0 com.magin.dongo_chat/.MainActivity t540}
05-02 17:16:06.332  1150  1176 D WindowManager: rotationForOrientation, orientationSource=ActivityRecord{d034b69 u0 com.magin.dongo_chat/.MainActivity t540}
05-02 17:16:06.415  1150  1407 D MdnieScenarioControlService:  packageName : com.magin.dongo_chat    className : com.magin.dongo_chat.MainActivity
05-02 17:16:06.421  1150  1176 D WindowManager: rotationForOrientation, orientationSource=ActivityRecord{d034b69 u0 com.magin.dongo_chat/.MainActivity t540}
05-02 17:16:06.436  1150  1176 D WindowManager: rotationForOrientation, orientationSource=ActivityRecord{d034b69 u0 com.magin.dongo_chat/.MainActivity t540}
05-02 17:16:06.477  1150  1176 D WindowManager: rotationForOrientation, orientationSource=ActivityRecord{d034b69 u0 com.magin.dongo_chat/.MainActivity t540}
05-02 17:16:06.489  1150  1178 D SGM:GameManager: identifyForegroundApp. com.magin.dongo_chat, mCurrentUserId: 0, callerUserId: 0
05-02 17:16:06.489  1150  1178 D SGM:PkgDataHelper: getGamePkgData(). com.magin.dongo_chat
05-02 17:16:06.518  1150  1176 D WindowManager: rotationForOrientation, orientationSource=ActivityRecord{d034b69 u0 com.magin.dongo_chat/.MainActivity t540}
05-02 17:16:10.015  1150  2785 D FreecessController: com.magin.dongo_chat(10491) is important[12]
05-02 17:16:15.020  1150  2785 D FreecessController: com.magin.dongo_chat(10491) is important[12]
05-02 17:16:17.903  1150  3775 D SGM:GameManager: identifyForegroundApp. com.magin.dongo_chat, mCurrentUserId: 0, callerUserId: 0
05-02 17:16:17.903  1150  3775 D SGM:PkgDataHelper: getGamePkgData(). com.magin.dongo_chat
05-02 17:16:20.027  1150  2785 D FreecessController: com.magin.dongo_chat(10491) is important[12]
05-02 17:16:25.033  1150  2785 D FreecessController: com.magin.dongo_chat(10491) is important[12]
05-02 17:16:25.310  1150  4148 I ActivityManager: Force stopping com.magin.dongo_chat appid=10491 user=0: from pid 7753
05-02 17:16:25.312  1150  4148 I ActivityManager: Killing 7020:com.magin.dongo_chat/u0a491 (adj 0): stop com.magin.dongo_chat due to from pid 7753
05-02 17:16:25.320  1150  4148 D ActivityManager: proc ProcessRecord{f2c56d 7020:com.magin.dongo_chat/u0a491} already removed. so we skip next process.
05-02 17:16:25.326  1150  4148 W ActivityTaskManager: Force removing ActivityRecord{d034b69 u0 com.magin.dongo_chat/.MainActivity t540 f}}: app died, no saved state
05-02 17:16:25.328  1150  4148 V WindowManager: Collecting in transition 4197: Task{79749ee #540 type=standard I=com.magin.dongo_chat/.MainActivity}, caller=com.android.server.wm.Transition.collect:759 com.android.server.wm.Transition.collectExistenceChange:942 com.android.server.wm.TransitionController.collectExistenceChange:978 com.android.server.wm.TransitionController.requestCloseTransitionIfNeeded:916 com.android.server.wm.ActivityRecord.handleAppDied:5114 
05-02 17:16:25.329  1150  4148 D WindowManager: prepareSync <SYNC_STATE_WAITING_FOR_DRAW>, mPrepareSyncSeqId=0, win=Window{c046cce u0 com.magin.dongo_chat/com.magin.dongo_chat.MainActivity}
05-02 17:16:25.329  1150  4148 V WindowManager: Collecting in transition 4197: ActivityRecord{d034b69 u0 com.magin.dongo_chat/.MainActivity t540 f}}, caller=com.android.server.wm.Transition.collect:759 com.android.server.wm.TransitionController.collect:928 com.android.server.wm.ActivityRecord.onRemovedFromDisplay:5204 com.android.server.wm.DisplayContent.removeAppToken:1892 com.android.server.wm.ActivityRecord.removeFromHistory:4839 
05-02 17:16:25.330  1687  1783 V WindowManagerShell: Transition requested: android.os.BinderProxy@e9d6876 TransitionRequestInfo { type = CLOSE, triggerTask = TaskInfo{userId=0 taskId=540 displayId=0 isRunning=false baseIntent=Intent { act=android.intent.action.MAIN cat=[android.intent.category.LAUNCHER] flg=0x10200000 cmp=com.magin.dongo_chat/.MainActivity } baseActivity=null topActivity=null origActivity=null realActivity=ComponentInfo{com.magin.dongo_chat/com.magin.dongo_chat.MainActivity} numActivities=0 lastActiveTime=342714648 supportsMultiWindow=true resizeMode=1 isResizeable=true minWidth=-1 minHeight=-1 maxWidth=-1 maxHeight=-1 defaultMinSize=220 token=WCT{android.window.IWindowContainerToken$Stub$Proxy@1d9e77} topActivityType=1 pictureInPictureParams=null shouldDockBigOverlays=false launchIntoPipHostTaskId=-1 lastParentTaskIdBeforePip=-1 displayCutoutSafeInsets=Rect(0, 89 - 0, 0) topActivityInfo=null launchCookies=[android.os.BinderProxy@1b62020] positionInParent=Point(0, 0) parentTaskId=-1 isFocused=true isVisible=true isVisibleRequested=true isSleeping=false topActivityInSizeCompat=false topActivityEligibleForLetterboxEducation= false topActivityLetterboxed= false isFromDoubleTap= false topActivityLetterboxVerticalPosition= -1 topActivityLetterboxHorizontalPosition= -1 topActivityLetterboxWidth=-1 topActivityLetterboxHeight=-1 locusId=null displayAreaFeatureId=1 cameraCompatControlState=hidden originallySupportedMultiWindow=true hasWallpaper=false topActivityInFixedAspectRatio=false rootAffinity=null topActivityInDisplayCompat=false topActivityInBoundsCompat=false topActivityBounds=null singleTapFromLetterbox=false isTopTaskInStage=false CoverLauncherWidgetTask=false CoverScreenTask=false isAllowedSeamlessRotation=false isTopTransparentActivity=true hasPopOver=false}, remoteTransition = null, displayChange = null }
05-02 17:16:25.331  1150  4148 V WindowManager: Changing focus from Window{c046cce u0 com.magin.dongo_chat/com.magin.dongo_chat.MainActivity} to null displayId=0 Callers=com.android.server.wm.RootWindowContainer.updateFocusedWindowLocked:577 com.android.server.wm.WindowManagerService.updateFocusedWindowLocked:6871 com.android.server.wm.ActivityRecord.onRemovedFromDisplay:5252 com.android.server.wm.DisplayContent.removeAppToken:1892 
05-02 17:16:25.349  1150  4148 I AppsFilter: interaction: PackageSetting{f62b7fe com.example.pokerogueoffline/10447} -> PackageSetting{55c5ca9 com.magin.dongo_chat/10491} BLOCKED
05-02 17:16:25.349  1150  4148 I AppsFilter: interaction: PackageSetting{c459ac top.onara.ui/10398} -> PackageSetting{55c5ca9 com.magin.dongo_chat/10491} BLOCKED
05-02 17:16:25.355  1150  3572 D WindowManager: updateSystemBarAttributes: displayId=0, win=Window{acf6a0f u0 com.sec.android.app.launcher/com.sec.android.app.launcher.activities.LauncherActivity}, navColorWin=Window{c046cce u0 com.magin.dongo_chat/com.magin.dongo_chat.MainActivity}, focusedCanBeNavColorWin=false, behavior=2, appearance=0, statusBarAppearanceRegions=[AppearanceRegion{ bounds=[0,0][1080,2340]}], requestedVisibilities=-9, from=com.android.server.wm.DisplayPolicy.focusChangedLw:2937 com.android.server.wm.DisplayContent.updateFocusedWindowLocked:4885 com.android.server.wm.RootWindowContainer.updateFocusedWindowLocked:577 
05-02 17:16:25.370  1150  3775 D SGM:GameManager: identifyForegroundApp. com.magin.dongo_chat, mCurrentUserId: 0, callerUserId: 0
05-02 17:16:25.370  1150  3775 D SGM:PkgDataHelper: getGamePkgData(). com.magin.dongo_chat
05-02 17:16:25.385  1150  1179 V WindowManager: Start calculating TransitionInfo based on participants: {ActivityRecord{73347f u0 com.sec.android.app.launcher/.activities.LauncherActivity t85}, WallpaperWindowToken{396fb62 token=android.os.Binder@59dca2d}, Task{79749ee #540 type=standard I=com.magin.dongo_chat/.MainActivity}, ActivityRecord{d034b69 u0 com.magin.dongo_chat/.MainActivity t540 f} isExiting}}
05-02 17:16:25.385  1150  1179 V WindowManager:   Final targets: [Task{79749ee #540 type=standard I=com.magin.dongo_chat/.MainActivity}, Task{d020d1b #1 type=home}]
05-02 17:16:25.403  1150  1179 V WindowManager:         {WCT{RemoteToken{5378e99 Task{79749ee #540 type=standard I=com.magin.dongo_chat/.MainActivity}}} m=CLOSE f=EDGE_EXTENSION_RESTRICTION leash=Surface(name=Task=540)/@0x2d485e3 sb=Rect(0, 0 - 1080, 2340) eb=Rect(0, 0 - 1080, 2340) d=0 inset=Rect(0, 0 - 0, 0)},
