05-02 17:09:52.474  1150  2291 E WindowManager: win=Window{287a30a u0 com.magin.dongo_chat/com.magin.dongo_chat.MainActivity} destroySurfaces: appStopped=true cleanupOnResume=false win.mWindowRemovalAllowed=false win.mRemoveOnExit=false win.mViewVisibility=8 caller=com.android.server.wm.ActivityRecord.destroySurfaces:6942 com.android.server.wm.ActivityRecord.destroySurfaces:6923 com.android.server.wm.ActivityRecord.activityStopped:7623 com.android.server.wm.ActivityClientController.activityStopped:321 android.app.IActivityClientController$Stub.onTransact:702 com.android.server.wm.ActivityClientController.onTransact:186 android.os.Binder.execTransactInternal:1380 
05-02 17:09:52.474  1150  2291 I WindowManager: Destroying surface Surface(name=com.magin.dongo_chat/com.magin.dongo_chat.MainActivity$_5986)/@0x5ec34e3 called by com.android.server.wm.WindowStateAnimator.destroySurface:799 com.android.server.wm.WindowStateAnimator.destroySurfaceLocked:472 com.android.server.wm.WindowState.destroySurfaceUnchecked:4178 com.android.server.wm.WindowState.destroySurface:4152 com.android.server.wm.ActivityRecord.destroySurfaces:6942 com.android.server.wm.ActivityRecord.destroySurfaces:6923 com.android.server.wm.ActivityRecord.activityStopped:7623 com.android.server.wm.ActivityClientController.activityStopped:321 
05-02 17:09:57.506  1150  2785 D FreecessController: com.magin.dongo_chat(10491) is important[2]
05-02 17:09:58.510  1150  2785 D FreecessController: com.magin.dongo_chat(10491) is important[18]
05-02 17:09:58.593  5986  6277 I NotificationManager: com.magin.dongo_chat: notify(0, FCM-Notification:191805134, Notification(channel=fcm_fallback_notification_channel shortcut=null contentView=null vibrate=null sound=null defaults=0x0 flags=0x10 color=0x00000000 vis=PRIVATE semFlags=0x0 semPriority=0 semMissedCount=0)) as user
05-02 17:09:58.828  1150  1150 D NotificationReminder: addNotificationRecord record com.magin.dongo_chat
05-02 17:10:03.513  1150  2785 D FreecessController: com.magin.dongo_chat(10491) is important[2]
05-02 17:10:03.606  1150  3638 V WindowManager: Collecting in transition 4184: Task{80138dc #538 type=standard I=com.magin.dongo_chat/.MainActivity}, caller=com.android.server.wm.Transition.collect:759 com.android.server.wm.TransitionController.collect:928 com.android.server.wm.ActivityTaskSupervisor.findTaskToMoveToFront:1793 com.android.server.wm.ActivityTaskManagerService.moveTaskToFrontLocked:3072 com.android.server.wm.ActivityTaskSupervisor.startActivityFromRecents:3616 
05-02 17:10:03.606  1150  3638 D WindowManager: prepareSync <SYNC_STATE_WAITING_FOR_DRAW>, mPrepareSyncSeqId=0, win=Window{287a30a u0 com.magin.dongo_chat/com.magin.dongo_chat.MainActivity}
05-02 17:10:03.607  1150  3638 D SGM:FgCheckThread:   sendRunningComponentFocus(), pkgName: com.magin.dongo_chat, userId: 0
05-02 17:10:03.607  1150  1334 D SGM:FgCheckThread: onLooperPrepared(), msg: MSG_TASK_FOCUSED, pkgName: com.magin.dongo_chat, userId: 0
05-02 17:10:03.607  1150  1334 D SGM:FgCheckThread:   handleTaskFocused(), pkgName: com.magin.dongo_chat, userID:0 mResumedPkgMap does not containsKey.
05-02 17:10:03.608  1150  3638 D SGM:FgCheckThread:   sendRunningComponentFocus(), pkgName: com.magin.dongo_chat, userId: 0
05-02 17:10:03.608  1150  1334 D SGM:FgCheckThread: onLooperPrepared(), msg: MSG_TASK_FOCUSED, pkgName: com.magin.dongo_chat, userId: 0
05-02 17:10:03.609  1150  1334 D SGM:FgCheckThread:   handleTaskFocused(), pkgName: com.magin.dongo_chat, userID:0 mResumedPkgMap does not containsKey.
05-02 17:10:03.610  1150  3638 D ActivityTaskManager: Add starting ActivityRecord{321094f u0 com.magin.dongo_chat/.MainActivity t538}: typeParam=94 startingData=com.android.server.wm.SnapshotStartingData@8ac63ec
05-02 17:10:03.610  1150  3638 V WindowManager: Added starting ActivityRecord{321094f u0 com.magin.dongo_chat/.MainActivity t538}: startingWindow=null startingView=com.android.server.wm.StartingSurfaceController$StartingSurface@c60a3b5
05-02 17:10:03.615  1150 12239 I PerProcessNandswap$NandswapMsgHandler: madvise_prefetch for com.magin.dongo_chat
05-02 17:10:03.615  1150  3638 V WindowManager: Collecting in transition 4184: ActivityRecord{321094f u0 com.magin.dongo_chat/.MainActivity t538}, caller=com.android.server.wm.Transition.collect:759 com.android.server.wm.TransitionController.collect:928 com.android.server.wm.ActivityRecord.setVisibility:6338 com.android.server.wm.ActivityRecord.setVisibility:6290 com.android.server.wm.TaskFragment.resumeTopActivity:1730 
05-02 17:10:03.616  1150  3638 V WindowManager: Setting visibility of Window{287a30a u0 com.magin.dongo_chat/com.magin.dongo_chat.MainActivity}: true, caller=com.android.server.wm.WindowContainer.sendAppVisibilityToClients:1301 com.android.server.wm.WindowToken.setClientVisible:446 com.android.server.wm.ActivityRecord.setClientVisible:8111 com.android.server.wm.ActivityRecord.setVisibility:6441 com.android.server.wm.ActivityRecord.setVisibility:6290 
05-02 17:10:03.616  1150  3638 D ActivityTaskManager: scheduleTopResumedActivityChanged, onTop=true, r=ActivityRecord{321094f u0 com.magin.dongo_chat/.MainActivity t538}, caller=com.android.server.wm.ActivityTaskSupervisor.scheduleTopResumedActivityStateIfNeeded:2857 com.android.server.wm.ActivityTaskSupervisor.updateTopResumedActivityIfNeeded:2849 com.android.server.wm.TaskFragment.setResumedActivity:578 com.android.server.wm.TaskFragment.onActivityStateChanged:902 com.android.server.wm.ActivityRecord.setState:6801 com.android.server.wm.TaskFragment.resumeTopActivity:1745 
05-02 17:10:03.617  1150  3638 D WindowManager: rotationForOrientation, orientationSource=ActivityRecord{321094f u0 com.magin.dongo_chat/.MainActivity t538}
05-02 17:10:03.617  1150  3638 D WindowManager: rotationForOrientation, orientationSource=ActivityRecord{321094f u0 com.magin.dongo_chat/.MainActivity t538}
05-02 17:10:03.617  1150  3638 D WindowManager: rotationForOrientation, orientationSource=ActivityRecord{321094f u0 com.magin.dongo_chat/.MainActivity t538}
05-02 17:10:03.618  1687  1783 D WindowManagerShell: onActivityRestartAttempt: ComponentInfo{com.magin.dongo_chat/com.magin.dongo_chat.MainActivity}
05-02 17:10:03.619  1150  3638 V WindowManager: Collecting in transition 4184: ActivityRecord{321094f u0 com.magin.dongo_chat/.MainActivity t538}, caller=com.android.server.wm.Transition.collect:759 com.android.server.wm.TransitionController.collect:928 com.android.server.wm.ActivityRecord.setVisibility:6338 com.android.server.wm.ActivityRecord.setVisibility:6290 com.android.server.wm.ActivityRecord.completeResumeLocked:7385 
05-02 17:10:03.619  1150  3638 D WindowManagerServiceExt: notifyOccludeChangeNotice: cn=ComponentInfo{com.magin.dongo_chat/com.magin.dongo_chat.MainActivity} occludesParent=true isInSplitScreenMode=false styleFloating=false caller=com.android.server.wm.ActivityRecord.completeResumeLocked:7442 com.android.server.wm.TaskFragment.resumeTopActivity:1865 com.android.server.wm.TaskFragment.resumeTopActivity:1385 com.android.server.wm.Task.resumeTopActivityInnerLocked:6476 com.android.server.wm.Task.resumeTopActivityUncheckedLocked:6363 
05-02 17:10:03.621  1150  1178 D SGM:FgCheckThread: noteResumeComponent(), received pkgName: com.magin.dongo_chat, userId: 0
05-02 17:10:03.621  1150  1334 D SGM:FgCheckThread: onLooperPrepared(), msg: MSG_APP_RESUME, pkgName: com.magin.dongo_chat, userid: 0
05-02 17:10:03.622  1150  1334 D SGM:FgCheckThread:   handleResume(). pkgName: com.magin.dongo_chat, userId: 0, isTunableApp: null
05-02 17:10:03.622  1150  1334 D SGM:FgCheckThread: notifyFocusInOut(). of pkg: com.magin.dongo_chat, type: 4, isTunableApp: false, userId: 0
05-02 17:10:03.622  1150  1178 D SGM:GameManager: identifyGamePackage. com.magin.dongo_chat, mCurrentUserId: 0, callerUserId: 0, callingMethodInfo: com.samsung.android.game.SemGameManager.isGamePackage(SemGameManager.java:109)
05-02 17:10:03.622  1150  1178 D SGM:PkgDataHelper: getGamePkgData(). com.magin.dongo_chat
05-02 17:10:03.622  1150  1178 D SGM:SemGameManager: isGamePackage(), pkgName=com.magin.dongo_chat, ret=false
05-02 17:10:03.624  1150  3638 V WindowManager: addWindow: ActivityRecord{321094f u0 com.magin.dongo_chat/.MainActivity t538} startingWindow=Window{ef1d2d8 u0 SnapshotStartingWindow for taskId=538}
05-02 17:10:03.625  1150  1178 I GameSDK@LifeCycle: noteResumeComponent(): package name  : com.magin.dongo_chat
05-02 17:10:03.626  1687  1783 V WindowManagerShell: Transition requested: android.os.BinderProxy@8b14e71 TransitionRequestInfo { type = TO_FRONT, triggerTask = TaskInfo{userId=0 taskId=538 displayId=0 isRunning=true baseIntent=Intent { act=android.intent.action.MAIN cat=[android.intent.category.LAUNCHER] flg=0x30000000 cmp=com.magin.dongo_chat/.MainActivity } baseActivity=ComponentInfo{com.magin.dongo_chat/com.magin.dongo_chat.MainActivity} topActivity=ComponentInfo{com.magin.dongo_chat/com.magin.dongo_chat.MainActivity} origActivity=null realActivity=ComponentInfo{com.magin.dongo_chat/com.magin.dongo_chat.MainActivity} numActivities=1 lastActiveTime=342340997 supportsMultiWindow=true resizeMode=1 isResizeable=true minWidth=-1 minHeight=-1 maxWidth=-1 maxHeight=-1 defaultMinSize=220 token=WCT{android.window.IWindowContainerToken$Stub$Proxy@5cb0456} topActivityType=1 pictureInPictureParams=null shouldDockBigOverlays=false launchIntoPipHostTaskId=-1 lastParentTaskIdBeforePip=-1 displayCutoutSafeInsets=Rect(0, 89 - 0, 0) topActivityInfo=ActivityInfo{3473cd7 com.magin.dongo_chat.MainActivity} launchCookies=[] positionInParent=Point(0, 0) parentTaskId=-1 isFocused=true isVisible=false isVisibleRequested=false isSleeping=false topActivityInSizeCompat=false topActivityEligibleForLetterboxEducation= false topActivityLetterboxed= false isFromDoubleTap= false topActivityLetterboxVerticalPosition= -1 topActivityLetterboxHorizontalPosition= -1 topActivityLetterboxWidth=-1 topActivityLetterboxHeight=-1 locusId=null displayAreaFeatureId=1 cameraCompatControlState=hidden originallySupportedMultiWindow=true hasWallpaper=false topActivityInFixedAspectRatio=false rootAffinity=null topActivityInDisplayCompat=false topActivityInBoundsCompat=false topActivityBounds=null singleTapFromLetterbox=false isTopTaskInStage=false topActivityUiMode=33 CoverLauncherWidgetTask=false CoverScreenTask=false isAllowedSeamlessRotation=false isTopTransparentActivity=false hasPopOver=false}, remoteTransition = RemoteTransition { remoteTransition = android.window.IRemoteTransition$Stub$Proxy@f2899c4, appThread = android.app.IApplicationThread$Stub$Proxy@4bb60ad, debugName = QuickstepLaunch }, displayChange = null }
05-02 17:10:03.639  1150  1179 V WindowManager: Start calculating TransitionInfo based on participants: {ActivityRecord{321094f u0 com.magin.dongo_chat/.MainActivity t538}, WallpaperWindowToken{396fb62 token=android.os.Binder@59dca2d}, ActivityRecord{518e1a7 u0 com.sec.android.app.launcher/com.android.quickstep.RecentsActivity t33}, Task{80138dc #538 type=standard I=com.magin.dongo_chat/.MainActivity}}
05-02 17:10:03.639  1150  1179 V WindowManager:   Final targets: [Task{80138dc #538 type=standard I=com.magin.dongo_chat/.MainActivity}, Task{80e5e9f #33 type=recents I=com.sec.android.app.launcher/com.android.quickstep.RecentsActivity}]
05-02 17:10:03.643  1150  1179 V WindowManager:         {WCT{RemoteToken{8ff5118 Task{80138dc #538 type=standard I=com.magin.dongo_chat/.MainActivity}}} m=TO_FRONT f=MOVE_TO_TOP leash=Surface(name=Task=538)/@0xcf04e8a sb=Rect(0, 0 - 1080, 2340) eb=Rect(0, 0 - 1080, 2340) d=0 dim=true inset=Rect(0, 91 - 0, 42)},
05-02 17:10:03.646  1150  1175 V WindowManager: Sent Transition #4184 createdAt=05-02 17:10:03.605 via request=TransitionRequestInfo { type = TO_FRONT, triggerTask = TaskInfo{userId=0 taskId=538 displayId=0 isRunning=true baseIntent=Intent { act=android.intent.action.MAIN cat=[android.intent.category.LAUNCHER] flg=0x30000000 cmp=com.magin.dongo_chat/.MainActivity } baseActivity=ComponentInfo{com.magin.dongo_chat/com.magin.dongo_chat.MainActivity} topActivity=ComponentInfo{com.magin.dongo_chat/com.magin.dongo_chat.MainActivity} origActivity=null realActivity=ComponentInfo{com.magin.dongo_chat/com.magin.dongo_chat.MainActivity} numActivities=1 lastActiveTime=342340997 supportsMultiWindow=true resizeMode=1 isResizeable=true minWidth=-1 minHeight=-1 maxWidth=-1 maxHeight=-1 defaultMinSize=220 token=WCT{RemoteToken{8ff5118 Task{80138dc #538 type=standard I=com.magin.dongo_chat/.MainActivity}}} topActivityType=1 pictureInPictureParams=null shouldDockBigOverlays=false launchIntoPipHostTaskId=-1 lastParentTaskIdBeforePip=-1 displayCutoutSafeInsets=Rect(0, 89 - 0, 0) topActivityInfo=ActivityInfo{c8cc956 com.magin.dongo_chat.MainActivity} launchCookies=[] positionInParent=Point(0, 0) parentTaskId=-1 isFocused=true isVisible=false isVisibleRequested=false isSleeping=false topActivityInSizeCompat=false topActivityEligibleForLetterboxEducation= false topActivityLetterboxed= false isFromDoubleTap= false topActivityLetterboxVerticalPosition= -1 topActivityLetterboxHorizontalPosition= -1 topActivityLetterboxWidth=-1 topActivityLetterboxHeight=-1 locusId=null displayAreaFeatureId=1 cameraCompatControlState=hidden originallySupportedMultiWindow=true hasWallpaper=false topActivityInFixedAspectRatio=false rootAffinity=null topActivityInDisplayCompat=false topActivityInBoundsCompat=false topActivityBounds=null singleTapFromLetterbox=false isTopTaskInStage=false topActivityUiMode=33 CoverLauncherWidgetTask=false CoverScreenTask=false isAllowedSeamlessRotation=false isTopTransparentActivity=false hasPopOver=false}, remoteTransition = RemoteTransition { remoteTransition = android.window.IRemoteTransition$Stub$Proxy@36cb762, appThread = android.app.IApplicationThread$Stub$Proxy@cf620f3, debugName = QuickstepLaunch }, displayChange = null }
05-02 17:10:03.646  1150  1175 V WindowManager:         {WCT{RemoteToken{8ff5118 Task{80138dc #538 type=standard I=com.magin.dongo_chat/.MainActivity}}} m=TO_FRONT f=MOVE_TO_TOP leash=Surface(name=Task=538)/@0xcf04e8a sb=Rect(0, 0 - 1080, 2340) eb=Rect(0, 0 - 1080, 2340) d=0 dim=true inset=Rect(0, 91 - 0, 42)},
05-02 17:10:03.647  1150  1179 D InsetsSourceProvider: updateControlForTarget: control=InsetsSourceControl: {53e90001 mType=navigationBars initiallyVisible mSurfacePosition=Point(0, 2205) mInsetsHint=Insets{left=0, top=0, right=0, bottom=42}}, target=Window{287a30a u0 com.magin.dongo_chat/com.magin.dongo_chat.MainActivity}, from=com.android.server.wm.InsetsStateController.onControlTargetChanged:358 com.android.server.wm.InsetsStateController.onBarControlTargetChanged:327 com.android.server.wm.InsetsPolicy.updateBarControlTarget:172 com.android.server.wm.InsetsPolicy.updateSystemBars:800 com.android.server.wm.DisplayPolicy.updateSystemBarsLw:3415 
05-02 17:10:03.649  1150  1179 D InsetsSourceProvider: updateControlForTarget: control=InsetsSourceControl: {d8280000 mType=statusBars initiallyVisible mSurfacePosition=Point(0, 0) mInsetsHint=Insets{left=0, top=91, right=0, bottom=0}}, target=Window{287a30a u0 com.magin.dongo_chat/com.magin.dongo_chat.MainActivity}, from=com.android.server.wm.InsetsStateController.onControlTargetChanged:358 com.android.server.wm.InsetsStateController.onBarControlTargetChanged:324 com.android.server.wm.InsetsPolicy.updateBarControlTarget:172 com.android.server.wm.InsetsPolicy.updateSystemBars:800 com.android.server.wm.DisplayPolicy.updateSystemBarsLw:3415 
05-02 17:10:03.649  1150  1179 D WindowManager: updateSystemBarAttributes: displayId=0, win=Window{287a30a u0 com.magin.dongo_chat/com.magin.dongo_chat.MainActivity}, navColorWin=null, focusedCanBeNavColorWin=false, behavior=1, appearance=0, statusBarAppearanceRegions=[AppearanceRegion{ bounds=[0,0][1080,2340]}], requestedVisibilities=-9, from=com.android.server.wm.DisplayPolicy.finishPostLayoutPolicyLw:2310 com.android.server.wm.DisplayContent.applySurfaceChangesTransaction:6121 com.android.server.wm.RootWindowContainer.applySurfaceChangesTransaction:1179 
05-02 17:10:03.652  1150  1176 D SGM:GameManager: identifyGamePackage. com.magin.dongo_chat, mCurrentUserId: 0, callerUserId: 0, callingMethodInfo: com.samsung.android.game.SemGameManager.isGamePackage(SemGameManager.java:109)
05-02 17:10:03.652  1150  1176 D SGM:PkgDataHelper: getGamePkgData(). com.magin.dongo_chat
05-02 17:10:03.652  1150  1176 D SGM:SemGameManager: isGamePackage(), pkgName=com.magin.dongo_chat, ret=false
05-02 17:10:03.652  1150  1176 D MnxbService: onForegroundActivitiesChanged: uid 10491 pid 5986 AppName com.magin.dongo_chat, is game package false
05-02 17:10:03.653  1150  1176 D SGM:GameManager: identifyGamePackage. com.magin.dongo_chat, mCurrentUserId: 0, callerUserId: 0, callingMethodInfo: com.samsung.android.game.SemGameManager.isGamePackage(SemGameManager.java:109)
05-02 17:10:03.653  1150  1176 D SGM:PkgDataHelper: getGamePkgData(). com.magin.dongo_chat
05-02 17:10:03.653  1150  1176 D SGM:SemGameManager: isGamePackage(), pkgName=com.magin.dongo_chat, ret=false
05-02 17:10:03.655  1150  3782 D WindowManager: makeSurface duration=0 name=com.magin.dongo_chat/com.magin.dongo_chat.MainActivity$_5986
05-02 17:10:03.658  1150  3782 V WindowManager: Changing focus from null to Window{287a30a u0 com.magin.dongo_chat/com.magin.dongo_chat.MainActivity} displayId=0 Callers=com.android.server.wm.RootWindowContainer.updateFocusedWindowLocked:577 com.android.server.wm.WindowManagerService.updateFocusedWindowLocked:6871 com.android.server.wm.WindowManagerService.relayoutWindow:2753 com.android.server.wm.Session.relayout:282 
05-02 17:10:03.662  1150  1170 D SGM:GameManager: identifyForegroundApp. com.magin.dongo_chat, mCurrentUserId: 0, callerUserId: 0
05-02 17:10:03.662  1150  1170 D SGM:PkgDataHelper: getGamePkgData(). com.magin.dongo_chat
05-02 17:10:03.668  1150  1170 D SGM:GameManager: identifyGamePackage. com.magin.dongo_chat, mCurrentUserId: 0, callerUserId: 0, callingMethodInfo: com.samsung.android.game.IGameManagerService$Stub.onTransact(IGameManagerService.java:233)
05-02 17:10:03.668  1150  1170 D SGM:PkgDataHelper: getGamePkgData(). com.magin.dongo_chat
05-02 17:10:03.694  1150  2291 D WindowManager: finishDrawingWindow: Window{287a30a u0 com.magin.dongo_chat/com.magin.dongo_chat.MainActivity} mDrawState=DRAW_PENDING seqId=0
05-02 17:10:03.695  1150  1179 V WindowManager: Finish starting ActivityRecord{321094f u0 com.magin.dongo_chat/.MainActivity t538}: first real window is shown, no animation
05-02 17:10:03.695  1150  1179 V WindowManager: Schedule remove starting ActivityRecord{321094f u0 com.magin.dongo_chat/.MainActivity t538} startingWindow=Window{ef1d2d8 u0 SnapshotStartingWindow for taskId=538} animate=false Callers=com.android.server.wm.ActivityRecord.removeStartingWindow:3450 com.android.server.wm.ActivityRecord.onFirstWindowDrawn:7883 com.android.server.wm.WindowState.performShowLocked:5306 com.android.server.wm.WindowStateAnimator.commitFinishDrawingLocked:280 com.android.server.wm.DisplayContent.lambda$new$8:1293 
05-02 17:10:03.696  1150  1179 V WindowManager: performShowLocked: mDrawState=HAS_DRAWN in Window{287a30a u0 com.magin.dongo_chat/com.magin.dongo_chat.MainActivity}
05-02 17:10:03.730  1150  1170 W PackageConfigPersister: App-specific configuration not found for packageName: com.magin.dongo_chat and userId: 0
05-02 17:10:03.731  1150  2291 D InsetsSourceProvider: updateControlForTarget: control=InsetsSourceControl: {3 mType=ime mSurfacePosition=Point(0, 91) mInsetsHint=Insets{left=0, top=0, right=0, bottom=968}}, target=Window{287a30a u0 com.magin.dongo_chat/com.magin.dongo_chat.MainActivity}, from=com.android.server.wm.ImeInsetsSourceProvider.updateControlForTarget:164 com.android.server.wm.InsetsStateController.onControlTargetChanged:358 com.android.server.wm.InsetsStateController.onImeControlTargetChanged:302 com.android.server.wm.DisplayContent.updateImeControlTarget:5718 com.android.server.wm.DisplayContent.updateImeInputAndControlTarget:5678 
05-02 17:10:03.764  1150  1407 D MdnieScenarioControlService:  packageName : com.magin.dongo_chat    className : com.magin.dongo_chat.MainActivity
05-02 17:10:03.797  1150  3590 I WindowManager: Reparenting to leash, surface=Surface(name=ef1d2d8 SnapshotStartingWindow for taskId=538)/@0x3bad956, leashParent=Surface(name=ActivityRecord{321094f u0 com.magin.dongo_chat/.MainActivity t538})/@0xd1950f5
05-02 17:10:03.964  1150  1179 I WindowManager: Reparenting to original parent: Surface(name=ActivityRecord{321094f u0 com.magin.dongo_chat/.MainActivity t538})/@0xd1950f5, destroy=true, surface=Surface(name=ef1d2d8 SnapshotStartingWindow for taskId=538)/@0x3bad956
05-02 17:10:04.015  1150  1176 D ScreenCurtainController: onForegroundActivitiesChanged: com.magin.dongo_chat
05-02 17:10:04.145  1150  1407 D MdnieScenarioControlService:  packageName : com.magin.dongo_chat    className : com.magin.dongo_chat.MainActivity
05-02 17:10:04.231  1150  1178 D SGM:GameManager: identifyForegroundApp. com.magin.dongo_chat, mCurrentUserId: 0, callerUserId: 0
05-02 17:10:04.231  1150  1178 D SGM:PkgDataHelper: getGamePkgData(). com.magin.dongo_chat
05-02 17:10:04.892  1150 12235 I PerProcessNandswap$NandswapHandler: canDoNandswapProcess fail: com.magin.dongo_chat pid:5986 state:0 adj:0
05-02 17:10:06.212  1150  1170 V WindowManager: Transition 4185: Set Task{80138dc #538 type=standard I=com.magin.dongo_chat/.MainActivity} as transient-hidden-task, caller=com.android.server.wm.Transition.$r8$lambda$CjoHzkGzNeU_fFxE5qPacUPUYJY:0 com.android.server.wm.Transition$$ExternalSyntheticLambda1.test:0 com.android.server.wm.Task.forAllTasks:4026 
05-02 17:10:06.213  1150  1170 V WindowManager: Collecting in transition 4185: Task{80138dc #538 type=standard I=com.magin.dongo_chat/.MainActivity}, caller=com.android.server.wm.Transition.collect:759 com.android.server.wm.Transition.lambda$setTransientLaunch$0:462 com.android.server.wm.Transition.$r8$lambda$CjoHzkGzNeU_fFxE5qPacUPUYJY:0 com.android.server.wm.Transition$$ExternalSyntheticLambda1.test:0 com.android.server.wm.Task.forAllTasks:4026 
05-02 17:10:06.215  1150  1170 D ActivityTaskManager: scheduleTopResumedActivityChanged, onTop=false, r=ActivityRecord{321094f u0 com.magin.dongo_chat/.MainActivity t538}, caller=com.android.server.wm.ActivityTaskSupervisor.updateTopResumedActivityIfNeeded:2826 com.android.server.wm.TaskDisplayArea.positionChildTaskAt:567 com.android.server.wm.TaskDisplayArea.positionChildAt:483 com.android.server.wm.WindowContainer.positionChildAt:989 com.android.server.wm.Task.positionChildAt:3297 com.android.server.wm.Task.moveToFront:6056 
05-02 17:10:06.235  1150  2618 V WindowManager: Start calculating TransitionInfo based on participants: {ActivityRecord{73347f u0 com.sec.android.app.launcher/.activities.LauncherActivity t85}, WallpaperWindowToken{396fb62 token=android.os.Binder@59dca2d}, Task{70f0495 #85 type=home I=com.sec.android.app.launcher/.activities.LauncherActivity}, Task{80138dc #538 type=standard I=com.magin.dongo_chat/.MainActivity}, TransientLaunchOverlayToken{94e13ab token=android.os.BinderProxy@4e661fa}, Task{d020d1b #1 type=home}}
05-02 17:10:06.235  1150  2618 V WindowManager:   Final targets: [TransientLaunchOverlayToken{94e13ab token=android.os.BinderProxy@4e661fa}, Task{d020d1b #1 type=home}, Task{80138dc #538 type=standard I=com.magin.dongo_chat/.MainActivity}]
05-02 17:10:06.238  1150  2618 V WindowManager:         {WCT{RemoteToken{8ff5118 Task{80138dc #538 type=standard I=com.magin.dongo_chat/.MainActivity}}} m=TO_BACK f=EDGE_EXTENSION_RESTRICTION leash=Surface(name=Task=538)/@0xcf04e8a sb=Rect(0, 0 - 1080, 2340) eb=Rect(0, 0 - 1080, 2340) d=0 dim=true inset=Rect(0, 91 - 0, 42)}
05-02 17:10:06.239  1150  1175 V WindowManager:         {WCT{RemoteToken{8ff5118 Task{80138dc #538 type=standard I=com.magin.dongo_chat/.MainActivity}}} m=TO_BACK f=EDGE_EXTENSION_RESTRICTION leash=Surface(name=Task=538)/@0xcf04e8a sb=Rect(0, 0 - 1080, 2340) eb=Rect(0, 0 - 1080, 2340) d=0 dim=true inset=Rect(0, 91 - 0, 42)}
05-02 17:10:06.245  1150  1176 D WindowManager: requestTransientBars: swipeTarget=Window{242b631 u0 NavigationBar0}, controlTarget=Window{287a30a u0 com.magin.dongo_chat/com.magin.dongo_chat.MainActivity}, canShowTransient=false, restorePositionTypes=0x3, from=com.android.server.wm.DisplayPolicy$1.onSwipeFromBottom:596 com.android.server.wm.SystemGesturesPointerEventListener.onPointerEvent:269 
05-02 17:10:06.277  1150  1170 V WindowManager: Changing focus from Window{287a30a u0 com.magin.dongo_chat/com.magin.dongo_chat.MainActivity} to Window{acf6a0f u0 com.sec.android.app.launcher/com.sec.android.app.launcher.activities.LauncherActivity} displayId=0 Callers=com.android.server.wm.RootWindowContainer.updateFocusedWindowLocked:577 com.android.server.wm.WindowManagerService.updateFocusedWindowLocked:6871 com.android.server.wm.ActivityTaskManagerService.setLastResumedActivityUncheckLocked:6123 com.android.server.wm.ActivityTaskManagerService.setFocusedTask:2769 
05-02 17:10:06.279  1150  1170 D WindowManager: updateSystemBarAttributes: displayId=0, win=Window{acf6a0f u0 com.sec.android.app.launcher/com.sec.android.app.launcher.activities.LauncherActivity}, navColorWin=Window{287a30a u0 com.magin.dongo_chat/com.magin.dongo_chat.MainActivity}, focusedCanBeNavColorWin=false, behavior=2, appearance=0, statusBarAppearanceRegions=[AppearanceRegion{ bounds=[0,0][1080,2340]}], requestedVisibilities=-9, from=com.android.server.wm.DisplayPolicy.focusChangedLw:2937 com.android.server.wm.DisplayContent.updateFocusedWindowLocked:4885 com.android.server.wm.RootWindowContainer.updateFocusedWindowLocked:577 
05-02 17:10:07.032  1150  3590 V WindowManager: Setting visibility of Window{287a30a u0 com.magin.dongo_chat/com.magin.dongo_chat.MainActivity}: false, caller=com.android.server.wm.WindowContainer.sendAppVisibilityToClients:1301 com.android.server.wm.WindowToken.setClientVisible:446 com.android.server.wm.ActivityRecord.setClientVisible:8111 com.android.server.wm.ActivityRecord.postApplyAnimation:6675 com.android.server.wm.ActivityRecord.commitVisibility:6618 
05-02 17:10:07.164  1150  1178 D SGM:FgCheckThread: notePauseComponent(), received pkgName: com.magin.dongo_chat, userId: 0
05-02 17:10:07.185  1150  2291 E WindowManager: win=Window{287a30a u0 com.magin.dongo_chat/com.magin.dongo_chat.MainActivity} destroySurfaces: appStopped=true cleanupOnResume=false win.mWindowRemovalAllowed=false win.mRemoveOnExit=false win.mViewVisibility=8 caller=com.android.server.wm.ActivityRecord.destroySurfaces:6942 com.android.server.wm.ActivityRecord.destroySurfaces:6923 com.android.server.wm.ActivityRecord.activityStopped:7623 com.android.server.wm.ActivityClientController.activityStopped:321 android.app.IActivityClientController$Stub.onTransact:702 com.android.server.wm.ActivityClientController.onTransact:186 android.os.Binder.execTransactInternal:1380 
05-02 17:10:07.185  1150  2291 I WindowManager: Destroying surface Surface(name=com.magin.dongo_chat/com.magin.dongo_chat.MainActivity$_5986)/@0x2c1384 called by com.android.server.wm.WindowStateAnimator.destroySurface:799 com.android.server.wm.WindowStateAnimator.destroySurfaceLocked:472 com.android.server.wm.WindowState.destroySurfaceUnchecked:4178 com.android.server.wm.WindowState.destroySurface:4152 com.android.server.wm.ActivityRecord.destroySurfaces:6942 com.android.server.wm.ActivityRecord.destroySurfaces:6923 com.android.server.wm.ActivityRecord.activityStopped:7623 com.android.server.wm.ActivityClientController.activityStopped:321 
05-02 17:10:07.953  1150  1178 I ActivityManager: Killing 5986:com.magin.dongo_chat/u0a491 (adj 905): remove task
05-02 17:10:07.953  1150  1178 D ActivityManager: [SD] user menu kill listen remove action name:com.magin.dongo_chat uid:10491
05-02 17:10:08.107  1150  2291 I WindowManager: WIN DEATH: Window{287a30a u0 com.magin.dongo_chat/com.magin.dongo_chat.MainActivity}
05-02 17:10:08.108  1150  2291 V WindowManager: Remove Window{287a30a u0 com.magin.dongo_chat/com.magin.dongo_chat.MainActivity}: mSurfaceController=null mAnimatingExit=false mRemoveOnExit=false mHasSurface=false surfaceShowing=false animating=false app-animation=false mDisplayFrozen=false callers=com.android.server.wm.WindowState$DeathRecipient.binderDied:3663 android.os.IBinder$DeathRecipient.binderDied:325 android.os.BinderProxy.sendDeathNotice:781 <bottom of call stack> <bottom of call stack> <bottom of call stack> 
05-02 17:10:08.122  1150  1183 W UsageStatsService: Unexpected activity event reported! (com.magin.dongo_chat/com.magin.dongo_chat.MainActivity event : 23 instanceId : 234909157)
05-02 17:10:08.989  1150  1542 I Pageboost: start alp : com.magin.dongo_chat
05-02 17:10:08.990  1150  1548 I Pageboost: alp for : com.magin.dongo_chat , 0
05-02 17:10:08.999  1687  1831 D ShellStartingWindow: preload Icon com.magin.dongo_chat
05-02 17:10:09.013  1150  1185 I ActivityManager: Start proc 7020:com.magin.dongo_chat/u0a491 for activelaunch {com.magin.dongo_chat/com.magin.dongo_chat.MainActivity}
05-02 17:10:09.034  1150  1572 I Pageboost: onAppLaunch : com.magin.dongo_chat
05-02 17:10:09.037  1150  1572 V WindowManager: Collecting in transition 4188: ActivityRecord{d034b69 u0 com.magin.dongo_chat/.MainActivity, caller=com.android.server.wm.Transition.collect:759 com.android.server.wm.TransitionController.collect:928 com.android.server.wm.ActivityStarter.startActivityUnchecked:2376 com.android.server.wm.ActivityStarter.executeRequest:1953 com.android.server.wm.ActivityStarter.execute:1093 
05-02 17:10:09.037  1150  1572 D ActivityTaskManager: TaskLaunchParamsModifier:task=null activity=ActivityRecord{d034b69 u0 com.magin.dongo_chat/.MainActivity t-1} display-from-option=0 display-id=0 task-display-area-windowing-mode=1 suggested-display-area=DefaultTaskDisplayArea_d0@123887482
05-02 17:10:09.037  1150  1572 D ActivityTaskManager: TaskLaunchParamsModifier:task=null activity=ActivityRecord{d034b69 u0 com.magin.dongo_chat/.MainActivity t-1} display-from-option=0 display-id=0 task-display-area-windowing-mode=1 suggested-display-area=DefaultTaskDisplayArea_d0@123887482 inherit-from-source=fullscreen non-freeform-task-display-area display-area=DefaultTaskDisplayArea_d0@123887482 default-portrait freeform-size-mismatch=Rect(81, 609 - 999, 1779)
05-02 17:10:09.039  1150  1572 D ActivityTaskManager: TaskLaunchParamsModifier:task=Task{79749ee #540 type=standard I=com.magin.dongo_chat/.MainActivity} activity=ActivityRecord{d034b69 u0 com.magin.dongo_chat/.MainActivity t-1} display-from-option=0 display-id=0 task-display-area-windowing-mode=1 suggested-display-area=DefaultTaskDisplayArea_d0@123887482 inherit-from-source=fullscreen non-freeform-task-display-area display-area=DefaultTaskDisplayArea_d0@123887482 default-portrait freeform-size-mismatch=Rect(81, 609 - 999, 1779)
05-02 17:10:09.039  1150  1572 V WindowManager: Collecting in transition 4188: Task{79749ee #540 type=standard I=com.magin.dongo_chat/.MainActivity}, caller=com.android.server.wm.Transition.collect:759 com.android.server.wm.Transition.collectExistenceChange:942 com.android.server.wm.TransitionController.collectExistenceChange:978 com.android.server.wm.ActivityStarter.setNewTask:4727 com.android.server.wm.ActivityStarter.startActivityInner:2944 
05-02 17:10:09.042  1150  1572 D ActivityTaskManager: Add starting ActivityRecord{d034b69 u0 com.magin.dongo_chat/.MainActivity t540}: typeParam=139 startingData=com.android.server.wm.SplashScreenStartingData@7fe951c
05-02 17:10:09.042  1150  1572 V WindowManager: Added starting ActivityRecord{d034b69 u0 com.magin.dongo_chat/.MainActivity t540}: startingWindow=null startingView=com.android.server.wm.StartingSurfaceController$StartingSurface@87c3525
05-02 17:10:09.043  1150  1572 V WindowManager: Collecting in transition 4188: ActivityRecord{d034b69 u0 com.magin.dongo_chat/.MainActivity t540}, caller=com.android.server.wm.Transition.collect:759 com.android.server.wm.Transition.collectExistenceChange:942 com.android.server.wm.TransitionController.collectExistenceChange:978 com.android.server.wm.ActivityStarter.handleStartResult:2557 com.android.server.wm.ActivityStarter.startActivityUnchecked:2384 
05-02 17:10:09.044  1150  1572 I ActivityTaskManager: START u0 {act=android.intent.action.MAIN cat=[android.intent.category.LAUNCHER] flg=0x10200000 cmp=com.magin.dongo_chat/.MainActivity bnds=[289,1204][540,1517]} with LAUNCH_SINGLE_TOP from uid 10139 (BAL_ALLOW_ALLOWLISTED_COMPONENT) result code=0
05-02 17:10:09.044  1687  1783 V WindowManagerShell: Transition requested: android.os.BinderProxy@37b8f03 TransitionRequestInfo { type = OPEN, triggerTask = TaskInfo{userId=0 taskId=540 displayId=0 isRunning=true baseIntent=Intent { act=android.intent.action.MAIN cat=[android.intent.category.LAUNCHER] flg=0x10200000 cmp=com.magin.dongo_chat/.MainActivity } baseActivity=ComponentInfo{com.magin.dongo_chat/com.magin.dongo_chat.MainActivity} topActivity=ComponentInfo{com.magin.dongo_chat/com.magin.dongo_chat.MainActivity} origActivity=null realActivity=ComponentInfo{com.magin.dongo_chat/com.magin.dongo_chat.MainActivity} numActivities=1 lastActiveTime=342357816 supportsMultiWindow=true resizeMode=1 isResizeable=true minWidth=-1 minHeight=-1 maxWidth=-1 maxHeight=-1 defaultMinSize=220 token=WCT{android.window.IWindowContainerToken$Stub$Proxy@80fe80} topActivityType=1 pictureInPictureParams=null shouldDockBigOverlays=false launchIntoPipHostTaskId=-1 lastParentTaskIdBeforePip=-1 displayCutoutSafeInsets=Rect(0, 89 - 0, 0) topActivityInfo=ActivityInfo{b778cb9 com.magin.dongo_chat.MainActivity} launchCookies=[android.os.BinderProxy@edd78fe] positionInParent=Point(0, 0) parentTaskId=-1 isFocused=false isVisible=false isVisibleRequested=false isSleeping=false topActivityInSizeCompat=false topActivityEligibleForLetterboxEducation= false topActivityLetterboxed= false isFromDoubleTap= false topActivityLetterboxVerticalPosition= -1 topActivityLetterboxHorizontalPosition= -1 topActivityLetterboxWidth=-1 topActivityLetterboxHeight=-1 locusId=null displayAreaFeatureId=1 cameraCompatControlState=hidden originallySupportedMultiWindow=true hasWallpaper=false topActivityInFixedAspectRatio=false rootAffinity=null topActivityInDisplayCompat=false topActivityInBoundsCompat=false topActivityBounds=null singleTapFromLetterbox=false isTopTaskInStage=false topActivityUiMode=33 CoverLauncherWidgetTask=false CoverScreenTask=false isAllowedSeamlessRotation=false isTopTransparentActivity=false hasPopOver=false}, remoteTransition = RemoteTransition { remoteTransition = android.window.IRemoteTransition$Stub$Proxy@19e185f, appThread = android.app.IApplicationThread$Stub$Proxy@43782ac, debugName = QuickstepLaunch }, displayChange = null }
05-02 17:10:09.047  1150  1572 V WindowManager: Collecting in transition 4188: ActivityRecord{d034b69 u0 com.magin.dongo_chat/.MainActivity t540}, caller=com.android.server.wm.Transition.collect:759 com.android.server.wm.TransitionController.collect:928 com.android.server.wm.ActivityRecord.setVisibility:6338 com.android.server.wm.ActivityRecord.setVisibility:6290 com.android.server.wm.EnsureActivitiesVisibleHelper.makeVisibleAndRestartIfNeeded:335 
05-02 17:10:09.052  1150  3572 D WindowManager: prepareSync <SYNC_STATE_WAITING_FOR_DRAW>, mPrepareSyncSeqId=0, win=Window{ede708 u0 Splash Screen com.magin.dongo_chat}
05-02 17:10:09.052  1150  3572 V WindowManager: addWindow: ActivityRecord{d034b69 u0 com.magin.dongo_chat/.MainActivity t540} startingWindow=Window{ede708 u0 Splash Screen com.magin.dongo_chat}
05-02 17:10:09.053  1150  3572 D WindowManager: rotationForOrientation, orientationSource=ActivityRecord{d034b69 u0 com.magin.dongo_chat/.MainActivity t540}
05-02 17:10:09.053  1150  3572 D WindowManager: rotationForOrientation, orientationSource=ActivityRecord{d034b69 u0 com.magin.dongo_chat/.MainActivity t540}
05-02 17:10:09.066  1150  3592 D CoreBackPreview: Window{ede708 u0 Splash Screen com.magin.dongo_chat}: Setting back callback OnBackInvokedCallbackInfo{mCallback=android.window.IOnBackInvokedCallback$Stub$Proxy@1e98b86, mPriority=0, mIsAnimationCallback=false}
05-02 17:10:09.067  1150  1257 D WindowManager: makeSurface duration=1 name=Splash Screen com.magin.dongo_chat$_1687
05-02 17:10:09.068  1150  1257 D WindowManager: rotationForOrientation, orientationSource=ActivityRecord{d034b69 u0 com.magin.dongo_chat/.MainActivity t540}
05-02 17:10:09.070  1150  1572 D WindowManager: rotationForOrientation, orientationSource=ActivityRecord{d034b69 u0 com.magin.dongo_chat/.MainActivity t540}
05-02 17:10:09.070  1150  1572 D WindowManager: rotationForOrientation, orientationSource=ActivityRecord{d034b69 u0 com.magin.dongo_chat/.MainActivity t540}
05-02 17:10:09.071  1150  1572 D WindowManager: rotationForOrientation, orientationSource=ActivityRecord{d034b69 u0 com.magin.dongo_chat/.MainActivity t540}
05-02 17:10:09.071  1150  1572 V WindowManager: Collecting in transition 4188: ActivityRecord{d034b69 u0 com.magin.dongo_chat/.MainActivity t540}, caller=com.android.server.wm.Transition.collect:759 com.android.server.wm.TransitionController.collect:928 com.android.server.wm.ActivityRecord.setVisibility:6338 com.android.server.wm.ActivityRecord.setVisibility:6290 com.android.server.wm.ActivityTaskSupervisor.realStartActivityLocked:941 
05-02 17:10:09.072  1150  1572 D SGM:PkgDataHelper: notifyAppCreate(), pkgName: com.magin.dongo_chat, userId: 0, sendRet: true
05-02 17:10:09.072  1150  1572 D SGM:FgCheckThread:   sendRunningComponentFocus(), pkgName: com.magin.dongo_chat, userId: 0
05-02 17:10:09.073  1150  1572 D SGM:FgCheckThread:   sendRunningComponentFocus(), pkgName: com.magin.dongo_chat, userId: 0
05-02 17:10:09.073  1150  1572 D ActivityTaskManager: scheduleTopResumedActivityChanged, onTop=true, r=ActivityRecord{d034b69 u0 com.magin.dongo_chat/.MainActivity t540}, caller=com.android.server.wm.ActivityTaskSupervisor.scheduleTopResumedActivityStateIfNeeded:2857 com.android.server.wm.ActivityTaskSupervisor.updateTopResumedActivityIfNeeded:2849 com.android.server.wm.TaskFragment.setResumedActivity:578 com.android.server.wm.TaskFragment.onActivityStateChanged:902 com.android.server.wm.ActivityRecord.setState:6801 com.android.server.wm.Task.minimalResumeActivityLocked:6171 
05-02 17:10:09.073  1150  1572 V WindowManager: Collecting in transition 4188: ActivityRecord{d034b69 u0 com.magin.dongo_chat/.MainActivity t540}, caller=com.android.server.wm.Transition.collect:759 com.android.server.wm.TransitionController.collect:928 com.android.server.wm.ActivityRecord.setVisibility:6338 com.android.server.wm.ActivityRecord.setVisibility:6290 com.android.server.wm.ActivityRecord.completeResumeLocked:7385 
05-02 17:10:09.074  1150  1572 D WindowManagerServiceExt: notifyOccludeChangeNotice: cn=ComponentInfo{com.magin.dongo_chat/com.magin.dongo_chat.MainActivity} occludesParent=true isInSplitScreenMode=false styleFloating=false caller=com.android.server.wm.ActivityRecord.completeResumeLocked:7442 com.android.server.wm.Task.minimalResumeActivityLocked:6172 com.android.server.wm.ActivityTaskSupervisor.realStartActivityLocked:1158 com.android.server.wm.RootWindowContainer$AttachApplicationHelper.test:4325 com.android.server.wm.RootWindowContainer$AttachApplicationHelper.test:4261 
05-02 17:10:09.075  1150  1179 D WindowManager: SyncGroup 4188:  Unfinished container: ActivityRecord{d034b69 u0 com.magin.dongo_chat/.MainActivity t540} mSyncState=2
05-02 17:10:09.083  1150  1178 D SGM:FgCheckThread: noteResumeComponent(), received pkgName: com.magin.dongo_chat, userId: 0
05-02 17:10:09.083  1150  1334 D SGM:FgCheckThread: onLooperPrepared(), msg: MSG_APP_CREATE, pkgName: com.magin.dongo_chat, userId: 0
05-02 17:10:09.083  1150  1334 D SGM:FgCheckThread: onLooperPrepared(), msg: MSG_TASK_FOCUSED, pkgName: com.magin.dongo_chat, userId: 0
05-02 17:10:09.083  1150  1334 D SGM:FgCheckThread:   handleTaskFocused(), pkgName: com.magin.dongo_chat, userID:0
05-02 17:10:09.083  1150  1334 D SGM:FgCheckThread:   handleResume(). pkgName: com.magin.dongo_chat, userId: 0, isTunableApp: null
05-02 17:10:09.083  1150  1334 D SGM:FgCheckThread: notifyFocusInOut(). of pkg: com.magin.dongo_chat, type: 4, isTunableApp: false, userId: 0
05-02 17:10:09.084  1150  1178 D SGM:GameManager: identifyGamePackage. com.magin.dongo_chat, mCurrentUserId: 0, callerUserId: 0, callingMethodInfo: com.samsung.android.game.SemGameManager.isGamePackage(SemGameManager.java:109)
05-02 17:10:09.084  1150  1178 D SGM:PkgDataHelper: getGamePkgData(). com.magin.dongo_chat
05-02 17:10:09.084  1150  1178 D SGM:SemGameManager: isGamePackage(), pkgName=com.magin.dongo_chat, ret=false
05-02 17:10:09.086  1150  1572 D WindowManager: finishDrawingWindow: Window{ede708 u0 Splash Screen com.magin.dongo_chat} mDrawState=DRAW_PENDING seqId=0
05-02 17:10:09.086  1150  1572 V WindowManager: Finishing drawing window Window{ede708 u0 Splash Screen com.magin.dongo_chat}: mDrawState=DRAW_PENDING
05-02 17:10:09.086  1150  1572 V WindowManager: Draw state now committed in Window{ede708 u0 Splash Screen com.magin.dongo_chat}
05-02 17:10:09.088  1150  1179 V WindowManager: performShowLocked: mDrawState=HAS_DRAWN in Window{ede708 u0 Splash Screen com.magin.dongo_chat}
05-02 17:10:09.088  1150  1179 V WindowManager: Start calculating TransitionInfo based on participants: {ActivityRecord{73347f u0 com.sec.android.app.launcher/.activities.LauncherActivity t85}, WallpaperWindowToken{396fb62 token=android.os.Binder@59dca2d}, Task{79749ee #540 type=standard I=com.magin.dongo_chat/.MainActivity}, ActivityRecord{d034b69 u0 com.magin.dongo_chat/.MainActivity t540}}
05-02 17:10:09.088  1150  1179 V WindowManager:   Final targets: [Task{79749ee #540 type=standard I=com.magin.dongo_chat/.MainActivity}, Task{d020d1b #1 type=home}]
05-02 17:10:09.089  1150  1179 V WindowManager:         {WCT{RemoteToken{5378e99 Task{79749ee #540 type=standard I=com.magin.dongo_chat/.MainActivity}}} m=OPEN f=NONE leash=Surface(name=Task=540)/@0x2d485e3 sb=Rect(0, 0 - 1080, 2340) eb=Rect(0, 0 - 1080, 2340) d=0 dim=true inset=Rect(0, 91 - 0, 42)},
05-02 17:10:09.092  1150  1175 V WindowManager: Sent Transition #4188 createdAt=05-02 17:10:09.037 via request=TransitionRequestInfo { type = OPEN, triggerTask = TaskInfo{userId=0 taskId=540 displayId=0 isRunning=true baseIntent=Intent { act=android.intent.action.MAIN cat=[android.intent.category.LAUNCHER] flg=0x10200000 cmp=com.magin.dongo_chat/.MainActivity } baseActivity=ComponentInfo{com.magin.dongo_chat/com.magin.dongo_chat.MainActivity} topActivity=ComponentInfo{com.magin.dongo_chat/com.magin.dongo_chat.MainActivity} origActivity=null realActivity=ComponentInfo{com.magin.dongo_chat/com.magin.dongo_chat.MainActivity} numActivities=1 lastActiveTime=342357816 supportsMultiWindow=true resizeMode=1 isResizeable=true minWidth=-1 minHeight=-1 maxWidth=-1 maxHeight=-1 defaultMinSize=220 token=WCT{RemoteToken{5378e99 Task{79749ee #540 type=standard I=com.magin.dongo_chat/.MainActivity}}} topActivityType=1 pictureInPictureParams=null shouldDockBigOverlays=false launchIntoPipHostTaskId=-1 lastParentTaskIdBeforePip=-1 displayCutoutSafeInsets=Rect(0, 89 - 0, 0) topActivityInfo=ActivityInfo{970855e com.magin.dongo_chat.MainActivity} launchCookies=[android.os.BinderProxy@23f9d3f] positionInParent=Point(0, 0) parentTaskId=-1 isFocused=false isVisible=false isVisibleRequested=false isSleeping=false topActivityInSizeCompat=false topActivityEligibleForLetterboxEducation= false topActivityLetterboxed= false isFromDoubleTap= false topActivityLetterboxVerticalPosition= -1 topActivityLetterboxHorizontalPosition= -1 topActivityLetterboxWidth=-1 topActivityLetterboxHeight=-1 locusId=null displayAreaFeatureId=1 cameraCompatControlState=hidden originallySupportedMultiWindow=true hasWallpaper=false topActivityInFixedAspectRatio=false rootAffinity=null topActivityInDisplayCompat=false topActivityInBoundsCompat=false topActivityBounds=null singleTapFromLetterbox=false isTopTaskInStage=false topActivityUiMode=33 CoverLauncherWidgetTask=false CoverScreenTask=false isAllowedSeamlessRotation=false isTopTransparentActivity=false hasPopOver=false}, remoteTransition = RemoteTransition { remoteTransition = android.window.IRemoteTransition$Stub$Proxy@4b9560c, appThread = android.app.IApplicationThread$Stub$Proxy@4697b55, debugName = QuickstepLaunch }, displayChange = null }
05-02 17:10:09.092  1150  1175 V WindowManager:         {WCT{RemoteToken{5378e99 Task{79749ee #540 type=standard I=com.magin.dongo_chat/.MainActivity}}} m=OPEN f=NONE leash=Surface(name=Task=540)/@0x2d485e3 sb=Rect(0, 0 - 1080, 2340) eb=Rect(0, 0 - 1080, 2340) d=0 dim=true inset=Rect(0, 91 - 0, 42)},
05-02 17:10:09.096  1150  1178 I GameSDK@LifeCycle: noteResumeComponent(): package name  : com.magin.dongo_chat
05-02 17:10:09.101  1150  1176 D SGM:GameManager: identifyGamePackage. com.magin.dongo_chat, mCurrentUserId: 0, callerUserId: 0, callingMethodInfo: com.samsung.android.game.SemGameManager.isGamePackage(SemGameManager.java:109)
05-02 17:10:09.103  1150  1176 D SGM:PkgDataHelper: getGamePkgData(). com.magin.dongo_chat
05-02 17:10:09.103  1150  1176 D SGM:SemGameManager: isGamePackage(), pkgName=com.magin.dongo_chat, ret=false
05-02 17:10:09.103  1150  1176 D MnxbService: onForegroundActivitiesChanged: uid 10491 pid 7020 AppName com.magin.dongo_chat, is game package false
05-02 17:10:09.105  1150  1176 D SGM:GameManager: identifyGamePackage. com.magin.dongo_chat, mCurrentUserId: 0, callerUserId: 0, callingMethodInfo: com.samsung.android.game.SemGameManager.isGamePackage(SemGameManager.java:109)
05-02 17:10:09.105  1150  1176 D SGM:PkgDataHelper: getGamePkgData(). com.magin.dongo_chat
05-02 17:10:09.105  1150  1176 D SGM:SemGameManager: isGamePackage(), pkgName=com.magin.dongo_chat, ret=false
05-02 17:10:09.230  1150  1407 D MdnieScenarioControlService:  packageName : com.magin.dongo_chat    className : com.magin.dongo_chat.MainActivity
05-02 17:10:09.357  1150  1179 D InsetsSourceProvider: updateControlForTarget: control=InsetsSourceControl: {53e90001 mType=navigationBars initiallyVisible mSurfacePosition=Point(0, 2205) mInsetsHint=Insets{left=0, top=0, right=0, bottom=42}}, target=Window{ede708 u0 Splash Screen com.magin.dongo_chat}, from=com.android.server.wm.InsetsStateController.onControlTargetChanged:358 com.android.server.wm.InsetsStateController.onBarControlTargetChanged:327 com.android.server.wm.InsetsPolicy.updateBarControlTarget:172 com.android.server.wm.InsetsPolicy.updateSystemBars:800 com.android.server.wm.DisplayPolicy.updateSystemBarsLw:3415 
05-02 17:10:09.358  1150  1179 D InsetsSourceProvider: updateControlForTarget: control=InsetsSourceControl: {d8280000 mType=statusBars initiallyVisible mSurfacePosition=Point(0, 0) mInsetsHint=Insets{left=0, top=91, right=0, bottom=0}}, target=Window{ede708 u0 Splash Screen com.magin.dongo_chat}, from=com.android.server.wm.InsetsStateController.onControlTargetChanged:358 com.android.server.wm.InsetsStateController.onBarControlTargetChanged:324 com.android.server.wm.InsetsPolicy.updateBarControlTarget:172 com.android.server.wm.InsetsPolicy.updateSystemBars:800 com.android.server.wm.DisplayPolicy.updateSystemBarsLw:3415 
05-02 17:10:09.359  1150  1179 D WindowManager: updateSystemBarAttributes: displayId=0, win=Window{ede708 u0 Splash Screen com.magin.dongo_chat}, navColorWin=Window{ede708 u0 Splash Screen com.magin.dongo_chat}, focusedCanBeNavColorWin=false, behavior=1, appearance=0, statusBarAppearanceRegions=[AppearanceRegion{ bounds=[0,0][1080,2340]}], requestedVisibilities=-9, from=com.android.server.wm.DisplayPolicy.finishPostLayoutPolicyLw:2310 com.android.server.wm.DisplayContent.applySurfaceChangesTransaction:6121 com.android.server.wm.RootWindowContainer.applySurfaceChangesTransaction:1179 
05-02 17:10:09.837  1150  1572 I AppsFilter: interaction: PackageSetting{256fe25 com.magin.dongo_chat/10491} -> PackageSetting{758deeb com.google.android.inputmethod.latin/10465} BLOCKED
05-02 17:10:10.091  1150  3592 D CoreBackPreview: Window{c046cce u0 com.magin.dongo_chat/com.magin.dongo_chat.MainActivity}: Setting back callback OnBackInvokedCallbackInfo{mCallback=android.window.IOnBackInvokedCallback$Stub$Proxy@30eb1f5, mPriority=0, mIsAnimationCallback=false}
05-02 17:10:10.093  1150  3592 D WindowManager: makeSurface duration=1 name=com.magin.dongo_chat/com.magin.dongo_chat.MainActivity$_7020
05-02 17:10:10.094  1150  3592 V WindowManager: Changing focus from null to Window{c046cce u0 com.magin.dongo_chat/com.magin.dongo_chat.MainActivity} displayId=0 Callers=com.android.server.wm.RootWindowContainer.updateFocusedWindowLocked:577 com.android.server.wm.WindowManagerService.updateFocusedWindowLocked:6871 com.android.server.wm.WindowManagerService.relayoutWindow:2753 com.android.server.wm.Session.relayout:282 
05-02 17:10:10.096  1150  3592 D InsetsSourceProvider: updateControlForTarget: control=InsetsSourceControl: {53e90001 mType=navigationBars initiallyVisible mSurfacePosition=Point(0, 2205) mInsetsHint=Insets{left=0, top=0, right=0, bottom=42}}, target=Window{c046cce u0 com.magin.dongo_chat/com.magin.dongo_chat.MainActivity}, from=com.android.server.wm.InsetsStateController.onControlTargetChanged:358 com.android.server.wm.InsetsStateController.onBarControlTargetChanged:327 com.android.server.wm.InsetsPolicy.updateBarControlTarget:172 com.android.server.wm.InsetsPolicy.updateSystemBars:800 com.android.server.wm.DisplayPolicy.updateSystemBarsLw:3415 
